Archive member included to satisfy reference by file (symbol)

C:\AVR\MyProjects\MyRobot_000\MyRobot_000\ArduinoCore\Debug\libArduinoCore.a(HardwareSerial.o)
                              Main.o (_ZN14HardwareSerial9availableEv)
C:\AVR\MyProjects\MyRobot_000\MyRobot_000\ArduinoCore\Debug\libArduinoCore.a(HardwareSerial0.o)
                              Main.o (Serial)
C:\AVR\MyProjects\MyRobot_000\MyRobot_000\ArduinoCore\Debug\libArduinoCore.a(main.o)
                              C:/Program Files (x86)/Atmel/Studio/7.0/Packs/atmel/ATmega_DFP/1.1.130/gcc/dev/atmega328p/avr5/crtatmega328p.o (main)
C:\AVR\MyProjects\MyRobot_000\MyRobot_000\ArduinoCore\Debug\libArduinoCore.a(Print.o)
                              C:\AVR\MyProjects\MyRobot_000\MyRobot_000\ArduinoCore\Debug\libArduinoCore.a(HardwareSerial.o) (_ZN5Print5writeEPKhj)
C:\AVR\MyProjects\MyRobot_000\MyRobot_000\ArduinoCore\Debug\libArduinoCore.a(wiring.o)
                              Main.o (millis)
C:\AVR\MyProjects\MyRobot_000\MyRobot_000\ArduinoCore\Debug\libArduinoCore.a(wiring_analog.o)
                              Motor.o (analogWrite)
C:\AVR\MyProjects\MyRobot_000\MyRobot_000\ArduinoCore\Debug\libArduinoCore.a(wiring_digital.o)
                              Main.o (pinMode)
C:\AVR\MyProjects\MyRobot_000\MyRobot_000\ArduinoCore\Debug\libArduinoCore.a(WMath.o)
                              src/libraries/Servo/src/avr/Servo.o (_Z3maplllll)
C:\AVR\MyProjects\MyRobot_000\MyRobot_000\ArduinoCore\Debug\libArduinoCore.a(WString.o)
                              Main.o (_ZN6StringD2Ev)
C:\AVR\MyProjects\MyRobot_000\MyRobot_000\ArduinoCore\Debug\libArduinoCore.a(abi.o)
                              C:\AVR\MyProjects\MyRobot_000\MyRobot_000\ArduinoCore\Debug\libArduinoCore.a(Print.o) (__cxa_pure_virtual)
C:\AVR\MyProjects\MyRobot_000\MyRobot_000\ArduinoCore\Debug\libArduinoCore.a(hooks.o)
                              C:\AVR\MyProjects\MyRobot_000\MyRobot_000\ArduinoCore\Debug\libArduinoCore.a(wiring.o) (yield)
c:/program files (x86)/atmel/studio/7.0/toolchain/avr8/avr8-gnu-toolchain/bin/../lib/gcc/avr/5.4.0/../../../../avr/lib/avr5\libm.a(addsf3.o)
                              C:\AVR\MyProjects\MyRobot_000\MyRobot_000\ArduinoCore\Debug\libArduinoCore.a(Print.o) (__subsf3)
c:/program files (x86)/atmel/studio/7.0/toolchain/avr8/avr8-gnu-toolchain/bin/../lib/gcc/avr/5.4.0/../../../../avr/lib/avr5\libm.a(addsf3x.o)
                              c:/program files (x86)/atmel/studio/7.0/toolchain/avr8/avr8-gnu-toolchain/bin/../lib/gcc/avr/5.4.0/../../../../avr/lib/avr5\libm.a(addsf3.o) (__addsf3x)
c:/program files (x86)/atmel/studio/7.0/toolchain/avr8/avr8-gnu-toolchain/bin/../lib/gcc/avr/5.4.0/../../../../avr/lib/avr5\libm.a(cmpsf2.o)
                              C:\AVR\MyProjects\MyRobot_000\MyRobot_000\ArduinoCore\Debug\libArduinoCore.a(Print.o) (__ltsf2)
c:/program files (x86)/atmel/studio/7.0/toolchain/avr8/avr8-gnu-toolchain/bin/../lib/gcc/avr/5.4.0/../../../../avr/lib/avr5\libm.a(divsf3.o)
                              C:\AVR\MyProjects\MyRobot_000\MyRobot_000\ArduinoCore\Debug\libArduinoCore.a(Print.o) (__divsf3)
c:/program files (x86)/atmel/studio/7.0/toolchain/avr8/avr8-gnu-toolchain/bin/../lib/gcc/avr/5.4.0/../../../../avr/lib/avr5\libm.a(divsf3x.o)
                              c:/program files (x86)/atmel/studio/7.0/toolchain/avr8/avr8-gnu-toolchain/bin/../lib/gcc/avr/5.4.0/../../../../avr/lib/avr5\libm.a(divsf3.o) (__divsf3x)
c:/program files (x86)/atmel/studio/7.0/toolchain/avr8/avr8-gnu-toolchain/bin/../lib/gcc/avr/5.4.0/../../../../avr/lib/avr5\libm.a(fixunssfsi.o)
                              C:\AVR\MyProjects\MyRobot_000\MyRobot_000\ArduinoCore\Debug\libArduinoCore.a(Print.o) (__fixunssfsi)
c:/program files (x86)/atmel/studio/7.0/toolchain/avr8/avr8-gnu-toolchain/bin/../lib/gcc/avr/5.4.0/../../../../avr/lib/avr5\libm.a(floatsisf.o)
                              C:\AVR\MyProjects\MyRobot_000\MyRobot_000\ArduinoCore\Debug\libArduinoCore.a(Print.o) (__floatunsisf)
c:/program files (x86)/atmel/studio/7.0/toolchain/avr8/avr8-gnu-toolchain/bin/../lib/gcc/avr/5.4.0/../../../../avr/lib/avr5\libm.a(fp_cmp.o)
                              c:/program files (x86)/atmel/studio/7.0/toolchain/avr8/avr8-gnu-toolchain/bin/../lib/gcc/avr/5.4.0/../../../../avr/lib/avr5\libm.a(cmpsf2.o) (__fp_cmp)
c:/program files (x86)/atmel/studio/7.0/toolchain/avr8/avr8-gnu-toolchain/bin/../lib/gcc/avr/5.4.0/../../../../avr/lib/avr5\libm.a(fp_inf.o)
                              c:/program files (x86)/atmel/studio/7.0/toolchain/avr8/avr8-gnu-toolchain/bin/../lib/gcc/avr/5.4.0/../../../../avr/lib/avr5\libm.a(addsf3x.o) (__fp_inf)
c:/program files (x86)/atmel/studio/7.0/toolchain/avr8/avr8-gnu-toolchain/bin/../lib/gcc/avr/5.4.0/../../../../avr/lib/avr5\libm.a(fp_nan.o)
                              c:/program files (x86)/atmel/studio/7.0/toolchain/avr8/avr8-gnu-toolchain/bin/../lib/gcc/avr/5.4.0/../../../../avr/lib/avr5\libm.a(addsf3x.o) (__fp_nan)
[...]
Memory Configuration

Name             Origin             Length             Attributes
text             0x00000000         0x00020000         xr
data             0x00800060         0x0000ffa0         rw !x
eeprom           0x00810000         0x00010000         rw !x
fuse             0x00820000         0x00000003         rw !x
lock             0x00830000         0x00000400         rw !x
signature        0x00840000         0x00000400         rw !x
user_signatures  0x00850000         0x00000400         rw !x
*default*        0x00000000         0xffffffff

Linker script and memory map

Address of section .data set to 0x800100
LOAD C:/Program Files (x86)/Atmel/Studio/7.0/Packs/atmel/ATmega_DFP/1.1.130/gcc/dev/atmega328p/avr5/crtatmega328p.o
LOAD Main.o
LOAD Motor.o
LOAD Motors.o
LOAD NewPing.o
LOAD ServoTask.o
LOAD src/libraries/Servo/src/avr/Servo.o
START GROUP
LOAD c:/program files (x86)/atmel/studio/7.0/toolchain/avr8/avr8-gnu-toolchain/bin/../lib/gcc/avr/5.4.0/../../../../avr/lib/avr5\libm.a
LOAD C:\AVR\MyProjects\MyRobot_000\MyRobot_000\ArduinoCore\Debug\libArduinoCore.a
END GROUP
LOAD c:/program files (x86)/atmel/studio/7.0/toolchain/avr8/avr8-gnu-toolchain/bin/../lib/gcc/avr/5.4.0/avr5\libgcc.a
LOAD c:/program files (x86)/atmel/studio/7.0/toolchain/avr8/avr8-gnu-toolchain/bin/../lib/gcc/avr/5.4.0/../../../../avr/lib/avr5\libm.a
START GROUP
LOAD c:/program files (x86)/atmel/studio/7.0/toolchain/avr8/avr8-gnu-toolchain/bin/../lib/gcc/avr/5.4.0/avr5\libgcc.a
LOAD c:/program files (x86)/atmel/studio/7.0/toolchain/avr8/avr8-gnu-toolchain/bin/../lib/gcc/avr/5.4.0/../../../../avr/lib/avr5\libm.a
LOAD c:/program files (x86)/atmel/studio/7.0/toolchain/avr8/avr8-gnu-toolchain/bin/../lib/gcc/avr/5.4.0/../../../../avr/lib/avr5\libc.a
LOAD C:/Program Files (x86)/Atmel/Studio/7.0/Packs/atmel/ATmega_DFP/1.1.130/gcc/dev/atmega328p/avr5\libatmega328p.a
END GROUP
                0x00020000                __TEXT_REGION_LENGTH__ = DEFINED (__TEXT_REGION_LENGTH__)?__TEXT_REGION_LENGTH__:0x20000
                0x0000ffa0                __DATA_REGION_LENGTH__ = DEFINED (__DATA_REGION_LENGTH__)?__DATA_REGION_LENGTH__:0xffa0
                0x00010000                __EEPROM_REGION_LENGTH__ = DEFINED (__EEPROM_REGION_LENGTH__)?__EEPROM_REGION_LENGTH__:0x10000
                [0x00000003]                __FUSE_REGION_LENGTH__ = DEFINED (__FUSE_REGION_LENGTH__)?__FUSE_REGION_LENGTH__:0x400
                0x00000400                __LOCK_REGION_LENGTH__ = DEFINED (__LOCK_REGION_LENGTH__)?__LOCK_REGION_LENGTH__:0x400
                0x00000400                __SIGNATURE_REGION_LENGTH__ = DEFINED (__SIGNATURE_REGION_LENGTH__)?__SIGNATURE_REGION_LENGTH__:0x400
                0x00000400                __USER_SIGNATURE_REGION_LENGTH__ = DEFINED (__USER_SIGNATURE_REGION_LENGTH__)?__USER_SIGNATURE_REGION_LENGTH__:0x400

.hash
 *(.hash)

.dynsym
 *(.dynsym)

.dynstr
 *(.dynstr)

.gnu.version
 *(.gnu.version)

.gnu.version_d
 *(.gnu.version_d)

.gnu.version_r
 *(.gnu.version_r)

.rel.init
 *(.rel.init)

.rela.init
 *(.rela.init)

.rel.text
 *(.rel.text)
 *(.rel.text.*)
 *(.rel.gnu.linkonce.t*)

.rela.text
 *(.rela.text)
 *(.rela.text.*)
 *(.rela.gnu.linkonce.t*)

.rel.fini
 *(.rel.fini)

.rela.fini
 *(.rela.fini)

.rel.rodata
 *(.rel.rodata)
 *(.rel.rodata.*)
 *(.rel.gnu.linkonce.r*)

.rela.rodata
 *(.rela.rodata)
 *(.rela.rodata.*)
 *(.rela.gnu.linkonce.r*)

.rel.data
 *(.rel.data)
 *(.rel.data.*)
 *(.rel.gnu.linkonce.d*)

.rela.data
 *(.rela.data)
 *(.rela.data.*)
 *(.rela.gnu.linkonce.d*)

.rel.ctors
 *(.rel.ctors)

.rela.ctors
 *(.rela.ctors)

.rel.dtors
 *(.rel.dtors)

.rela.dtors
 *(.rela.dtors)

.rel.got
 *(.rel.got)

.rela.got
 *(.rela.got)

.rel.bss
 *(.rel.bss)

.rela.bss
 *(.rela.bss)

.rel.plt
 *(.rel.plt)

.rela.plt
 *(.rela.plt)

.text           0x00000000     0x26fe
 *(.vectors)
 .vectors       0x00000000       0x68 C:/Program Files (x86)/Atmel/Studio/7.0/Packs/atmel/ATmega_DFP/1.1.130/gcc/dev/atmega328p/avr5/crtatmega328p.o
                0x00000000                __vector_default
                0x00000000                __vectors
 *(.vectors)
 *(.progmem.gcc*)
                0x00000068                . = ALIGN (0x2)
                0x00000068                __trampolines_start = .
 *(.trampolines)
 .trampolines   0x00000068        0x0 linker stubs
 *(.trampolines*)
                0x00000068                __trampolines_end = .
 *libprintf_flt.a:*(.progmem.data)
 *libc.a:*(.progmem.data)
 *(.progmem*)
 .progmem.data._ZZ15sonar_echoCheckvE3__c_0
                0x00000068        0x3 Main.o
 .progmem.data._ZZ15sonar_echoCheckvE3__c
                0x0000006b       0x11 Main.o
 .progmem.data._ZZ5setupE3__c
                0x0000007c        0x6 Main.o
 .progmem.data._ZZ17Task_ServoHandlervE3__c_1
                0x00000082       0x14 ServoTask.o
 .progmem.data._ZZ17Task_ServoHandlervE3__c_0
                0x00000096       0x13 ServoTask.o
 .progmem.data._ZZ17Task_ServoHandlervE3__c
                0x000000a9       0x2b ServoTask.o
 .progmem.data.digital_pin_to_timer_PGM
                0x000000d4       0x14 C:\AVR\MyProjects\MyRobot_000\MyRobot_000\ArduinoCore\Debug\libArduinoCore.a(wiring_digital.o)
                0x000000d4                digital_pin_to_timer_PGM
 .progmem.data.digital_pin_to_bit_mask_PGM
                0x000000e8       0x14 C:\AVR\MyProjects\MyRobot_000\MyRobot_000\ArduinoCore\Debug\libArduinoCore.a(wiring_digital.o)
                0x000000e8                digital_pin_to_bit_mask_PGM
 .progmem.data.digital_pin_to_port_PGM
                0x000000fc       0x14 C:\AVR\MyProjects\MyRobot_000\MyRobot_000\ArduinoCore\Debug\libArduinoCore.a(wiring_digital.o)
                0x000000fc                digital_pin_to_port_PGM
 .progmem.data.port_to_input_PGM
                0x00000110        0xa C:\AVR\MyProjects\MyRobot_000\MyRobot_000\ArduinoCore\Debug\libArduinoCore.a(wiring_digital.o)
                0x00000110                port_to_input_PGM
 .progmem.data.port_to_output_PGM
                0x0000011a        0xa C:\AVR\MyProjects\MyRobot_000\MyRobot_000\ArduinoCore\Debug\libArduinoCore.a(wiring_digital.o)
                0x0000011a                port_to_output_PGM
 .progmem.data.port_to_mode_PGM
                0x00000124        0xa C:\AVR\MyProjects\MyRobot_000\MyRobot_000\ArduinoCore\Debug\libArduinoCore.a(wiring_digital.o)
                0x00000124                port_to_mode_PGM
                0x0000012e                . = ALIGN (0x2)
 *(.jumptables)
 *(.jumptables*)
 *(.lowtext)
 *(.lowtext*)
                0x0000012e                __ctors_start = .
 *(.ctors)
 .ctors         0x0000012e        0x2 Main.o
 .ctors         0x00000130        0x2 Motors.o
 .ctors         0x00000132        0x2 ServoTask.o
 .ctors         0x00000134        0x2 C:\AVR\MyProjects\MyRobot_000\MyRobot_000\ArduinoCore\Debug\libArduinoCore.a(HardwareSerial0.o)
                0x00000136                __ctors_end = .
                0x00000136                __dtors_start = .
 *(.dtors)
                0x00000136                __dtors_end = .
 SORT(*)(.ctors)
 SORT(*)(.dtors)
 *(.init0)
 .init0         0x00000136        0x0 C:/Program Files (x86)/Atmel/Studio/7.0/Packs/atmel/ATmega_DFP/1.1.130/gcc/dev/atmega328p/avr5/crtatmega328p.o
                0x00000136                __init
 *(.init0)
 *(.init1)
 *(.init1)
 *(.init2)
 .init2         0x00000136        0xc C:/Program Files (x86)/Atmel/Studio/7.0/Packs/atmel/ATmega_DFP/1.1.130/gcc/dev/atmega328p/avr5/crtatmega328p.o
 *(.init2)
 *(.init3)
 *(.init3)
 *(.init4)
 .init4         0x00000142       0x16 c:/program files (x86)/atmel/studio/7.0/toolchain/avr8/avr8-gnu-toolchain/bin/../lib/gcc/avr/5.4.0/avr5\libgcc.a(_copy_data.o)
                0x00000142                __do_copy_data
 .init4         0x00000158       0x10 c:/program files (x86)/atmel/studio/7.0/toolchain/avr8/avr8-gnu-toolchain/bin/../lib/gcc/avr/5.4.0/avr5\libgcc.a(_clear_bss.o)
                0x00000158                __do_clear_bss
 *(.init4)
 *(.init5)
 *(.init5)
 *(.init6)
 .init6         0x00000168       0x16 c:/program files (x86)/atmel/studio/7.0/toolchain/avr8/avr8-gnu-toolchain/bin/../lib/gcc/avr/5.4.0/avr5\libgcc.a(_ctors.o)
                0x00000168                __do_global_ctors
 *(.init6)
 *(.init7)
 *(.init7)
 *(.init8)
 *(.init8)
 *(.init9)
 .init9         0x0000017e        0x8 C:/Program Files (x86)/Atmel/Studio/7.0/Packs/atmel/ATmega_DFP/1.1.130/gcc/dev/atmega328p/avr5/crtatmega328p.o
 *(.init9)
 *(.text)
 .text          0x00000186        0x4 C:/Program Files (x86)/Atmel/Studio/7.0/Packs/atmel/ATmega_DFP/1.1.130/gcc/dev/atmega328p/avr5/crtatmega328p.o
                0x00000186                __vector_22
                0x00000186                __vector_1
                0x00000186                __vector_24
                0x00000186                __vector_12
                0x00000186                __bad_interrupt
                0x00000186                __vector_6
                0x00000186                __vector_3
                0x00000186                __vector_23
                0x00000186                __vector_25
                0x00000186                __vector_13
                0x00000186                __vector_17
                0x00000186                __vector_5
                0x00000186                __vector_4
                0x00000186                __vector_9
                0x00000186                __vector_2
                0x00000186                __vector_21
                0x00000186                __vector_15
                0x00000186                __vector_8
                0x00000186                __vector_14
                0x00000186                __vector_10
                0x00000186                __vector_20
                0x0000018a                . = ALIGN (0x2)
 *(.text.*)
 .text._Z15sonar_echoCheckv
                0x0000018a       0xbe Main.o
                0x0000018a                _Z15sonar_echoCheckv
 .text.setup    0x00000248       0xa8 Main.o
                0x00000248                setup
 .text._Z21Task_BarrierDetectionv
                0x000002f0       0xd8 Main.o
                0x000002f0                _Z21Task_BarrierDetectionv
 .text._Z17Task_SonarHandlerv
                0x000003c8       0x6e Main.o
                0x000003c8                _Z17Task_SonarHandlerv
 .text.startup._GLOBAL__sub_I_lastCmd
                0x00000436       0x10 Main.o
 .text._Z18Task_SerialHandlerv
                0x00000446       0xfe Main.o
                0x00000446                _Z18Task_SerialHandlerv
 .text.loop     0x00000544       0x10 Main.o
                0x00000544                loop
 .text._ZN5Motor9get_speedEv
                0x00000554        0x6 Motor.o
                0x00000554                _ZN5Motor9get_speedEv
 .text._ZN5Motor13set_directionEb
                0x0000055a       0x14 Motor.o
                0x0000055a                _ZN5Motor13set_directionEb
 .text._ZN5Motor13get_directionEv
                0x0000056e        0x6 Motor.o
                0x0000056e                _ZN5Motor13get_directionEv
 .text._ZN5Motor14get_speed_corrEv
                0x00000574        0x6 Motor.o
                0x00000574                _ZN5Motor14get_speed_corrEv
 .text._ZN5Motor13get_realspeedEv
                0x0000057a       0x1a Motor.o
                0x0000057a                _ZN5Motor13get_realspeedEv
 .text._ZN5Motor9set_speedEh
                0x00000594       0x18 Motor.o
                0x00000594                _ZN5Motor9set_speedEh
 .text._ZN5MotorC2Ehh
                0x000005ac       0x42 Motor.o
                0x000005ac                _ZN5MotorC2Ehh
                0x000005ac                _ZN5MotorC1Ehh
 .text._ZN5Motor13set_max_speedEh
                0x000005ee       0x10 Motor.o
                0x000005ee                _ZN5Motor13set_max_speedEh
 .text._ZN5Motor14set_speed_corrEh
                0x000005fe       0x14 Motor.o
                0x000005fe                _ZN5Motor14set_speed_corrEh
 .text._ZN5Motor8speed_upEh
                0x00000612       0x2c Motor.o
                0x00000612                _ZN5Motor8speed_upEh
 .text._ZN5Motor10speed_downEh
                0x0000063e       0x24 Motor.o
                0x0000063e                _ZN5Motor10speed_downEh
 .text._Z15motors_speed_uphh
                0x00000662       0x4e Motors.o
                0x00000662                _Z15motors_speed_uphh
 .text._Z17motors_speed_downhh
                0x000006b0       0x4e Motors.o
                0x000006b0                _Z17motors_speed_downhh
 .text._Z16motors_get_speedv
                0x000006fe       0x22 Motors.o
                0x000006fe                _Z16motors_get_speedv
 .text._Z20motors_set_max_speedhb
                0x00000720       0x20 Motors.o
                0x00000720                _Z20motors_set_max_speedhb
 .text._Z20get_motors_max_speedv
                0x00000740        0x6 Motors.o
                0x00000740                _Z20get_motors_max_speedv
 .text._Z19motors_correctspeedi
                0x00000746       0x8c Motors.o
                0x00000746                _Z19motors_correctspeedi
 .text._Z17motors_go_forwardv
                0x000007d2       0x46 Motors.o
                0x000007d2                _Z17motors_go_forwardv
 .text._Z26motors_go_forward_and_leftv
                0x00000818       0x52 Motors.o
                0x00000818                _Z26motors_go_forward_and_leftv
 .text._Z27motors_go_forward_and_rightv
                0x0000086a       0x52 Motors.o
                0x0000086a                _Z27motors_go_forward_and_rightv
 .text._Z18motors_go_backwardv
                0x000008bc       0x46 Motors.o
                0x000008bc                _Z18motors_go_backwardv
 .text._Z27motors_go_backward_and_leftv
                0x00000902       0x52 Motors.o
                0x00000902                _Z27motors_go_backward_and_leftv
 .text._Z28motors_go_backward_and_rightv
                0x00000954       0x52 Motors.o
                0x00000954                _Z28motors_go_backward_and_rightv
 .text._Z14motors_go_leftv
                0x000009a6       0x52 Motors.o
                0x000009a6                _Z14motors_go_leftv
 .text._Z15motors_go_rightv
                0x000009f8       0x52 Motors.o
                0x000009f8                _Z15motors_go_rightv
 .text.startup._GLOBAL__sub_I_motor_right
                0x00000a4a       0x18 Motors.o
 .text._ZN7NewPing12ping_triggerEv
                0x00000a62       0xe2 NewPing.o
                0x00000a62                _ZN7NewPing12ping_triggerEv
 .text._ZN7NewPing16set_max_distanceEj
                0x00000b44       0x24 NewPing.o
                0x00000b44                _ZN7NewPing16set_max_distanceEj
 .text._ZN7NewPingC2Ehhj
                0x00000b68       0x84 NewPing.o
                0x00000b68                _ZN7NewPingC1Ehhj
                0x00000b68                _ZN7NewPingC2Ehhj
 .text._ZN7NewPing10timer_stopEv
                0x00000bec        0xc NewPing.o
                0x00000bec                _ZN7NewPing10timer_stopEv
 .text._ZN7NewPing11check_timerEv
                0x00000bf8       0xa2 NewPing.o
                0x00000bf8                _ZN7NewPing11check_timerEv
 .text._ZN7NewPing11timer_setupEv
                0x00000c9a       0x20 NewPing.o
                0x00000c9a                _ZN7NewPing11timer_setupEv
 .text._ZN7NewPing8timer_usEjPFvvE
                0x00000cba       0x3e NewPing.o
                0x00000cba                _ZN7NewPing8timer_usEjPFvvE
 .text._ZN7NewPing10ping_timerEPFvvEj
                0x00000cf8       0x3e NewPing.o
                0x00000cf8                _ZN7NewPing10ping_timerEPFvvEj
 .text.__vector_7
                0x00000d36       0x4e NewPing.o
                0x00000d36                __vector_7
 .text._Z19servo_positions_cntv
                0x00000d84        0x4 ServoTask.o
                0x00000d84                _Z19servo_positions_cntv
 .text._Z23servo_h_getnextpositionv
                0x00000d88       0x24 ServoTask.o
                0x00000d88                _Z23servo_h_getnextpositionv
 .text._Z17Task_ServoHandlerv
                0x00000dac      0x204 ServoTask.o
                0x00000dac                _Z17Task_ServoHandlerv
 .text.startup._GLOBAL__sub_I_servo_h
                0x00000fb0       0x10 ServoTask.o
 .text.__vector_11
                0x00000fc0      0x182 src/libraries/Servo/src/avr/Servo.o
                0x00000fc0                __vector_11
 .text._ZN5ServoC2Ev
                0x00001142       0x38 src/libraries/Servo/src/avr/Servo.o
                0x00001142                _ZN5ServoC1Ev
                0x00001142                _ZN5ServoC2Ev
 .text._ZN5Servo6attachEiii
                0x0000117a      0x100 src/libraries/Servo/src/avr/Servo.o
                0x0000117a                _ZN5Servo6attachEiii
 .text._ZN5Servo6attachEi
                0x0000127a        0xc src/libraries/Servo/src/avr/Servo.o
                0x0000127a                _ZN5Servo6attachEi
 .text._ZN5Servo6detachEv
                0x00001286       0x1c src/libraries/Servo/src/avr/Servo.o
                0x00001286                _ZN5Servo6detachEv
 .text._ZN5Servo17writeMicrosecondsEi
                0x000012a2       0x6c src/libraries/Servo/src/avr/Servo.o
                0x000012a2                _ZN5Servo17writeMicrosecondsEi
 .text._ZN5Servo5writeEi
                0x0000130e       0xb8 src/libraries/Servo/src/avr/Servo.o
                0x0000130e                _ZN5Servo5writeEi
 .text._ZN14HardwareSerial9availableEv
                0x000013c6       0x18 C:\AVR\MyProjects\MyRobot_000\MyRobot_000\ArduinoCore\Debug\libArduinoCore.a(HardwareSerial.o)
                0x000013c6                _ZN14HardwareSerial9availableEv
 .text._ZN14HardwareSerial4peekEv
                0x000013de       0x1c C:\AVR\MyProjects\MyRobot_000\MyRobot_000\ArduinoCore\Debug\libArduinoCore.a(HardwareSerial.o)
                0x000013de                _ZN14HardwareSerial4peekEv
 .text._ZN14HardwareSerial4readEv
                0x000013fa       0x28 C:\AVR\MyProjects\MyRobot_000\MyRobot_000\ArduinoCore\Debug\libArduinoCore.a(HardwareSerial.o)
                0x000013fa                _ZN14HardwareSerial4readEv
 .text._Z14serialEventRunv
                0x00001422       0x1c C:\AVR\MyProjects\MyRobot_000\MyRobot_000\ArduinoCore\Debug\libArduinoCore.a(HardwareSerial.o)
                0x00001422                _Z14serialEventRunv
 .text._ZN14HardwareSerial17_tx_udr_empty_irqEv
                0x0000143e       0x42 C:\AVR\MyProjects\MyRobot_000\MyRobot_000\ArduinoCore\Debug\libArduinoCore.a(HardwareSerial.o)
                0x0000143e                _ZN14HardwareSerial17_tx_udr_empty_irqEv
 .text._ZN14HardwareSerial5writeEh
                0x00001480       0x8e C:\AVR\MyProjects\MyRobot_000\MyRobot_000\ArduinoCore\Debug\libArduinoCore.a(HardwareSerial.o)
                0x00001480                _ZN14HardwareSerial5writeEh
 .text._ZN14HardwareSerial5flushEv
                0x0000150e       0x44 C:\AVR\MyProjects\MyRobot_000\MyRobot_000\ArduinoCore\Debug\libArduinoCore.a(HardwareSerial.o)
                0x0000150e                _ZN14HardwareSerial5flushEv
 .text._ZN14HardwareSerial5beginEmh
                0x00001552       0xca C:\AVR\MyProjects\MyRobot_000\MyRobot_000\ArduinoCore\Debug\libArduinoCore.a(HardwareSerial.o)
                0x00001552                _ZN14HardwareSerial5beginEmh
 .text.__vector_18
                0x0000161c       0x64 C:\AVR\MyProjects\MyRobot_000\MyRobot_000\ArduinoCore\Debug\libArduinoCore.a(HardwareSerial0.o)
                0x0000161c                __vector_18
 .text.__vector_19
                0x00001680       0x4c C:\AVR\MyProjects\MyRobot_000\MyRobot_000\ArduinoCore\Debug\libArduinoCore.a(HardwareSerial0.o)
                0x00001680                __vector_19
 .text._Z17Serial0_availablev
                0x000016cc       0x14 C:\AVR\MyProjects\MyRobot_000\MyRobot_000\ArduinoCore\Debug\libArduinoCore.a(HardwareSerial0.o)
                0x000016cc                _Z17Serial0_availablev
 .text.startup._GLOBAL__sub_I___vector_18
                0x000016e0       0x5a C:\AVR\MyProjects\MyRobot_000\MyRobot_000\ArduinoCore\Debug\libArduinoCore.a(HardwareSerial0.o)
 .text.initVariant
                0x0000173a        0x2 C:\AVR\MyProjects\MyRobot_000\MyRobot_000\ArduinoCore\Debug\libArduinoCore.a(main.o)
                0x0000173a                initVariant
 .text.startup.main
                0x0000173c       0x1e C:\AVR\MyProjects\MyRobot_000\MyRobot_000\ArduinoCore\Debug\libArduinoCore.a(main.o)
                0x0000173c                main
 .text._ZN5Print5writeEPKhj
                0x0000175a       0x54 C:\AVR\MyProjects\MyRobot_000\MyRobot_000\ArduinoCore\Debug\libArduinoCore.a(Print.o)
                0x0000175a                _ZN5Print5writeEPKhj
 .text._ZN5Print5writeEPKc
                0x000017ae       0x2a C:\AVR\MyProjects\MyRobot_000\MyRobot_000\ArduinoCore\Debug\libArduinoCore.a(Print.o)
                0x000017ae                _ZN5Print5writeEPKc
 .text._ZN5Print5printEPK19__FlashStringHelper
                0x000017d8       0x48 C:\AVR\MyProjects\MyRobot_000\MyRobot_000\ArduinoCore\Debug\libArduinoCore.a(Print.o)
                0x000017d8                _ZN5Print5printEPK19__FlashStringHelper
 .text._ZN5Print5printERK6String
                0x00001820       0x1c C:\AVR\MyProjects\MyRobot_000\MyRobot_000\ArduinoCore\Debug\libArduinoCore.a(Print.o)
                0x00001820                _ZN5Print5printERK6String
 .text._ZN5Print7printlnEv
                0x0000183c        0x8 C:\AVR\MyProjects\MyRobot_000\MyRobot_000\ArduinoCore\Debug\libArduinoCore.a(Print.o)
                0x0000183c                _ZN5Print7printlnEv
 .text._ZN5Print7printlnEPK19__FlashStringHelper
                0x00001844       0x24 C:\AVR\MyProjects\MyRobot_000\MyRobot_000\ArduinoCore\Debug\libArduinoCore.a(Print.o)
                0x00001844                _ZN5Print7printlnEPK19__FlashStringHelper
 .text._ZN5Print7printlnERK6String
                0x00001868       0x24 C:\AVR\MyProjects\MyRobot_000\MyRobot_000\ArduinoCore\Debug\libArduinoCore.a(Print.o)
                0x00001868                _ZN5Print7printlnERK6String
 .text.__vector_16
                0x0000188c       0x94 C:\AVR\MyProjects\MyRobot_000\MyRobot_000\ArduinoCore\Debug\libArduinoCore.a(wiring.o)
                0x0000188c                __vector_16
 .text.millis   0x00001920       0x18 C:\AVR\MyProjects\MyRobot_000\MyRobot_000\ArduinoCore\Debug\libArduinoCore.a(wiring.o)
                0x00001920                millis
 .text.micros   0x00001938       0x4a C:\AVR\MyProjects\MyRobot_000\MyRobot_000\ArduinoCore\Debug\libArduinoCore.a(wiring.o)
                0x00001938                micros
 .text.delay    0x00001982       0x78 C:\AVR\MyProjects\MyRobot_000\MyRobot_000\ArduinoCore\Debug\libArduinoCore.a(wiring.o)
                0x00001982                delay
 .text.delayMicroseconds
                0x000019fa       0x16 C:\AVR\MyProjects\MyRobot_000\MyRobot_000\ArduinoCore\Debug\libArduinoCore.a(wiring.o)
                0x000019fa                delayMicroseconds
 .text.init     0x00001a10       0x76 C:\AVR\MyProjects\MyRobot_000\MyRobot_000\ArduinoCore\Debug\libArduinoCore.a(wiring.o)
                0x00001a10                init
 .text.analogWrite
                0x00001a86       0xbe C:\AVR\MyProjects\MyRobot_000\MyRobot_000\ArduinoCore\Debug\libArduinoCore.a(wiring_analog.o)
                0x00001a86                analogWrite
 .text.turnOffPWM
                0x00001b44       0x52 C:\AVR\MyProjects\MyRobot_000\MyRobot_000\ArduinoCore\Debug\libArduinoCore.a(wiring_digital.o)
 .text.pinMode  0x00001b96       0x78 C:\AVR\MyProjects\MyRobot_000\MyRobot_000\ArduinoCore\Debug\libArduinoCore.a(wiring_digital.o)
                0x00001b96                pinMode
 .text.digitalWrite
                0x00001c0e       0x5e C:\AVR\MyProjects\MyRobot_000\MyRobot_000\ArduinoCore\Debug\libArduinoCore.a(wiring_digital.o)
                0x00001c0e                digitalWrite
 .text._Z3maplllll
                0x00001c6c       0x82 C:\AVR\MyProjects\MyRobot_000\MyRobot_000\ArduinoCore\Debug\libArduinoCore.a(WMath.o)
                0x00001c6c                _Z3maplllll
 .text._ZN6StringD2Ev
                0x00001cee        0xa C:\AVR\MyProjects\MyRobot_000\MyRobot_000\ArduinoCore\Debug\libArduinoCore.a(WString.o)
                0x00001cee                _ZN6StringD2Ev
                0x00001cee                _ZN6StringD1Ev
 .text._ZN6String10invalidateEv
                0x00001cf8       0x24 C:\AVR\MyProjects\MyRobot_000\MyRobot_000\ArduinoCore\Debug\libArduinoCore.a(WString.o)
                0x00001cf8                _ZN6String10invalidateEv
 .text._ZN6String12changeBufferEj
                0x00001d1c       0x34 C:\AVR\MyProjects\MyRobot_000\MyRobot_000\ArduinoCore\Debug\libArduinoCore.a(WString.o)
                0x00001d1c                _ZN6String12changeBufferEj
 .text._ZN6String7reserveEj
                0x00001d50       0x38 C:\AVR\MyProjects\MyRobot_000\MyRobot_000\ArduinoCore\Debug\libArduinoCore.a(WString.o)
                0x00001d50                _ZN6String7reserveEj
 .text._ZN6String4copyEPKcj
                0x00001d88       0x42 C:\AVR\MyProjects\MyRobot_000\MyRobot_000\ArduinoCore\Debug\libArduinoCore.a(WString.o)
                0x00001d88                _ZN6String4copyEPKcj
 .text._ZN6StringaSERKS_
                0x00001dca       0x2e C:\AVR\MyProjects\MyRobot_000\MyRobot_000\ArduinoCore\Debug\libArduinoCore.a(WString.o)
                0x00001dca                _ZN6StringaSERKS_
 .text._ZN6StringC2ERKS_
                0x00001df8       0x12 C:\AVR\MyProjects\MyRobot_000\MyRobot_000\ArduinoCore\Debug\libArduinoCore.a(WString.o)
                0x00001df8                _ZN6StringC2ERKS_
                0x00001df8                _ZN6StringC1ERKS_
 .text._ZN6StringaSEPKc
                0x00001e0a       0x2e C:\AVR\MyProjects\MyRobot_000\MyRobot_000\ArduinoCore\Debug\libArduinoCore.a(WString.o)
                0x00001e0a                _ZN6StringaSEPKc
 .text._ZN6StringC2Ehh
                0x00001e38       0x5a C:\AVR\MyProjects\MyRobot_000\MyRobot_000\ArduinoCore\Debug\libArduinoCore.a(WString.o)
                0x00001e38                _ZN6StringC2Ehh
                0x00001e38                _ZN6StringC1Ehh
 .text._ZN6StringC2Eih
                0x00001e92       0x58 C:\AVR\MyProjects\MyRobot_000\MyRobot_000\ArduinoCore\Debug\libArduinoCore.a(WString.o)
                0x00001e92                _ZN6StringC2Eih
                0x00001e92                _ZN6StringC1Eih
 .text._ZN6StringC2Emh
                0x00001eea       0x5a C:\AVR\MyProjects\MyRobot_000\MyRobot_000\ArduinoCore\Debug\libArduinoCore.a(WString.o)
                0x00001eea                _ZN6StringC1Emh
                0x00001eea                _ZN6StringC2Emh
 .text._ZN6String6concatEPKcj
                0x00001f44       0x5c C:\AVR\MyProjects\MyRobot_000\MyRobot_000\ArduinoCore\Debug\libArduinoCore.a(WString.o)
                0x00001f44                _ZN6String6concatEPKcj
 .text._ZN6String6concatEPK19__FlashStringHelper
                0x00001fa0       0x60 C:\AVR\MyProjects\MyRobot_000\MyRobot_000\ArduinoCore\Debug\libArduinoCore.a(WString.o)
                0x00001fa0                _ZN6String6concatEPK19__FlashStringHelper
 .text._ZplRK15StringSumHelperRK6String
                0x00002000       0x26 C:\AVR\MyProjects\MyRobot_000\MyRobot_000\ArduinoCore\Debug\libArduinoCore.a(WString.o)
                0x00002000                _ZplRK15StringSumHelperRK6String
 .text._ZplRK15StringSumHelperPK19__FlashStringHelper
                0x00002026       0x1c C:\AVR\MyProjects\MyRobot_000\MyRobot_000\ArduinoCore\Debug\libArduinoCore.a(WString.o)
                0x00002026                _ZplRK15StringSumHelperPK19__FlashStringHelper
 .text.__empty  0x00002042        0x2 C:\AVR\MyProjects\MyRobot_000\MyRobot_000\ArduinoCore\Debug\libArduinoCore.a(hooks.o)
                0x00002042                yield
 .text.libgcc.mul
                0x00002044       0x20 c:/program files (x86)/atmel/studio/7.0/toolchain/avr8/avr8-gnu-toolchain/bin/../lib/gcc/avr/5.4.0/avr5\libgcc.a(_mulsi3.o)
                0x00002044                __mulsi3
 .text.libgcc.div
                0x00002064       0x18 c:/program files (x86)/atmel/studio/7.0/toolchain/avr8/avr8-gnu-toolchain/bin/../lib/gcc/avr/5.4.0/avr5\libgcc.a(_udivmodqi4.o)
                0x00002064                __udivmodqi4
 .text.libgcc.div
                0x0000207c       0x28 c:/program files (x86)/atmel/studio/7.0/toolchain/avr8/avr8-gnu-toolchain/bin/../lib/gcc/avr/5.4.0/avr5\libgcc.a(_udivmodhi4.o)
                0x0000207c                __udivmodhi4
 .text.libgcc.div
                0x000020a4       0x28 c:/program files (x86)/atmel/studio/7.0/toolchain/avr8/avr8-gnu-toolchain/bin/../lib/gcc/avr/5.4.0/avr5\libgcc.a(_divmodhi4.o)
                0x000020a4                _div
                0x000020a4                __divmodhi4
 .text.libgcc.div
                0x000020cc       0x44 c:/program files (x86)/atmel/studio/7.0/toolchain/avr8/avr8-gnu-toolchain/bin/../lib/gcc/avr/5.4.0/avr5\libgcc.a(_udivmodsi4.o)
                0x000020cc                __udivmodsi4
 .text.libgcc.div
                0x00002110       0x2e c:/program files (x86)/atmel/studio/7.0/toolchain/avr8/avr8-gnu-toolchain/bin/../lib/gcc/avr/5.4.0/avr5\libgcc.a(_divmodsi4.o)
                0x00002110                __divmodsi4
 .text.libgcc.div
                0x0000213e       0x10 c:/program files (x86)/atmel/studio/7.0/toolchain/avr8/avr8-gnu-toolchain/bin/../lib/gcc/avr/5.4.0/avr5\libgcc.a(_negsi2.o)
                0x0000213e                __negsi2
 .text.libgcc.mul
                0x0000214e       0x16 c:/program files (x86)/atmel/studio/7.0/toolchain/avr8/avr8-gnu-toolchain/bin/../lib/gcc/avr/5.4.0/avr5\libgcc.a(_muluhisi3.o)
                0x0000214e                __muluhisi3
 .text.libgcc   0x00002164        0xc c:/program files (x86)/atmel/studio/7.0/toolchain/avr8/avr8-gnu-toolchain/bin/../lib/gcc/avr/5.4.0/avr5\libgcc.a(_tablejump2.o)
                0x00002164                __tablejump2__
 .text.libgcc.mul
                0x00002170       0x1e c:/program files (x86)/atmel/studio/7.0/toolchain/avr8/avr8-gnu-toolchain/bin/../lib/gcc/avr/5.4.0/avr5\libgcc.a(_umulhisi3.o)
                0x00002170                __umulhisi3
 .text.avr-libc
                0x0000218e      0x242 c:/program files (x86)/atmel/studio/7.0/toolchain/avr8/avr8-gnu-toolchain/bin/../lib/gcc/avr/5.4.0/../../../../avr/lib/avr5\libc.a(malloc.o)
                0x0000218e                malloc
                0x000022be                free
 .text.avr-libc
                0x000023d0      0x18c c:/program files (x86)/atmel/studio/7.0/toolchain/avr8/avr8-gnu-toolchain/bin/../lib/gcc/avr/5.4.0/../../../../avr/lib/avr5\libc.a(realloc.o)
                0x000023d0                realloc
 .text.avr-libc
                0x0000255c        0xe c:/program files (x86)/atmel/studio/7.0/toolchain/avr8/avr8-gnu-toolchain/bin/../lib/gcc/avr/5.4.0/../../../../avr/lib/avr5\libc.a(strcpy_P.o)
                0x0000255c                strcpy_P
 .text.avr-libc
                0x0000256a       0x12 c:/program files (x86)/atmel/studio/7.0/toolchain/avr8/avr8-gnu-toolchain/bin/../lib/gcc/avr/5.4.0/../../../../avr/lib/avr5\libc.a(strlen_P.o)
                0x0000256a                __strlen_P
 .text.avr-libc
                0x0000257c       0x12 c:/program files (x86)/atmel/studio/7.0/toolchain/avr8/avr8-gnu-toolchain/bin/../lib/gcc/avr/5.4.0/../../../../avr/lib/avr5\libc.a(memcpy.o)
                0x0000257c                memcpy
 .text.avr-libc
                0x0000258e        0xe c:/program files (x86)/atmel/studio/7.0/toolchain/avr8/avr8-gnu-toolchain/bin/../lib/gcc/avr/5.4.0/../../../../avr/lib/avr5\libc.a(strcpy.o)
                0x0000258e                strcpy
 .text.avr-libc
                0x0000259c       0x16 c:/program files (x86)/atmel/studio/7.0/toolchain/avr8/avr8-gnu-toolchain/bin/../lib/gcc/avr/5.4.0/../../../../avr/lib/avr5\libc.a(itoa.o)
                0x0000259c                __itoa
                0x0000259c                itoa
 .text.avr-libc
                0x000025b2       0x16 c:/program files (x86)/atmel/studio/7.0/toolchain/avr8/avr8-gnu-toolchain/bin/../lib/gcc/avr/5.4.0/../../../../avr/lib/avr5\libc.a(itoa_ncheck.o)
                0x000025b2                __itoa_ncheck
 .text.avr-libc
                0x000025c8       0x16 c:/program files (x86)/atmel/studio/7.0/toolchain/avr8/avr8-gnu-toolchain/bin/../lib/gcc/avr/5.4.0/../../../../avr/lib/avr5\libc.a(ultoa.o)
                0x000025c8                ultoa
                0x000025c8                __ultoa
 .text.avr-libc
                0x000025de       0x44 c:/program files (x86)/atmel/studio/7.0/toolchain/avr8/avr8-gnu-toolchain/bin/../lib/gcc/avr/5.4.0/../../../../avr/lib/avr5\libc.a(ultoa_ncheck.o)
                0x000025de                __ultoa_ncheck
                0x000025e0                __ultoa_common
 .text.avr-libc
                0x00002622       0x16 c:/program files (x86)/atmel/studio/7.0/toolchain/avr8/avr8-gnu-toolchain/bin/../lib/gcc/avr/5.4.0/../../../../avr/lib/avr5\libc.a(utoa.o)
                0x00002622                __utoa
                0x00002622                utoa
 .text.avr-libc
                0x00002638       0x34 c:/program files (x86)/atmel/studio/7.0/toolchain/avr8/avr8-gnu-toolchain/bin/../lib/gcc/avr/5.4.0/../../../../avr/lib/avr5\libc.a(utoa_ncheck.o)
                0x00002638                __utoa_ncheck
                0x0000263a                __utoa_common
 .text.avr-libc
                0x0000266c       0x20 c:/program files (x86)/atmel/studio/7.0/toolchain/avr8/avr8-gnu-toolchain/bin/../lib/gcc/avr/5.4.0/../../../../avr/lib/avr5\libc.a(strrev.o)
                0x0000266c                strrev
 .text.libgcc.prologue
                0x0000268c       0x38 c:/program files (x86)/atmel/studio/7.0/toolchain/avr8/avr8-gnu-toolchain/bin/../lib/gcc/avr/5.4.0/avr5\libgcc.a(_prologue.o)
                0x0000268c                __prologue_saves__
 .text.libgcc.prologue
                0x000026c4       0x36 c:/program files (x86)/atmel/studio/7.0/toolchain/avr8/avr8-gnu-toolchain/bin/../lib/gcc/avr/5.4.0/avr5\libgcc.a(_epilogue.o)
                0x000026c4                __epilogue_restores__
                0x000026fa                . = ALIGN (0x2)
 *(.fini9)
 .fini9         0x000026fa        0x0 c:/program files (x86)/atmel/studio/7.0/toolchain/avr8/avr8-gnu-toolchain/bin/../lib/gcc/avr/5.4.0/avr5\libgcc.a(_exit.o)
                0x000026fa                _exit
                0x000026fa                exit
 *(.fini9)
 *(.fini8)
 *(.fini8)
 *(.fini7)
 *(.fini7)
 *(.fini6)
 *(.fini6)
 *(.fini5)
 *(.fini5)
 *(.fini4)
 *(.fini4)
 *(.fini3)
 *(.fini3)
 *(.fini2)
 *(.fini2)
 *(.fini1)
 *(.fini1)
 *(.fini0)
 .fini0         0x000026fa        0x4 c:/program files (x86)/atmel/studio/7.0/toolchain/avr8/avr8-gnu-toolchain/bin/../lib/gcc/avr/5.4.0/avr5\libgcc.a(_exit.o)
 *(.fini0)
                0x000026fe                _etext = .

.data           0x00800100       0x2c load address 0x000026fe
                0x00800100                PROVIDE (__data_start, .)
 *(.data)
 .data          0x00800100        0x6 c:/program files (x86)/atmel/studio/7.0/toolchain/avr8/avr8-gnu-toolchain/bin/../lib/gcc/avr/5.4.0/../../../../avr/lib/avr5\libc.a(malloc.o)
                0x00800100                __malloc_heap_end
                0x00800102                __malloc_heap_start
                0x00800104                __malloc_margin
 *(.data*)
 .data.isRCEnabled
                0x00800106        0x1 Main.o
                0x00800106                isRCEnabled
 .data.servo_h_positions
                0x00800107        0x4 ServoTask.o
                0x00800107                servo_h_positions
 *(.rodata)
 *(.rodata*)
 .rodata._ZTV14HardwareSerial
                0x0080010b       0x10 C:\AVR\MyProjects\MyRobot_000\MyRobot_000\ArduinoCore\Debug\libArduinoCore.a(HardwareSerial.o)
                0x0080010b                _ZTV14HardwareSerial
 .rodata.str1.1
                0x0080011b       0x11 C:\AVR\MyProjects\MyRobot_000\MyRobot_000\ArduinoCore\Debug\libArduinoCore.a(Print.o)
 *(.gnu.linkonce.d*)
                0x0080012c                . = ALIGN (0x2)
                0x0080012c                _edata = .
                0x0080012c                PROVIDE (__data_end, .)

.bss            0x0080012c      0x110
                0x0080012c                PROVIDE (__bss_start, .)
 *(.bss)
 *(.bss*)
 .bss.barrierdetect_Timer
                0x0080012c        0x4 Main.o
                0x0080012c                barrierdetect_Timer
 .bss.sonar_distance
                0x00800130        0x2 Main.o
                0x00800130                sonar_distance
 .bss.sonar_pingTimer
                0x00800132        0x4 Main.o
                0x00800132                sonar_pingTimer
 .bss.sonar     0x00800136       0x12 Main.o
                0x00800136                sonar
 .bss.lastCmd   0x00800148        0x1 Main.o
                0x00800148                lastCmd
 .bss.motors_max_speed
                0x00800149        0x1 Motors.o
                0x00800149                motors_max_speed
 .bss.motor_left
                0x0080014a        0x7 Motors.o
                0x0080014a                motor_left
 .bss.motor_right
                0x00800151        0x7 Motors.o
                0x00800151                motor_right
 .bss.intFunc   0x00800158        0x2 NewPing.o
                0x00800158                intFunc
 .bss.ServoPhase
                0x0080015a        0x1 ServoTask.o
                0x0080015a                ServoPhase
 .bss.servo_isWaiting
                0x0080015b        0x1 ServoTask.o
                0x0080015b                servo_isWaiting
 .bss.servo_doRotate
                0x0080015c        0x1 ServoTask.o
                0x0080015c                servo_doRotate
 .bss.servo_h_rotationTimer
                0x0080015d        0x4 ServoTask.o
                0x0080015d                servo_h_rotationTimer
 .bss.servo_h_position
                0x00800161        0x1 ServoTask.o
                0x00800161                servo_h_position
 .bss.servo_h_distances
                0x00800162        0x4 ServoTask.o
                0x00800162                servo_h_distances
 .bss.servo_v   0x00800166        0x3 ServoTask.o
                0x00800166                servo_v
 .bss.servo_h   0x00800169        0x3 ServoTask.o
                0x00800169                servo_h
 .bss.ServoCount
                0x0080016c        0x1 src/libraries/Servo/src/avr/Servo.o
                0x0080016c                ServoCount
 .bss._ZL7Channel
                0x0080016d        0x1 src/libraries/Servo/src/avr/Servo.o
 .bss._ZL6servos
                0x0080016e       0x24 src/libraries/Servo/src/avr/Servo.o
 .bss.Serial    0x00800192       0x9d C:\AVR\MyProjects\MyRobot_000\MyRobot_000\ArduinoCore\Debug\libArduinoCore.a(HardwareSerial0.o)
                0x00800192                Serial
 .bss.timer0_fract
                0x0080022f        0x1 C:\AVR\MyProjects\MyRobot_000\MyRobot_000\ArduinoCore\Debug\libArduinoCore.a(wiring.o)
 .bss.timer0_millis
                0x00800230        0x4 C:\AVR\MyProjects\MyRobot_000\MyRobot_000\ArduinoCore\Debug\libArduinoCore.a(wiring.o)
                0x00800230                timer0_millis
 .bss.timer0_overflow_count
                0x00800234        0x4 C:\AVR\MyProjects\MyRobot_000\MyRobot_000\ArduinoCore\Debug\libArduinoCore.a(wiring.o)
                0x00800234                timer0_overflow_count
 *(COMMON)
 COMMON         0x00800238        0x4 c:/program files (x86)/atmel/studio/7.0/toolchain/avr8/avr8-gnu-toolchain/bin/../lib/gcc/avr/5.4.0/../../../../avr/lib/avr5\libc.a(malloc.o)
                0x00800238                __brkval
                0x0080023a                __flp
                0x0080023c                PROVIDE (__bss_end, .)
                0x000026fe                __data_load_start = LOADADDR (.data)
                0x0000272a                __data_load_end = (__data_load_start + SIZEOF (.data))

.noinit         0x0080023c        0x0
                [!provide]                PROVIDE (__noinit_start, .)
 *(.noinit*)
                [!provide]                PROVIDE (__noinit_end, .)
                0x0080023c                _end = .
                0x0080023c                PROVIDE (__heap_start, .)

.eeprom         0x00810000        0x0
 *(.eeprom*)
                0x00810000                __eeprom_end = .

.fuse
 *(.fuse)
 *(.lfuse)
 *(.hfuse)
 *(.efuse)

.lock
 *(.lock*)

.signature
 *(.signature*)

.user_signatures
 *(.user_signatures*)

.stab
 *(.stab)

.stabstr
 *(.stabstr)

.stab.excl
 *(.stab.excl)

.stab.exclstr
 *(.stab.exclstr)

.stab.index
 *(.stab.index)

.stab.indexstr
 *(.stab.indexstr)

.comment        0x00000000       0x30
 *(.comment)
 .comment       0x00000000       0x30 Main.o
                                 0x31 (size before relaxing)
 .comment       0x00000030       0x31 Motor.o
 .comment       0x00000030       0x31 Motors.o
 .comment       0x00000030       0x31 NewPing.o
 .comment       0x00000030       0x31 ServoTask.o
 .comment       0x00000030       0x31 src/libraries/Servo/src/avr/Servo.o
 .comment       0x00000030       0x31 C:\AVR\MyProjects\MyRobot_000\MyRobot_000\ArduinoCore\Debug\libArduinoCore.a(HardwareSerial.o)
 .comment       0x00000030       0x31 C:\AVR\MyProjects\MyRobot_000\MyRobot_000\ArduinoCore\Debug\libArduinoCore.a(HardwareSerial0.o)
 .comment       0x00000030       0x31 C:\AVR\MyProjects\MyRobot_000\MyRobot_000\ArduinoCore\Debug\libArduinoCore.a(main.o)
 .comment       0x00000030       0x31 C:\AVR\MyProjects\MyRobot_000\MyRobot_000\ArduinoCore\Debug\libArduinoCore.a(Print.o)
 .comment       0x00000030       0x31 C:\AVR\MyProjects\MyRobot_000\MyRobot_000\ArduinoCore\Debug\libArduinoCore.a(wiring.o)
 .comment       0x00000030       0x31 C:\AVR\MyProjects\MyRobot_000\MyRobot_000\ArduinoCore\Debug\libArduinoCore.a(wiring_analog.o)
 .comment       0x00000030       0x31 C:\AVR\MyProjects\MyRobot_000\MyRobot_000\ArduinoCore\Debug\libArduinoCore.a(wiring_digital.o)
 .comment       0x00000030       0x31 C:\AVR\MyProjects\MyRobot_000\MyRobot_000\ArduinoCore\Debug\libArduinoCore.a(WMath.o)
 .comment       0x00000030       0x31 C:\AVR\MyProjects\MyRobot_000\MyRobot_000\ArduinoCore\Debug\libArduinoCore.a(WString.o)
 .comment       0x00000030       0x31 C:\AVR\MyProjects\MyRobot_000\MyRobot_000\ArduinoCore\Debug\libArduinoCore.a(hooks.o)
 .comment       0x00000030       0x31 c:/program files (x86)/atmel/studio/7.0/toolchain/avr8/avr8-gnu-toolchain/bin/../lib/gcc/avr/5.4.0/../../../../avr/lib/avr5\libc.a(malloc.o)
 .comment       0x00000030       0x31 c:/program files (x86)/atmel/studio/7.0/toolchain/avr8/avr8-gnu-toolchain/bin/../lib/gcc/avr/5.4.0/../../../../avr/lib/avr5\libc.a(realloc.o)

.note.gnu.avr.deviceinfo
                0x00000000       0x40
 .note.gnu.avr.deviceinfo
                0x00000000       0x40 C:/Program Files (x86)/Atmel/Studio/7.0/Packs/atmel/ATmega_DFP/1.1.130/gcc/dev/atmega328p/avr5/crtatmega328p.o

.note.gnu.build-id
 *(.note.gnu.build-id)

.debug
 *(.debug)

.line
 *(.line)

.debug_srcinfo
 *(.debug_srcinfo)

.debug_sfnames
 *(.debug_sfnames)

.debug_aranges  0x00000000      0x830
 *(.debug_aranges)
 .debug_aranges
                0x00000000       0x58 Main.o
 .debug_aranges
                0x00000058       0x78 Motor.o
 .debug_aranges
                0x000000d0       0x90 Motors.o
 .debug_aranges
                0x00000160       0xa0 NewPing.o
 .debug_aranges
                0x00000200       0x38 ServoTask.o
 .debug_aranges
                0x00000238       0x68 src/libraries/Servo/src/avr/Servo.o
 .debug_aranges
                0x000002a0       0x68 C:\AVR\MyProjects\MyRobot_000\MyRobot_000\ArduinoCore\Debug\libArduinoCore.a(HardwareSerial.o)
 .debug_aranges
                0x00000308       0x38 C:\AVR\MyProjects\MyRobot_000\MyRobot_000\ArduinoCore\Debug\libArduinoCore.a(HardwareSerial0.o)
 .debug_aranges
                0x00000340       0x30 C:\AVR\MyProjects\MyRobot_000\MyRobot_000\ArduinoCore\Debug\libArduinoCore.a(main.o)
 .debug_aranges
                0x00000370       0xf0 C:\AVR\MyProjects\MyRobot_000\MyRobot_000\ArduinoCore\Debug\libArduinoCore.a(Print.o)
 .debug_aranges
                0x00000460       0x48 C:\AVR\MyProjects\MyRobot_000\MyRobot_000\ArduinoCore\Debug\libArduinoCore.a(wiring.o)
 .debug_aranges
                0x000004a8       0x30 C:\AVR\MyProjects\MyRobot_000\MyRobot_000\ArduinoCore\Debug\libArduinoCore.a(wiring_analog.o)
 .debug_aranges
                0x000004d8       0x38 C:\AVR\MyProjects\MyRobot_000\MyRobot_000\ArduinoCore\Debug\libArduinoCore.a(wiring_digital.o)
 .debug_aranges
                0x00000510       0x48 C:\AVR\MyProjects\MyRobot_000\MyRobot_000\ArduinoCore\Debug\libArduinoCore.a(WMath.o)
 .debug_aranges
                0x00000558      0x2b8 C:\AVR\MyProjects\MyRobot_000\MyRobot_000\ArduinoCore\Debug\libArduinoCore.a(WString.o)
 .debug_aranges
                0x00000810       0x20 C:\AVR\MyProjects\MyRobot_000\MyRobot_000\ArduinoCore\Debug\libArduinoCore.a(hooks.o)

.debug_pubnames
 *(.debug_pubnames)

.debug_info     0x00000000    0x11fe6
 *(.debug_info .gnu.linkonce.wi.*)
 .debug_info    0x00000000      0x5f4 C:/Program Files (x86)/Atmel/Studio/7.0/Packs/atmel/ATmega_DFP/1.1.130/gcc/dev/atmega328p/avr5/crtatmega328p.o
 .debug_info    0x000005f4     0x1f67 Main.o
 .debug_info    0x0000255b      0x7ad Motor.o
 .debug_info    0x00002d08      0xf86 Motors.o
 .debug_info    0x00003c8e      0xcfa NewPing.o
 .debug_info    0x00004988     0x18b3 ServoTask.o
 .debug_info    0x0000623b      0x8d6 src/libraries/Servo/src/avr/Servo.o
 .debug_info    0x00006b11     0x1ea5 C:\AVR\MyProjects\MyRobot_000\MyRobot_000\ArduinoCore\Debug\libArduinoCore.a(HardwareSerial.o)
 .debug_info    0x000089b6     0x1a99 C:\AVR\MyProjects\MyRobot_000\MyRobot_000\ArduinoCore\Debug\libArduinoCore.a(HardwareSerial0.o)
 .debug_info    0x0000a44f      0x237 C:\AVR\MyProjects\MyRobot_000\MyRobot_000\ArduinoCore\Debug\libArduinoCore.a(main.o)
 .debug_info    0x0000a686     0x2884 C:\AVR\MyProjects\MyRobot_000\MyRobot_000\ArduinoCore\Debug\libArduinoCore.a(Print.o)
 .debug_info    0x0000cf0a      0x2cb C:\AVR\MyProjects\MyRobot_000\MyRobot_000\ArduinoCore\Debug\libArduinoCore.a(wiring.o)
 .debug_info    0x0000d1d5      0x26d C:\AVR\MyProjects\MyRobot_000\MyRobot_000\ArduinoCore\Debug\libArduinoCore.a(wiring_analog.o)
 .debug_info    0x0000d442      0x5fe C:\AVR\MyProjects\MyRobot_000\MyRobot_000\ArduinoCore\Debug\libArduinoCore.a(wiring_digital.o)
 .debug_info    0x0000da40      0x230 C:\AVR\MyProjects\MyRobot_000\MyRobot_000\ArduinoCore\Debug\libArduinoCore.a(WMath.o)
 .debug_info    0x0000dc70     0x4338 C:\AVR\MyProjects\MyRobot_000\MyRobot_000\ArduinoCore\Debug\libArduinoCore.a(WString.o)
 .debug_info    0x00011fa8       0x3e C:\AVR\MyProjects\MyRobot_000\MyRobot_000\ArduinoCore\Debug\libArduinoCore.a(hooks.o)

.debug_abbrev   0x00000000     0x31d0
 *(.debug_abbrev)
 .debug_abbrev  0x00000000      0x5a2 C:/Program Files (x86)/Atmel/Studio/7.0/Packs/atmel/ATmega_DFP/1.1.130/gcc/dev/atmega328p/avr5/crtatmega328p.o
 .debug_abbrev  0x000005a2      0x4c1 Main.o
 .debug_abbrev  0x00000a63      0x23b Motor.o
 .debug_abbrev  0x00000c9e      0x2cc Motors.o
 .debug_abbrev  0x00000f6a      0x3b7 NewPing.o
 .debug_abbrev  0x00001321      0x39c ServoTask.o
 .debug_abbrev  0x000016bd      0x386 src/libraries/Servo/src/avr/Servo.o
 .debug_abbrev  0x00001a43      0x432 C:\AVR\MyProjects\MyRobot_000\MyRobot_000\ArduinoCore\Debug\libArduinoCore.a(HardwareSerial.o)
 .debug_abbrev  0x00001e75      0x3a2 C:\AVR\MyProjects\MyRobot_000\MyRobot_000\ArduinoCore\Debug\libArduinoCore.a(HardwareSerial0.o)
 .debug_abbrev  0x00002217      0x12d C:\AVR\MyProjects\MyRobot_000\MyRobot_000\ArduinoCore\Debug\libArduinoCore.a(main.o)
 .debug_abbrev  0x00002344      0x469 C:\AVR\MyProjects\MyRobot_000\MyRobot_000\ArduinoCore\Debug\libArduinoCore.a(Print.o)
 .debug_abbrev  0x000027ad      0x146 C:\AVR\MyProjects\MyRobot_000\MyRobot_000\ArduinoCore\Debug\libArduinoCore.a(wiring.o)
 .debug_abbrev  0x000028f3      0x16b C:\AVR\MyProjects\MyRobot_000\MyRobot_000\ArduinoCore\Debug\libArduinoCore.a(wiring_analog.o)
 .debug_abbrev  0x00002a5e      0x15b C:\AVR\MyProjects\MyRobot_000\MyRobot_000\ArduinoCore\Debug\libArduinoCore.a(wiring_digital.o)
 .debug_abbrev  0x00002bb9      0x12b C:\AVR\MyProjects\MyRobot_000\MyRobot_000\ArduinoCore\Debug\libArduinoCore.a(WMath.o)
 .debug_abbrev  0x00002ce4      0x4c2 C:\AVR\MyProjects\MyRobot_000\MyRobot_000\ArduinoCore\Debug\libArduinoCore.a(WString.o)
 .debug_abbrev  0x000031a6       0x2a C:\AVR\MyProjects\MyRobot_000\MyRobot_000\ArduinoCore\Debug\libArduinoCore.a(hooks.o)

.debug_line     0x00000000     0x429a
 *(.debug_line .debug_line.* .debug_line_end)
 .debug_line    0x00000000      0x133 C:/Program Files (x86)/Atmel/Studio/7.0/Packs/atmel/ATmega_DFP/1.1.130/gcc/dev/atmega328p/avr5/crtatmega328p.o
 .debug_line    0x00000133      0x4cd Main.o
 .debug_line    0x00000600      0x2d4 Motor.o
 .debug_line    0x000008d4      0x489 Motors.o
 .debug_line    0x00000d5d      0x48c NewPing.o
 .debug_line    0x000011e9      0x32a ServoTask.o
 .debug_line    0x00001513      0x3a4 src/libraries/Servo/src/avr/Servo.o
 .debug_line    0x000018b7      0x426 C:\AVR\MyProjects\MyRobot_000\MyRobot_000\ArduinoCore\Debug\libArduinoCore.a(HardwareSerial.o)
 .debug_line    0x00001cdd      0x257 C:\AVR\MyProjects\MyRobot_000\MyRobot_000\ArduinoCore\Debug\libArduinoCore.a(HardwareSerial0.o)
 .debug_line    0x00001f34      0x165 C:\AVR\MyProjects\MyRobot_000\MyRobot_000\ArduinoCore\Debug\libArduinoCore.a(main.o)
 .debug_line    0x00002099      0x62e C:\AVR\MyProjects\MyRobot_000\MyRobot_000\ArduinoCore\Debug\libArduinoCore.a(Print.o)
 .debug_line    0x000026c7      0x299 C:\AVR\MyProjects\MyRobot_000\MyRobot_000\ArduinoCore\Debug\libArduinoCore.a(wiring.o)
 .debug_line    0x00002960      0x20f C:\AVR\MyProjects\MyRobot_000\MyRobot_000\ArduinoCore\Debug\libArduinoCore.a(wiring_analog.o)
 .debug_line    0x00002b6f      0x252 C:\AVR\MyProjects\MyRobot_000\MyRobot_000\ArduinoCore\Debug\libArduinoCore.a(wiring_digital.o)
 .debug_line    0x00002dc1      0x143 C:\AVR\MyProjects\MyRobot_000\MyRobot_000\ArduinoCore\Debug\libArduinoCore.a(WMath.o)
 .debug_line    0x00002f04     0x1355 C:\AVR\MyProjects\MyRobot_000\MyRobot_000\ArduinoCore\Debug\libArduinoCore.a(WString.o)
 .debug_line    0x00004259       0x41 C:\AVR\MyProjects\MyRobot_000\MyRobot_000\ArduinoCore\Debug\libArduinoCore.a(hooks.o)

.debug_frame    0x00000000     0x1a38
 *(.debug_frame)
 .debug_frame   0x00000000       0xdc Main.o
 .debug_frame   0x000000dc       0xf0 Motor.o
 .debug_frame   0x000001cc      0x14c Motors.o
 .debug_frame   0x00000318      0x244 NewPing.o
 .debug_frame   0x0000055c       0x70 ServoTask.o
 .debug_frame   0x000005cc      0x1b0 src/libraries/Servo/src/avr/Servo.o
 .debug_frame   0x0000077c      0x110 C:\AVR\MyProjects\MyRobot_000\MyRobot_000\ArduinoCore\Debug\libArduinoCore.a(HardwareSerial.o)
 .debug_frame   0x0000088c       0xc0 C:\AVR\MyProjects\MyRobot_000\MyRobot_000\ArduinoCore\Debug\libArduinoCore.a(HardwareSerial0.o)
 .debug_frame   0x0000094c       0x54 C:\AVR\MyProjects\MyRobot_000\MyRobot_000\ArduinoCore\Debug\libArduinoCore.a(main.o)
 .debug_frame   0x000009a0      0x38c C:\AVR\MyProjects\MyRobot_000\MyRobot_000\ArduinoCore\Debug\libArduinoCore.a(Print.o)
 .debug_frame   0x00000d2c       0xc4 C:\AVR\MyProjects\MyRobot_000\MyRobot_000\ArduinoCore\Debug\libArduinoCore.a(wiring.o)
 .debug_frame   0x00000df0       0x54 C:\AVR\MyProjects\MyRobot_000\MyRobot_000\ArduinoCore\Debug\libArduinoCore.a(wiring_analog.o)
 .debug_frame   0x00000e44       0x7c C:\AVR\MyProjects\MyRobot_000\MyRobot_000\ArduinoCore\Debug\libArduinoCore.a(wiring_digital.o)
 .debug_frame   0x00000ec0       0xf4 C:\AVR\MyProjects\MyRobot_000\MyRobot_000\ArduinoCore\Debug\libArduinoCore.a(WMath.o)
 .debug_frame   0x00000fb4      0xa60 C:\AVR\MyProjects\MyRobot_000\MyRobot_000\ArduinoCore\Debug\libArduinoCore.a(WString.o)
 .debug_frame   0x00001a14       0x24 C:\AVR\MyProjects\MyRobot_000\MyRobot_000\ArduinoCore\Debug\libArduinoCore.a(hooks.o)

.debug_str      0x00000000     0x313f
 *(.debug_str)
 .debug_str     0x00000000      0x208 C:/Program Files (x86)/Atmel/Studio/7.0/Packs/atmel/ATmega_DFP/1.1.130/gcc/dev/atmega328p/avr5/crtatmega328p.o
 .debug_str     0x00000208     0x17db Main.o
                               0x189d (size before relaxing)
 .debug_str     0x000019e3      0x201 Motor.o
                                0x48b (size before relaxing)
 .debug_str     0x00001be4       0x99 Motors.o
                                0x799 (size before relaxing)
 .debug_str     0x00001c7d      0x139 NewPing.o
                                0x699 (size before relaxing)
 .debug_str     0x00001db6       0xb2 ServoTask.o
                               0x114d (size before relaxing)
 .debug_str     0x00001e68      0x11a src/libraries/Servo/src/avr/Servo.o
                                0x4c6 (size before relaxing)
 .debug_str     0x00001f82      0x79e C:\AVR\MyProjects\MyRobot_000\MyRobot_000\ArduinoCore\Debug\libArduinoCore.a(HardwareSerial.o)
                               0x15e6 (size before relaxing)
 .debug_str     0x00002720       0x55 C:\AVR\MyProjects\MyRobot_000\MyRobot_000\ArduinoCore\Debug\libArduinoCore.a(HardwareSerial0.o)
                               0x13bf (size before relaxing)
 .debug_str     0x00002775       0x37 C:\AVR\MyProjects\MyRobot_000\MyRobot_000\ArduinoCore\Debug\libArduinoCore.a(main.o)
                                0x29b (size before relaxing)
 .debug_str     0x000027ac      0x35e C:\AVR\MyProjects\MyRobot_000\MyRobot_000\ArduinoCore\Debug\libArduinoCore.a(Print.o)
                               0x11e0 (size before relaxing)
 .debug_str     0x00002b0a      0x13b C:\AVR\MyProjects\MyRobot_000\MyRobot_000\ArduinoCore\Debug\libArduinoCore.a(wiring.o)
                                0x231 (size before relaxing)
 .debug_str     0x00002c45       0x6b C:\AVR\MyProjects\MyRobot_000\MyRobot_000\ArduinoCore\Debug\libArduinoCore.a(wiring_analog.o)
                                0x235 (size before relaxing)
 .debug_str     0x00002cb0       0x39 C:\AVR\MyProjects\MyRobot_000\MyRobot_000\ArduinoCore\Debug\libArduinoCore.a(wiring_digital.o)
                                0x296 (size before relaxing)
 .debug_str     0x00002ce9       0xac C:\AVR\MyProjects\MyRobot_000\MyRobot_000\ArduinoCore\Debug\libArduinoCore.a(WMath.o)
                                0x234 (size before relaxing)
 .debug_str     0x00002d95      0x38e C:\AVR\MyProjects\MyRobot_000\MyRobot_000\ArduinoCore\Debug\libArduinoCore.a(WString.o)
                               0x117c (size before relaxing)
 .debug_str     0x00003123       0x1c C:\AVR\MyProjects\MyRobot_000\MyRobot_000\ArduinoCore\Debug\libArduinoCore.a(hooks.o)
                                0x126 (size before relaxing)

.debug_loc      0x00000000     0x9065
 *(.debug_loc)
 .debug_loc     0x00000000      0x1c5 Main.o
 .debug_loc     0x000001c5      0x4d8 Motor.o
 .debug_loc     0x0000069d      0x3cb Motors.o
 .debug_loc     0x00000a68      0xba0 NewPing.o
 .debug_loc     0x00001608       0xf2 ServoTask.o
 .debug_loc     0x000016fa      0x75c src/libraries/Servo/src/avr/Servo.o
 .debug_loc     0x00001e56      0x482 C:\AVR\MyProjects\MyRobot_000\MyRobot_000\ArduinoCore\Debug\libArduinoCore.a(HardwareSerial.o)
 .debug_loc     0x000022d8      0x18a C:\AVR\MyProjects\MyRobot_000\MyRobot_000\ArduinoCore\Debug\libArduinoCore.a(HardwareSerial0.o)
 .debug_loc     0x00002462     0x1c79 C:\AVR\MyProjects\MyRobot_000\MyRobot_000\ArduinoCore\Debug\libArduinoCore.a(Print.o)
 .debug_loc     0x000040db      0x28d C:\AVR\MyProjects\MyRobot_000\MyRobot_000\ArduinoCore\Debug\libArduinoCore.a(wiring.o)
 .debug_loc     0x00004368       0xfe C:\AVR\MyProjects\MyRobot_000\MyRobot_000\ArduinoCore\Debug\libArduinoCore.a(wiring_analog.o)
 .debug_loc     0x00004466      0x5fc C:\AVR\MyProjects\MyRobot_000\MyRobot_000\ArduinoCore\Debug\libArduinoCore.a(wiring_digital.o)
 .debug_loc     0x00004a62      0x3d6 C:\AVR\MyProjects\MyRobot_000\MyRobot_000\ArduinoCore\Debug\libArduinoCore.a(WMath.o)
 .debug_loc     0x00004e38     0x422d C:\AVR\MyProjects\MyRobot_000\MyRobot_000\ArduinoCore\Debug\libArduinoCore.a(WString.o)

.debug_macinfo
 *(.debug_macinfo)

.debug_weaknames
 *(.debug_weaknames)

.debug_funcnames
 *(.debug_funcnames)

.debug_typenames
 *(.debug_typenames)

.debug_varnames
 *(.debug_varnames)

.debug_pubtypes
 *(.debug_pubtypes)

.debug_ranges   0x00000000      0x7e0
 *(.debug_ranges)
 .debug_ranges  0x00000000       0x60 Main.o
 .debug_ranges  0x00000060       0x68 Motor.o
 .debug_ranges  0x000000c8       0x80 Motors.o
 .debug_ranges  0x00000148       0x90 NewPing.o
 .debug_ranges  0x000001d8       0x28 ServoTask.o
 .debug_ranges  0x00000200       0x70 src/libraries/Servo/src/avr/Servo.o
 .debug_ranges  0x00000270       0x58 C:\AVR\MyProjects\MyRobot_000\MyRobot_000\ArduinoCore\Debug\libArduinoCore.a(HardwareSerial.o)
 .debug_ranges  0x000002c8       0x28 C:\AVR\MyProjects\MyRobot_000\MyRobot_000\ArduinoCore\Debug\libArduinoCore.a(HardwareSerial0.o)
 .debug_ranges  0x000002f0       0x20 C:\AVR\MyProjects\MyRobot_000\MyRobot_000\ArduinoCore\Debug\libArduinoCore.a(main.o)
 .debug_ranges  0x00000310      0x110 C:\AVR\MyProjects\MyRobot_000\MyRobot_000\ArduinoCore\Debug\libArduinoCore.a(Print.o)
 .debug_ranges  0x00000420       0x38 C:\AVR\MyProjects\MyRobot_000\MyRobot_000\ArduinoCore\Debug\libArduinoCore.a(wiring.o)
 .debug_ranges  0x00000458       0x20 C:\AVR\MyProjects\MyRobot_000\MyRobot_000\ArduinoCore\Debug\libArduinoCore.a(wiring_analog.o)
 .debug_ranges  0x00000478       0x28 C:\AVR\MyProjects\MyRobot_000\MyRobot_000\ArduinoCore\Debug\libArduinoCore.a(wiring_digital.o)
 .debug_ranges  0x000004a0       0x38 C:\AVR\MyProjects\MyRobot_000\MyRobot_000\ArduinoCore\Debug\libArduinoCore.a(WMath.o)
 .debug_ranges  0x000004d8      0x2f8 C:\AVR\MyProjects\MyRobot_000\MyRobot_000\ArduinoCore\Debug\libArduinoCore.a(WString.o)
 .debug_ranges  0x000007d0       0x10 C:\AVR\MyProjects\MyRobot_000\MyRobot_000\ArduinoCore\Debug\libArduinoCore.a(hooks.o)

.debug_macro
 *(.debug_macro)
OUTPUT(MyRobot_000.elf elf32-avr)
LOAD linker stubs
