Archive member included to satisfy reference by file (symbol)

C:\AVR\Projects\MyRobot_000\MyRobot_000\ArduinoCore\Debug\libArduinoCore.a(HardwareSerial.o)
                              SerialTask.o (_ZN14HardwareSerial9availableEv)
C:\AVR\Projects\MyRobot_000\MyRobot_000\ArduinoCore\Debug\libArduinoCore.a(HardwareSerial0.o)
                              Main.o (Serial)
C:\AVR\Projects\MyRobot_000\MyRobot_000\ArduinoCore\Debug\libArduinoCore.a(main.o)
                              C:/AVR/Atmel/Studio/7.0/Packs/atmel/ATmega_DFP/1.1.130/gcc/dev/atmega328p/avr5/crtatmega328p.o (main)
C:\AVR\Projects\MyRobot_000\MyRobot_000\ArduinoCore\Debug\libArduinoCore.a(Print.o)
                              C:\AVR\Projects\MyRobot_000\MyRobot_000\ArduinoCore\Debug\libArduinoCore.a(HardwareSerial.o) (_ZN5Print5writeEPKhj)
C:\AVR\Projects\MyRobot_000\MyRobot_000\ArduinoCore\Debug\libArduinoCore.a(wiring.o)
                              Main.o (millis)
C:\AVR\Projects\MyRobot_000\MyRobot_000\ArduinoCore\Debug\libArduinoCore.a(wiring_analog.o)
                              Motor.o (analogWrite)
C:\AVR\Projects\MyRobot_000\MyRobot_000\ArduinoCore\Debug\libArduinoCore.a(wiring_digital.o)
                              Main.o (pinMode)
C:\AVR\Projects\MyRobot_000\MyRobot_000\ArduinoCore\Debug\libArduinoCore.a(WMath.o)
                              src/libraries/Servo/src/avr/Servo.o (_Z3maplllll)
C:\AVR\Projects\MyRobot_000\MyRobot_000\ArduinoCore\Debug\libArduinoCore.a(WString.o)
                              Main.o (_ZN6StringD2Ev)
C:\AVR\Projects\MyRobot_000\MyRobot_000\ArduinoCore\Debug\libArduinoCore.a(abi.o)
                              C:\AVR\Projects\MyRobot_000\MyRobot_000\ArduinoCore\Debug\libArduinoCore.a(Print.o) (__cxa_pure_virtual)
C:\AVR\Projects\MyRobot_000\MyRobot_000\ArduinoCore\Debug\libArduinoCore.a(hooks.o)
                              C:\AVR\Projects\MyRobot_000\MyRobot_000\ArduinoCore\Debug\libArduinoCore.a(wiring.o) (yield)
c:/avr/atmel/studio/7.0/toolchain/avr8/avr8-gnu-toolchain/bin/../lib/gcc/avr/4.9.2/../../../../avr/lib/avr5\libm.a(addsf3.o)
                              C:\AVR\Projects\MyRobot_000\MyRobot_000\ArduinoCore\Debug\libArduinoCore.a(Print.o) (__subsf3)
c:/avr/atmel/studio/7.0/toolchain/avr8/avr8-gnu-toolchain/bin/../lib/gcc/avr/4.9.2/../../../../avr/lib/avr5\libm.a(addsf3x.o)
                              c:/avr/atmel/studio/7.0/toolchain/avr8/avr8-gnu-toolchain/bin/../lib/gcc/avr/4.9.2/../../../../avr/lib/avr5\libm.a(addsf3.o) (__addsf3x)
c:/avr/atmel/studio/7.0/toolchain/avr8/avr8-gnu-toolchain/bin/../lib/gcc/avr/4.9.2/../../../../avr/lib/avr5\libm.a(cmpsf2.o)
                              C:\AVR\Projects\MyRobot_000\MyRobot_000\ArduinoCore\Debug\libArduinoCore.a(Print.o) (__ltsf2)
c:/avr/atmel/studio/7.0/toolchain/avr8/avr8-gnu-toolchain/bin/../lib/gcc/avr/4.9.2/../../../../avr/lib/avr5\libm.a(divsf3.o)
                              C:\AVR\Projects\MyRobot_000\MyRobot_000\ArduinoCore\Debug\libArduinoCore.a(Print.o) (__divsf3)
c:/avr/atmel/studio/7.0/toolchain/avr8/avr8-gnu-toolchain/bin/../lib/gcc/avr/4.9.2/../../../../avr/lib/avr5\libm.a(divsf3x.o)
                              c:/avr/atmel/studio/7.0/toolchain/avr8/avr8-gnu-toolchain/bin/../lib/gcc/avr/4.9.2/../../../../avr/lib/avr5\libm.a(divsf3.o) (__divsf3x)
c:/avr/atmel/studio/7.0/toolchain/avr8/avr8-gnu-toolchain/bin/../lib/gcc/avr/4.9.2/../../../../avr/lib/avr5\libm.a(fixunssfsi.o)
                              C:\AVR\Projects\MyRobot_000\MyRobot_000\ArduinoCore\Debug\libArduinoCore.a(Print.o) (__fixunssfsi)
c:/avr/atmel/studio/7.0/toolchain/avr8/avr8-gnu-toolchain/bin/../lib/gcc/avr/4.9.2/../../../../avr/lib/avr5\libm.a(floatsisf.o)
                              C:\AVR\Projects\MyRobot_000\MyRobot_000\ArduinoCore\Debug\libArduinoCore.a(Print.o) (__floatunsisf)
c:/avr/atmel/studio/7.0/toolchain/avr8/avr8-gnu-toolchain/bin/../lib/gcc/avr/4.9.2/../../../../avr/lib/avr5\libm.a(fp_cmp.o)
                              c:/avr/atmel/studio/7.0/toolchain/avr8/avr8-gnu-toolchain/bin/../lib/gcc/avr/4.9.2/../../../../avr/lib/avr5\libm.a(cmpsf2.o) (__fp_cmp)
c:/avr/atmel/studio/7.0/toolchain/avr8/avr8-gnu-toolchain/bin/../lib/gcc/avr/4.9.2/../../../../avr/lib/avr5\libm.a(fp_inf.o)
                              c:/avr/atmel/studio/7.0/toolchain/avr8/avr8-gnu-toolchain/bin/../lib/gcc/avr/4.9.2/../../../../avr/lib/avr5\libm.a(addsf3x.o) (__fp_inf)
c:/avr/atmel/studio/7.0/toolchain/avr8/avr8-gnu-toolchain/bin/../lib/gcc/avr/4.9.2/../../../../avr/lib/avr5\libm.a(fp_nan.o)
                              c:/avr/atmel/studio/7.0/toolchain/avr8/avr8-gnu-toolchain/bin/../lib/gcc/avr/4.9.2/../../../../avr/lib/avr5\libm.a(addsf3x.o) (__fp_nan)
c:/avr/atmel/studio/7.0/toolchain/avr8/avr8-gnu-toolchain/bin/../lib/gcc/avr/4.9.2/../../../../avr/lib/avr5\libm.a(fp_pscA.o)
                              c:/avr/atmel/studio/7.0/toolchain/avr8/avr8-gnu-toolchain/bin/../lib/gcc/avr/4.9.2/../../../../avr/lib/avr5\libm.a(addsf3x.o) (__fp_pscA)
[...]
Memory Configuration

Name             Origin             Length             Attributes
text             0x00000000         0x00020000         xr
data             0x00800060         0x0000ffa0         rw !x
eeprom           0x00810000         0x00010000         rw !x
fuse             0x00820000         0x00000003         rw !x
lock             0x00830000         0x00000400         rw !x
signature        0x00840000         0x00000400         rw !x
user_signatures  0x00850000         0x00000400         rw !x
*default*        0x00000000         0xffffffff

Linker script and memory map

Address of section .data set to 0x800100
LOAD C:/AVR/Atmel/Studio/7.0/Packs/atmel/ATmega_DFP/1.1.130/gcc/dev/atmega328p/avr5/crtatmega328p.o
LOAD Main.o
LOAD Motor.o
LOAD Motors.o
LOAD NewPing.o
LOAD SerialTask.o
LOAD ServoTask.o
LOAD src/libraries/Servo/src/avr/Servo.o
START GROUP
LOAD c:/avr/atmel/studio/7.0/toolchain/avr8/avr8-gnu-toolchain/bin/../lib/gcc/avr/4.9.2/../../../../avr/lib/avr5\libm.a
LOAD C:\AVR\Projects\MyRobot_000\MyRobot_000\ArduinoCore\Debug\libArduinoCore.a
END GROUP
LOAD c:/avr/atmel/studio/7.0/toolchain/avr8/avr8-gnu-toolchain/bin/../lib/gcc/avr/4.9.2/avr5\libgcc.a
LOAD c:/avr/atmel/studio/7.0/toolchain/avr8/avr8-gnu-toolchain/bin/../lib/gcc/avr/4.9.2/../../../../avr/lib/avr5\libm.a
START GROUP
LOAD c:/avr/atmel/studio/7.0/toolchain/avr8/avr8-gnu-toolchain/bin/../lib/gcc/avr/4.9.2/avr5\libgcc.a
LOAD c:/avr/atmel/studio/7.0/toolchain/avr8/avr8-gnu-toolchain/bin/../lib/gcc/avr/4.9.2/../../../../avr/lib/avr5\libm.a
LOAD c:/avr/atmel/studio/7.0/toolchain/avr8/avr8-gnu-toolchain/bin/../lib/gcc/avr/4.9.2/../../../../avr/lib/avr5\libc.a
LOAD C:/AVR/Atmel/Studio/7.0/Packs/atmel/ATmega_DFP/1.1.130/gcc/dev/atmega328p/avr5\libatmega328p.a
END GROUP
                0x00020000                __TEXT_REGION_LENGTH__ = DEFINED (__TEXT_REGION_LENGTH__)?__TEXT_REGION_LENGTH__:0x20000
                0x0000ffa0                __DATA_REGION_LENGTH__ = DEFINED (__DATA_REGION_LENGTH__)?__DATA_REGION_LENGTH__:0xffa0
                0x00010000                __EEPROM_REGION_LENGTH__ = DEFINED (__EEPROM_REGION_LENGTH__)?__EEPROM_REGION_LENGTH__:0x10000
                [0x00000003]                __FUSE_REGION_LENGTH__ = DEFINED (__FUSE_REGION_LENGTH__)?__FUSE_REGION_LENGTH__:0x400
                0x00000400                __LOCK_REGION_LENGTH__ = DEFINED (__LOCK_REGION_LENGTH__)?__LOCK_REGION_LENGTH__:0x400
                0x00000400                __SIGNATURE_REGION_LENGTH__ = DEFINED (__SIGNATURE_REGION_LENGTH__)?__SIGNATURE_REGION_LENGTH__:0x400
                0x00000400                __USER_SIGNATURE_REGION_LENGTH__ = DEFINED (__USER_SIGNATURE_REGION_LENGTH__)?__USER_SIGNATURE_REGION_LENGTH__:0x400

.hash
 *(.hash)

.dynsym
 *(.dynsym)

.dynstr
 *(.dynstr)

.gnu.version
 *(.gnu.version)

.gnu.version_d
 *(.gnu.version_d)

.gnu.version_r
 *(.gnu.version_r)

.rel.init
 *(.rel.init)

.rela.init
 *(.rela.init)

.rel.text
 *(.rel.text)
 *(.rel.text.*)
 *(.rel.gnu.linkonce.t*)

.rela.text
 *(.rela.text)
 *(.rela.text.*)
 *(.rela.gnu.linkonce.t*)

.rel.fini
 *(.rel.fini)

.rela.fini
 *(.rela.fini)

.rel.rodata
 *(.rel.rodata)
 *(.rel.rodata.*)
 *(.rel.gnu.linkonce.r*)

.rela.rodata
 *(.rela.rodata)
 *(.rela.rodata.*)
 *(.rela.gnu.linkonce.r*)

.rel.data
 *(.rel.data)
 *(.rel.data.*)
 *(.rel.gnu.linkonce.d*)

.rela.data
 *(.rela.data)
 *(.rela.data.*)
 *(.rela.gnu.linkonce.d*)

.rel.ctors
 *(.rel.ctors)

.rela.ctors
 *(.rela.ctors)

.rel.dtors
 *(.rel.dtors)

.rela.dtors
 *(.rela.dtors)

.rel.got
 *(.rel.got)

.rela.got
 *(.rela.got)

.rel.bss
 *(.rel.bss)

.rela.bss
 *(.rela.bss)

.rel.plt
 *(.rel.plt)

.rela.plt
 *(.rela.plt)

.text           0x00000000     0x2a42
 *(.vectors)
 .vectors       0x00000000       0x68 C:/AVR/Atmel/Studio/7.0/Packs/atmel/ATmega_DFP/1.1.130/gcc/dev/atmega328p/avr5/crtatmega328p.o
                0x00000000                __vector_default
                0x00000000                __vectors
 *(.vectors)
 *(.progmem.gcc*)
                0x00000068                . = ALIGN (0x2)
                0x00000068                __trampolines_start = .
 *(.trampolines)
 .trampolines   0x00000068        0x0 linker stubs
 *(.trampolines*)
                0x00000068                __trampolines_end = .
 *libprintf_flt.a:*(.progmem.data)
 *libc.a:*(.progmem.data)
 *(.progmem*)
 .progmem.data._ZZ15sonar_echoCheckvE3__c_0
                0x00000068        0x3 Main.o
 .progmem.data._ZZ15sonar_echoCheckvE3__c
                0x0000006b       0x11 Main.o
 .progmem.data._ZZ23motors_string_maxspeedsvE3__c_0
                0x0000007c        0x2 Motors.o
 .progmem.data._ZZ23motors_string_maxspeedsvE3__c
                0x0000007e        0xe Motors.o
 .progmem.data._ZZ24motors_string_realspeedsvE3__c_0
                0x0000008c        0x2 Motors.o
 .progmem.data._ZZ24motors_string_realspeedsvE3__c
                0x0000008e        0xe Motors.o
 .progmem.data._ZZ20motors_string_speedsvE3__c_0
                0x0000009c        0x2 Motors.o
 .progmem.data._ZZ20motors_string_speedsvE3__c
                0x0000009e        0xa Motors.o
 .progmem.data._ZZ10SerialInitvE3__c
                0x000000a8        0x6 SerialTask.o
 .progmem.data._ZZ17Task_ServoHandlervE3__c_1
                0x000000ae       0x14 ServoTask.o
 .progmem.data._ZZ17Task_ServoHandlervE3__c_0
                0x000000c2       0x13 ServoTask.o
 .progmem.data._ZZ17Task_ServoHandlervE3__c
                0x000000d5       0x2b ServoTask.o
 .progmem.data.digital_pin_to_timer_PGM
                0x00000100       0x14 C:\AVR\Projects\MyRobot_000\MyRobot_000\ArduinoCore\Debug\libArduinoCore.a(wiring_digital.o)
                0x00000100                digital_pin_to_timer_PGM
 .progmem.data.digital_pin_to_bit_mask_PGM
                0x00000114       0x14 C:\AVR\Projects\MyRobot_000\MyRobot_000\ArduinoCore\Debug\libArduinoCore.a(wiring_digital.o)
                0x00000114                digital_pin_to_bit_mask_PGM
 .progmem.data.digital_pin_to_port_PGM
                0x00000128       0x14 C:\AVR\Projects\MyRobot_000\MyRobot_000\ArduinoCore\Debug\libArduinoCore.a(wiring_digital.o)
                0x00000128                digital_pin_to_port_PGM
 .progmem.data.port_to_input_PGM
                0x0000013c        0xa C:\AVR\Projects\MyRobot_000\MyRobot_000\ArduinoCore\Debug\libArduinoCore.a(wiring_digital.o)
                0x0000013c                port_to_input_PGM
 .progmem.data.port_to_output_PGM
                0x00000146        0xa C:\AVR\Projects\MyRobot_000\MyRobot_000\ArduinoCore\Debug\libArduinoCore.a(wiring_digital.o)
                0x00000146                port_to_output_PGM
 .progmem.data.port_to_mode_PGM
                0x00000150        0xa C:\AVR\Projects\MyRobot_000\MyRobot_000\ArduinoCore\Debug\libArduinoCore.a(wiring_digital.o)
                0x00000150                port_to_mode_PGM
                0x0000015a                . = ALIGN (0x2)
 *(.jumptables)
 *(.jumptables*)
 *(.lowtext)
 *(.lowtext*)
                0x0000015a                __ctors_start = .
 *(.ctors)
 .ctors         0x0000015a        0x2 Main.o
 .ctors         0x0000015c        0x2 Motors.o
 .ctors         0x0000015e        0x2 ServoTask.o
 .ctors         0x00000160        0x2 C:\AVR\Projects\MyRobot_000\MyRobot_000\ArduinoCore\Debug\libArduinoCore.a(HardwareSerial0.o)
                0x00000162                __ctors_end = .
                0x00000162                __dtors_start = .
 *(.dtors)
                0x00000162                __dtors_end = .
 SORT(*)(.ctors)
 SORT(*)(.dtors)
 *(.init0)
 .init0         0x00000162        0x0 C:/AVR/Atmel/Studio/7.0/Packs/atmel/ATmega_DFP/1.1.130/gcc/dev/atmega328p/avr5/crtatmega328p.o
                0x00000162                __init
 *(.init0)
 *(.init1)
 *(.init1)
 *(.init2)
 .init2         0x00000162        0xc C:/AVR/Atmel/Studio/7.0/Packs/atmel/ATmega_DFP/1.1.130/gcc/dev/atmega328p/avr5/crtatmega328p.o
 *(.init2)
 *(.init3)
 *(.init3)
 *(.init4)
 .init4         0x0000016e       0x16 c:/avr/atmel/studio/7.0/toolchain/avr8/avr8-gnu-toolchain/bin/../lib/gcc/avr/4.9.2/avr5\libgcc.a(_copy_data.o)
                0x0000016e                __do_copy_data
 .init4         0x00000184       0x10 c:/avr/atmel/studio/7.0/toolchain/avr8/avr8-gnu-toolchain/bin/../lib/gcc/avr/4.9.2/avr5\libgcc.a(_clear_bss.o)
                0x00000184                __do_clear_bss
 *(.init4)
 *(.init5)
 *(.init5)
 *(.init6)
 .init6         0x00000194       0x16 c:/avr/atmel/studio/7.0/toolchain/avr8/avr8-gnu-toolchain/bin/../lib/gcc/avr/4.9.2/avr5\libgcc.a(_ctors.o)
                0x00000194                __do_global_ctors
 *(.init6)
 *(.init7)
 *(.init7)
 *(.init8)
 *(.init8)
 *(.init9)
 .init9         0x000001aa        0x8 C:/AVR/Atmel/Studio/7.0/Packs/atmel/ATmega_DFP/1.1.130/gcc/dev/atmega328p/avr5/crtatmega328p.o
 *(.init9)
 *(.text)
 .text          0x000001b2        0x4 C:/AVR/Atmel/Studio/7.0/Packs/atmel/ATmega_DFP/1.1.130/gcc/dev/atmega328p/avr5/crtatmega328p.o
                0x000001b2                __vector_22
                0x000001b2                __vector_1
                0x000001b2                __vector_24
                0x000001b2                __vector_12
                0x000001b2                __bad_interrupt
                0x000001b2                __vector_6
                0x000001b2                __vector_3
                0x000001b2                __vector_23
                0x000001b2                __vector_25
                0x000001b2                __vector_13
                0x000001b2                __vector_17
                0x000001b2                __vector_5
                0x000001b2                __vector_4
                0x000001b2                __vector_9
                0x000001b2                __vector_2
                0x000001b2                __vector_21
                0x000001b2                __vector_15
                0x000001b2                __vector_8
                0x000001b2                __vector_14
                0x000001b2                __vector_10
                0x000001b2                __vector_20
                0x000001b6                . = ALIGN (0x2)
 *(.text.*)
 .text._Z15sonar_echoCheckv
                0x000001b6       0xbe Main.o
                0x000001b6                _Z15sonar_echoCheckv
 .text.setup    0x00000274       0x8e Main.o
                0x00000274                setup
 .text._Z21Task_BarrierDetectionv
                0x00000302       0xd8 Main.o
                0x00000302                _Z21Task_BarrierDetectionv
 .text._Z17Task_SonarHandlerv
                0x000003da       0x6e Main.o
                0x000003da                _Z17Task_SonarHandlerv
 .text.loop     0x00000448       0x10 Main.o
                0x00000448                loop
 .text.startup._GLOBAL__sub_I_sonar
                0x00000458       0x10 Main.o
 .text._ZN5Motor9get_speedEv
                0x00000468        0x6 Motor.o
                0x00000468                _ZN5Motor9get_speedEv
 .text._ZN5Motor13get_max_speedEv
                0x0000046e        0x6 Motor.o
                0x0000046e                _ZN5Motor13get_max_speedEv
 .text._ZN5Motor13set_directionEb
                0x00000474       0x14 Motor.o
                0x00000474                _ZN5Motor13set_directionEb
 .text._ZN5Motor13get_directionEv
                0x00000488        0x6 Motor.o
                0x00000488                _ZN5Motor13get_directionEv
 .text._ZN5Motor14get_speed_corrEv
                0x0000048e        0x6 Motor.o
                0x0000048e                _ZN5Motor14get_speed_corrEv
 .text._ZN5Motor13get_realspeedEv
                0x00000494       0x1a Motor.o
                0x00000494                _ZN5Motor13get_realspeedEv
 .text._ZN5Motor9set_speedEh
                0x000004ae       0x18 Motor.o
                0x000004ae                _ZN5Motor9set_speedEh
 .text._ZN5MotorC2Ehh
                0x000004c6       0x42 Motor.o
                0x000004c6                _ZN5MotorC2Ehh
                0x000004c6                _ZN5MotorC1Ehh
 .text._ZN5Motor13set_max_speedEh
                0x00000508       0x10 Motor.o
                0x00000508                _ZN5Motor13set_max_speedEh
 .text._ZN5Motor14set_speed_corrEh
                0x00000518       0x14 Motor.o
                0x00000518                _ZN5Motor14set_speed_corrEh
 .text._ZN5Motor8speed_upEh
                0x0000052c       0x28 Motor.o
                0x0000052c                _ZN5Motor8speed_upEh
 .text._ZN5Motor10speed_downEh
                0x00000554       0x24 Motor.o
                0x00000554                _ZN5Motor10speed_downEh
 .text._Z15motors_speed_uphh
                0x00000578       0x4e Motors.o
                0x00000578                _Z15motors_speed_uphh
 .text._Z17motors_speed_downhh
                0x000005c6       0x4e Motors.o
                0x000005c6                _Z17motors_speed_downhh
 .text._Z16motors_get_speedv
                0x00000614       0x1e Motors.o
                0x00000614                _Z16motors_get_speedv
 .text._Z20motors_set_max_speedhb
                0x00000632       0x20 Motors.o
                0x00000632                _Z20motors_set_max_speedhb
 .text._Z20get_motors_max_speedv
                0x00000652        0x6 Motors.o
                0x00000652                _Z20get_motors_max_speedv
 .text._Z19motors_correctspeedi
                0x00000658       0x8c Motors.o
                0x00000658                _Z19motors_correctspeedi
 .text._Z17motors_go_forwardv
                0x000006e4       0x46 Motors.o
                0x000006e4                _Z17motors_go_forwardv
 .text._Z26motors_go_forward_and_leftv
                0x0000072a       0x52 Motors.o
                0x0000072a                _Z26motors_go_forward_and_leftv
 .text._Z27motors_go_forward_and_rightv
                0x0000077c       0x52 Motors.o
                0x0000077c                _Z27motors_go_forward_and_rightv
 .text._Z18motors_go_backwardv
                0x000007ce       0x46 Motors.o
                0x000007ce                _Z18motors_go_backwardv
 .text._Z27motors_go_backward_and_leftv
                0x00000814       0x52 Motors.o
                0x00000814                _Z27motors_go_backward_and_leftv
 .text._Z28motors_go_backward_and_rightv
                0x00000866       0x52 Motors.o
                0x00000866                _Z28motors_go_backward_and_rightv
 .text._Z14motors_go_leftv
                0x000008b8       0x52 Motors.o
                0x000008b8                _Z14motors_go_leftv
 .text._Z15motors_go_rightv
                0x0000090a       0x52 Motors.o
                0x0000090a                _Z15motors_go_rightv
 .text._Z20motors_string_speedsv
                0x0000095c       0xa6 Motors.o
                0x0000095c                _Z20motors_string_speedsv
 .text._Z24motors_string_realspeedsv
                0x00000a02       0xa6 Motors.o
                0x00000a02                _Z24motors_string_realspeedsv
 .text._Z23motors_string_maxspeedsv
                0x00000aa8       0xa6 Motors.o
                0x00000aa8                _Z23motors_string_maxspeedsv
 .text.startup._GLOBAL__sub_I_motor_right
                0x00000b4e       0x18 Motors.o
 .text._ZN7NewPing12ping_triggerEv
                0x00000b66       0xe2 NewPing.o
                0x00000b66                _ZN7NewPing12ping_triggerEv
 .text._ZN7NewPing16set_max_distanceEj
                0x00000c48       0x24 NewPing.o
                0x00000c48                _ZN7NewPing16set_max_distanceEj
 .text._ZN7NewPingC2Ehhj
                0x00000c6c       0x86 NewPing.o
                0x00000c6c                _ZN7NewPingC1Ehhj
                0x00000c6c                _ZN7NewPingC2Ehhj
 .text._ZN7NewPing10timer_stopEv
                0x00000cf2        0xc NewPing.o
                0x00000cf2                _ZN7NewPing10timer_stopEv
 .text._ZN7NewPing11check_timerEv
                0x00000cfe       0x7a NewPing.o
                0x00000cfe                _ZN7NewPing11check_timerEv
 .text._ZN7NewPing11timer_setupEv
                0x00000d78       0x20 NewPing.o
                0x00000d78                _ZN7NewPing11timer_setupEv
 .text._ZN7NewPing8timer_usEjPFvvE
                0x00000d98       0x3e NewPing.o
                0x00000d98                _ZN7NewPing8timer_usEjPFvvE
 .text._ZN7NewPing10ping_timerEPFvvEj
                0x00000dd6       0x3e NewPing.o
                0x00000dd6                _ZN7NewPing10ping_timerEPFvvEj
 .text.__vector_7
                0x00000e14       0x4e NewPing.o
                0x00000e14                __vector_7
 .text._Z10SerialInitv
                0x00000e62       0x1e SerialTask.o
                0x00000e62                _Z10SerialInitv
 .text._Z9SendInfosv
                0x00000e80       0x7a SerialTask.o
                0x00000e80                _Z9SendInfosv
 .text._Z18Task_SerialHandlerv
                0x00000efa      0x104 SerialTask.o
                0x00000efa                _Z18Task_SerialHandlerv
 .text._Z19servo_positions_cntv
                0x00000ffe        0x4 ServoTask.o
                0x00000ffe                _Z19servo_positions_cntv
 .text._Z23servo_h_getnextpositionv
                0x00001002       0x24 ServoTask.o
                0x00001002                _Z23servo_h_getnextpositionv
 .text._Z17Task_ServoHandlerv
                0x00001026      0x204 ServoTask.o
                0x00001026                _Z17Task_ServoHandlerv
 .text.startup._GLOBAL__sub_I_servo_h
                0x0000122a       0x10 ServoTask.o
 .text.__vector_11
                0x0000123a      0x182 src/libraries/Servo/src/avr/Servo.o
                0x0000123a                __vector_11
 .text._ZN5ServoC2Ev
                0x000013bc       0x38 src/libraries/Servo/src/avr/Servo.o
                0x000013bc                _ZN5ServoC1Ev
                0x000013bc                _ZN5ServoC2Ev
 .text._ZN5Servo6attachEiii
                0x000013f4      0x104 src/libraries/Servo/src/avr/Servo.o
                0x000013f4                _ZN5Servo6attachEiii
 .text._ZN5Servo6attachEi
                0x000014f8        0xc src/libraries/Servo/src/avr/Servo.o
                0x000014f8                _ZN5Servo6attachEi
 .text._ZN5Servo6detachEv
                0x00001504       0x1c src/libraries/Servo/src/avr/Servo.o
                0x00001504                _ZN5Servo6detachEv
 .text._ZN5Servo17writeMicrosecondsEi
                0x00001520       0x6a src/libraries/Servo/src/avr/Servo.o
                0x00001520                _ZN5Servo17writeMicrosecondsEi
 .text._ZN5Servo5writeEi
                0x0000158a       0xb8 src/libraries/Servo/src/avr/Servo.o
                0x0000158a                _ZN5Servo5writeEi
 .text._ZN14HardwareSerial9availableEv
                0x00001642       0x18 C:\AVR\Projects\MyRobot_000\MyRobot_000\ArduinoCore\Debug\libArduinoCore.a(HardwareSerial.o)
                0x00001642                _ZN14HardwareSerial9availableEv
 .text._ZN14HardwareSerial4peekEv
                0x0000165a       0x1c C:\AVR\Projects\MyRobot_000\MyRobot_000\ArduinoCore\Debug\libArduinoCore.a(HardwareSerial.o)
                0x0000165a                _ZN14HardwareSerial4peekEv
 .text._ZN14HardwareSerial4readEv
                0x00001676       0x28 C:\AVR\Projects\MyRobot_000\MyRobot_000\ArduinoCore\Debug\libArduinoCore.a(HardwareSerial.o)
                0x00001676                _ZN14HardwareSerial4readEv
 .text._Z14serialEventRunv
                0x0000169e       0x1c C:\AVR\Projects\MyRobot_000\MyRobot_000\ArduinoCore\Debug\libArduinoCore.a(HardwareSerial.o)
                0x0000169e                _Z14serialEventRunv
 .text._ZN14HardwareSerial17_tx_udr_empty_irqEv
                0x000016ba       0x42 C:\AVR\Projects\MyRobot_000\MyRobot_000\ArduinoCore\Debug\libArduinoCore.a(HardwareSerial.o)
                0x000016ba                _ZN14HardwareSerial17_tx_udr_empty_irqEv
 .text._ZN14HardwareSerial5flushEv
                0x000016fc       0x44 C:\AVR\Projects\MyRobot_000\MyRobot_000\ArduinoCore\Debug\libArduinoCore.a(HardwareSerial.o)
                0x000016fc                _ZN14HardwareSerial5flushEv
 .text._ZN14HardwareSerial5writeEh
                0x00001740       0x8e C:\AVR\Projects\MyRobot_000\MyRobot_000\ArduinoCore\Debug\libArduinoCore.a(HardwareSerial.o)
                0x00001740                _ZN14HardwareSerial5writeEh
 .text._ZN14HardwareSerial5beginEmh
                0x000017ce       0xca C:\AVR\Projects\MyRobot_000\MyRobot_000\ArduinoCore\Debug\libArduinoCore.a(HardwareSerial.o)
                0x000017ce                _ZN14HardwareSerial5beginEmh
 .text.__vector_18
                0x00001898       0x64 C:\AVR\Projects\MyRobot_000\MyRobot_000\ArduinoCore\Debug\libArduinoCore.a(HardwareSerial0.o)
                0x00001898                __vector_18
 .text.__vector_19
                0x000018fc       0x4c C:\AVR\Projects\MyRobot_000\MyRobot_000\ArduinoCore\Debug\libArduinoCore.a(HardwareSerial0.o)
                0x000018fc                __vector_19
 .text._Z17Serial0_availablev
                0x00001948       0x14 C:\AVR\Projects\MyRobot_000\MyRobot_000\ArduinoCore\Debug\libArduinoCore.a(HardwareSerial0.o)
                0x00001948                _Z17Serial0_availablev
 .text.startup._GLOBAL__sub_I___vector_18
                0x0000195c       0x5a C:\AVR\Projects\MyRobot_000\MyRobot_000\ArduinoCore\Debug\libArduinoCore.a(HardwareSerial0.o)
 .text.initVariant
                0x000019b6        0x2 C:\AVR\Projects\MyRobot_000\MyRobot_000\ArduinoCore\Debug\libArduinoCore.a(main.o)
                0x000019b6                initVariant
 .text.startup.main
                0x000019b8       0x1e C:\AVR\Projects\MyRobot_000\MyRobot_000\ArduinoCore\Debug\libArduinoCore.a(main.o)
                0x000019b8                main
 .text._ZN5Print5writeEPKhj
                0x000019d6       0x56 C:\AVR\Projects\MyRobot_000\MyRobot_000\ArduinoCore\Debug\libArduinoCore.a(Print.o)
                0x000019d6                _ZN5Print5writeEPKhj
 .text._ZN5Print5writeEPKc
                0x00001a2c       0x2a C:\AVR\Projects\MyRobot_000\MyRobot_000\ArduinoCore\Debug\libArduinoCore.a(Print.o)
                0x00001a2c                _ZN5Print5writeEPKc
 .text._ZN5Print5printEPK19__FlashStringHelper
                0x00001a56       0x48 C:\AVR\Projects\MyRobot_000\MyRobot_000\ArduinoCore\Debug\libArduinoCore.a(Print.o)
                0x00001a56                _ZN5Print5printEPK19__FlashStringHelper
 .text._ZN5Print5printERK6String
                0x00001a9e       0x1c C:\AVR\Projects\MyRobot_000\MyRobot_000\ArduinoCore\Debug\libArduinoCore.a(Print.o)
                0x00001a9e                _ZN5Print5printERK6String
 .text._ZN5Print7printlnEv
                0x00001aba        0x8 C:\AVR\Projects\MyRobot_000\MyRobot_000\ArduinoCore\Debug\libArduinoCore.a(Print.o)
                0x00001aba                _ZN5Print7printlnEv
 .text._ZN5Print7printlnEPK19__FlashStringHelper
                0x00001ac2       0x24 C:\AVR\Projects\MyRobot_000\MyRobot_000\ArduinoCore\Debug\libArduinoCore.a(Print.o)
                0x00001ac2                _ZN5Print7printlnEPK19__FlashStringHelper
 .text._ZN5Print7printlnERK6String
                0x00001ae6       0x24 C:\AVR\Projects\MyRobot_000\MyRobot_000\ArduinoCore\Debug\libArduinoCore.a(Print.o)
                0x00001ae6                _ZN5Print7printlnERK6String
 .text.__vector_16
                0x00001b0a       0x94 C:\AVR\Projects\MyRobot_000\MyRobot_000\ArduinoCore\Debug\libArduinoCore.a(wiring.o)
                0x00001b0a                __vector_16
 .text.millis   0x00001b9e       0x18 C:\AVR\Projects\MyRobot_000\MyRobot_000\ArduinoCore\Debug\libArduinoCore.a(wiring.o)
                0x00001b9e                millis
 .text.micros   0x00001bb6       0x4a C:\AVR\Projects\MyRobot_000\MyRobot_000\ArduinoCore\Debug\libArduinoCore.a(wiring.o)
                0x00001bb6                micros
 .text.delay    0x00001c00       0x78 C:\AVR\Projects\MyRobot_000\MyRobot_000\ArduinoCore\Debug\libArduinoCore.a(wiring.o)
                0x00001c00                delay
 .text.delayMicroseconds
                0x00001c78       0x16 C:\AVR\Projects\MyRobot_000\MyRobot_000\ArduinoCore\Debug\libArduinoCore.a(wiring.o)
                0x00001c78                delayMicroseconds
 .text.init     0x00001c8e       0x76 C:\AVR\Projects\MyRobot_000\MyRobot_000\ArduinoCore\Debug\libArduinoCore.a(wiring.o)
                0x00001c8e                init
 .text.analogWrite
                0x00001d04       0xbe C:\AVR\Projects\MyRobot_000\MyRobot_000\ArduinoCore\Debug\libArduinoCore.a(wiring_analog.o)
                0x00001d04                analogWrite
 .text.turnOffPWM
                0x00001dc2       0x52 C:\AVR\Projects\MyRobot_000\MyRobot_000\ArduinoCore\Debug\libArduinoCore.a(wiring_digital.o)
 .text.pinMode  0x00001e14       0x78 C:\AVR\Projects\MyRobot_000\MyRobot_000\ArduinoCore\Debug\libArduinoCore.a(wiring_digital.o)
                0x00001e14                pinMode
 .text.digitalWrite
                0x00001e8c       0x60 C:\AVR\Projects\MyRobot_000\MyRobot_000\ArduinoCore\Debug\libArduinoCore.a(wiring_digital.o)
                0x00001e8c                digitalWrite
 .text._Z3maplllll
                0x00001eec       0x82 C:\AVR\Projects\MyRobot_000\MyRobot_000\ArduinoCore\Debug\libArduinoCore.a(WMath.o)
                0x00001eec                _Z3maplllll
 .text._ZN6StringD2Ev
                0x00001f6e        0xa C:\AVR\Projects\MyRobot_000\MyRobot_000\ArduinoCore\Debug\libArduinoCore.a(WString.o)
                0x00001f6e                _ZN6StringD2Ev
                0x00001f6e                _ZN6StringD1Ev
 .text._ZN6String10invalidateEv
                0x00001f78       0x24 C:\AVR\Projects\MyRobot_000\MyRobot_000\ArduinoCore\Debug\libArduinoCore.a(WString.o)
                0x00001f78                _ZN6String10invalidateEv
 .text._ZN6String12changeBufferEj
                0x00001f9c       0x34 C:\AVR\Projects\MyRobot_000\MyRobot_000\ArduinoCore\Debug\libArduinoCore.a(WString.o)
                0x00001f9c                _ZN6String12changeBufferEj
 .text._ZN6String7reserveEj
                0x00001fd0       0x38 C:\AVR\Projects\MyRobot_000\MyRobot_000\ArduinoCore\Debug\libArduinoCore.a(WString.o)
                0x00001fd0                _ZN6String7reserveEj
 .text._ZN6String4copyEPKcj
                0x00002008       0x42 C:\AVR\Projects\MyRobot_000\MyRobot_000\ArduinoCore\Debug\libArduinoCore.a(WString.o)
                0x00002008                _ZN6String4copyEPKcj
 .text._ZN6String4copyEPK19__FlashStringHelperj
                0x0000204a       0x42 C:\AVR\Projects\MyRobot_000\MyRobot_000\ArduinoCore\Debug\libArduinoCore.a(WString.o)
                0x0000204a                _ZN6String4copyEPK19__FlashStringHelperj
 .text._ZN6StringaSERKS_
                0x0000208c       0x2e C:\AVR\Projects\MyRobot_000\MyRobot_000\ArduinoCore\Debug\libArduinoCore.a(WString.o)
                0x0000208c                _ZN6StringaSERKS_
 .text._ZN6StringC2ERKS_
                0x000020ba       0x12 C:\AVR\Projects\MyRobot_000\MyRobot_000\ArduinoCore\Debug\libArduinoCore.a(WString.o)
                0x000020ba                _ZN6StringC2ERKS_
                0x000020ba                _ZN6StringC1ERKS_
 .text._ZN6StringaSEPKc
                0x000020cc       0x2e C:\AVR\Projects\MyRobot_000\MyRobot_000\ArduinoCore\Debug\libArduinoCore.a(WString.o)
                0x000020cc                _ZN6StringaSEPKc
 .text._ZN6StringC2Ehh
                0x000020fa       0x5a C:\AVR\Projects\MyRobot_000\MyRobot_000\ArduinoCore\Debug\libArduinoCore.a(WString.o)
                0x000020fa                _ZN6StringC2Ehh
                0x000020fa                _ZN6StringC1Ehh
 .text._ZN6StringC2Eih
                0x00002154       0x58 C:\AVR\Projects\MyRobot_000\MyRobot_000\ArduinoCore\Debug\libArduinoCore.a(WString.o)
                0x00002154                _ZN6StringC2Eih
                0x00002154                _ZN6StringC1Eih
 .text._ZN6StringC2Emh
                0x000021ac       0x5a C:\AVR\Projects\MyRobot_000\MyRobot_000\ArduinoCore\Debug\libArduinoCore.a(WString.o)
                0x000021ac                _ZN6StringC1Emh
                0x000021ac                _ZN6StringC2Emh
 .text._ZN6StringaSEPK19__FlashStringHelper
                0x00002206       0x42 C:\AVR\Projects\MyRobot_000\MyRobot_000\ArduinoCore\Debug\libArduinoCore.a(WString.o)
                0x00002206                _ZN6StringaSEPK19__FlashStringHelper
 .text._ZN6StringC2EPK19__FlashStringHelper
                0x00002248       0x12 C:\AVR\Projects\MyRobot_000\MyRobot_000\ArduinoCore\Debug\libArduinoCore.a(WString.o)
                0x00002248                _ZN6StringC1EPK19__FlashStringHelper
                0x00002248                _ZN6StringC2EPK19__FlashStringHelper
 .text._ZN6String6concatEPKcj
                0x0000225a       0x5c C:\AVR\Projects\MyRobot_000\MyRobot_000\ArduinoCore\Debug\libArduinoCore.a(WString.o)
                0x0000225a                _ZN6String6concatEPKcj
 .text._ZN6String6concatERKS_
                0x000022b6        0xe C:\AVR\Projects\MyRobot_000\MyRobot_000\ArduinoCore\Debug\libArduinoCore.a(WString.o)
                0x000022b6                _ZN6String6concatERKS_
 .text._ZN6String6concatEPK19__FlashStringHelper
                0x000022c4       0x60 C:\AVR\Projects\MyRobot_000\MyRobot_000\ArduinoCore\Debug\libArduinoCore.a(WString.o)
                0x000022c4                _ZN6String6concatEPK19__FlashStringHelper
 .text._ZplRK15StringSumHelperRK6String
                0x00002324       0x26 C:\AVR\Projects\MyRobot_000\MyRobot_000\ArduinoCore\Debug\libArduinoCore.a(WString.o)
                0x00002324                _ZplRK15StringSumHelperRK6String
 .text._ZplRK15StringSumHelperPK19__FlashStringHelper
                0x0000234a       0x1c C:\AVR\Projects\MyRobot_000\MyRobot_000\ArduinoCore\Debug\libArduinoCore.a(WString.o)
                0x0000234a                _ZplRK15StringSumHelperPK19__FlashStringHelper
 .text.__empty  0x00002366        0x2 C:\AVR\Projects\MyRobot_000\MyRobot_000\ArduinoCore\Debug\libArduinoCore.a(hooks.o)
                0x00002366                yield
 .text.libgcc.mul
                0x00002368       0x20 c:/avr/atmel/studio/7.0/toolchain/avr8/avr8-gnu-toolchain/bin/../lib/gcc/avr/4.9.2/avr5\libgcc.a(_mulsi3.o)
                0x00002368                __mulsi3
 .text.libgcc.div
                0x00002388       0x18 c:/avr/atmel/studio/7.0/toolchain/avr8/avr8-gnu-toolchain/bin/../lib/gcc/avr/4.9.2/avr5\libgcc.a(_udivmodqi4.o)
                0x00002388                __udivmodqi4
 .text.libgcc.div
                0x000023a0       0x28 c:/avr/atmel/studio/7.0/toolchain/avr8/avr8-gnu-toolchain/bin/../lib/gcc/avr/4.9.2/avr5\libgcc.a(_udivmodhi4.o)
                0x000023a0                __udivmodhi4
 .text.libgcc.div
                0x000023c8       0x28 c:/avr/atmel/studio/7.0/toolchain/avr8/avr8-gnu-toolchain/bin/../lib/gcc/avr/4.9.2/avr5\libgcc.a(_divmodhi4.o)
                0x000023c8                _div
                0x000023c8                __divmodhi4
 .text.libgcc.div
                0x000023f0       0x44 c:/avr/atmel/studio/7.0/toolchain/avr8/avr8-gnu-toolchain/bin/../lib/gcc/avr/4.9.2/avr5\libgcc.a(_udivmodsi4.o)
                0x000023f0                __udivmodsi4
 .text.libgcc.div
                0x00002434       0x2e c:/avr/atmel/studio/7.0/toolchain/avr8/avr8-gnu-toolchain/bin/../lib/gcc/avr/4.9.2/avr5\libgcc.a(_divmodsi4.o)
                0x00002434                __divmodsi4
 .text.libgcc.div
                0x00002462       0x10 c:/avr/atmel/studio/7.0/toolchain/avr8/avr8-gnu-toolchain/bin/../lib/gcc/avr/4.9.2/avr5\libgcc.a(_negsi2.o)
                0x00002462                __negsi2
 .text.libgcc.mul
                0x00002472       0x16 c:/avr/atmel/studio/7.0/toolchain/avr8/avr8-gnu-toolchain/bin/../lib/gcc/avr/4.9.2/avr5\libgcc.a(_muluhisi3.o)
                0x00002472                __muluhisi3
 .text.libgcc   0x00002488        0xc c:/avr/atmel/studio/7.0/toolchain/avr8/avr8-gnu-toolchain/bin/../lib/gcc/avr/4.9.2/avr5\libgcc.a(_tablejump2.o)
                0x00002488                __tablejump2__
 .text.libgcc.mul
                0x00002494       0x1e c:/avr/atmel/studio/7.0/toolchain/avr8/avr8-gnu-toolchain/bin/../lib/gcc/avr/4.9.2/avr5\libgcc.a(_umulhisi3.o)
                0x00002494                __umulhisi3
 .text.avr-libc
                0x000024b2      0x25a c:/avr/atmel/studio/7.0/toolchain/avr8/avr8-gnu-toolchain/bin/../lib/gcc/avr/4.9.2/../../../../avr/lib/avr5\libc.a(malloc.o)
                0x000024b2                malloc
                0x000025dc                free
 .text.avr-libc
                0x0000270c      0x194 c:/avr/atmel/studio/7.0/toolchain/avr8/avr8-gnu-toolchain/bin/../lib/gcc/avr/4.9.2/../../../../avr/lib/avr5\libc.a(realloc.o)
                0x0000270c                realloc
 .text.avr-libc
                0x000028a0        0xe c:/avr/atmel/studio/7.0/toolchain/avr8/avr8-gnu-toolchain/bin/../lib/gcc/avr/4.9.2/../../../../avr/lib/avr5\libc.a(strcpy_P.o)
                0x000028a0                strcpy_P
 .text.avr-libc
                0x000028ae       0x12 c:/avr/atmel/studio/7.0/toolchain/avr8/avr8-gnu-toolchain/bin/../lib/gcc/avr/4.9.2/../../../../avr/lib/avr5\libc.a(strlen_P.o)
                0x000028ae                __strlen_P
 .text.avr-libc
                0x000028c0       0x12 c:/avr/atmel/studio/7.0/toolchain/avr8/avr8-gnu-toolchain/bin/../lib/gcc/avr/4.9.2/../../../../avr/lib/avr5\libc.a(memcpy.o)
                0x000028c0                memcpy
 .text.avr-libc
                0x000028d2        0xe c:/avr/atmel/studio/7.0/toolchain/avr8/avr8-gnu-toolchain/bin/../lib/gcc/avr/4.9.2/../../../../avr/lib/avr5\libc.a(strcpy.o)
                0x000028d2                strcpy
 .text.avr-libc
                0x000028e0       0x16 c:/avr/atmel/studio/7.0/toolchain/avr8/avr8-gnu-toolchain/bin/../lib/gcc/avr/4.9.2/../../../../avr/lib/avr5\libc.a(itoa.o)
                0x000028e0                __itoa
                0x000028e0                itoa
 .text.avr-libc
                0x000028f6       0x16 c:/avr/atmel/studio/7.0/toolchain/avr8/avr8-gnu-toolchain/bin/../lib/gcc/avr/4.9.2/../../../../avr/lib/avr5\libc.a(itoa_ncheck.o)
                0x000028f6                __itoa_ncheck
 .text.avr-libc
                0x0000290c       0x16 c:/avr/atmel/studio/7.0/toolchain/avr8/avr8-gnu-toolchain/bin/../lib/gcc/avr/4.9.2/../../../../avr/lib/avr5\libc.a(ultoa.o)
                0x0000290c                ultoa
                0x0000290c                __ultoa
 .text.avr-libc
                0x00002922       0x44 c:/avr/atmel/studio/7.0/toolchain/avr8/avr8-gnu-toolchain/bin/../lib/gcc/avr/4.9.2/../../../../avr/lib/avr5\libc.a(ultoa_ncheck.o)
                0x00002922                __ultoa_ncheck
                0x00002924                __ultoa_common
 .text.avr-libc
                0x00002966       0x16 c:/avr/atmel/studio/7.0/toolchain/avr8/avr8-gnu-toolchain/bin/../lib/gcc/avr/4.9.2/../../../../avr/lib/avr5\libc.a(utoa.o)
                0x00002966                __utoa
                0x00002966                utoa
 .text.avr-libc
                0x0000297c       0x34 c:/avr/atmel/studio/7.0/toolchain/avr8/avr8-gnu-toolchain/bin/../lib/gcc/avr/4.9.2/../../../../avr/lib/avr5\libc.a(utoa_ncheck.o)
                0x0000297c                __utoa_ncheck
                0x0000297e                __utoa_common
 .text.avr-libc
                0x000029b0       0x20 c:/avr/atmel/studio/7.0/toolchain/avr8/avr8-gnu-toolchain/bin/../lib/gcc/avr/4.9.2/../../../../avr/lib/avr5\libc.a(strrev.o)
                0x000029b0                strrev
 .text.libgcc.prologue
                0x000029d0       0x38 c:/avr/atmel/studio/7.0/toolchain/avr8/avr8-gnu-toolchain/bin/../lib/gcc/avr/4.9.2/avr5\libgcc.a(_prologue.o)
                0x000029d0                __prologue_saves__
 .text.libgcc.prologue
                0x00002a08       0x36 c:/avr/atmel/studio/7.0/toolchain/avr8/avr8-gnu-toolchain/bin/../lib/gcc/avr/4.9.2/avr5\libgcc.a(_epilogue.o)
                0x00002a08                __epilogue_restores__
                0x00002a3e                . = ALIGN (0x2)
 *(.fini9)
 .fini9         0x00002a3e        0x0 c:/avr/atmel/studio/7.0/toolchain/avr8/avr8-gnu-toolchain/bin/../lib/gcc/avr/4.9.2/avr5\libgcc.a(_exit.o)
                0x00002a3e                _exit
                0x00002a3e                exit
 *(.fini9)
 *(.fini8)
 *(.fini8)
 *(.fini7)
 *(.fini7)
 *(.fini6)
 *(.fini6)
 *(.fini5)
 *(.fini5)
 *(.fini4)
 *(.fini4)
 *(.fini3)
 *(.fini3)
 *(.fini2)
 *(.fini2)
 *(.fini1)
 *(.fini1)
 *(.fini0)
 .fini0         0x00002a3e        0x4 c:/avr/atmel/studio/7.0/toolchain/avr8/avr8-gnu-toolchain/bin/../lib/gcc/avr/4.9.2/avr5\libgcc.a(_exit.o)
 *(.fini0)
                0x00002a42                _etext = .

.data           0x00800100       0x2c load address 0x00002a42
                0x00800100                PROVIDE (__data_start, .)
 *(.data)
 .data          0x00800100        0x6 c:/avr/atmel/studio/7.0/toolchain/avr8/avr8-gnu-toolchain/bin/../lib/gcc/avr/4.9.2/../../../../avr/lib/avr5\libc.a(malloc.o)
                0x00800100                __malloc_heap_end
                0x00800102                __malloc_heap_start
                0x00800104                __malloc_margin
 *(.data*)
 .data.isRCEnabled
                0x00800106        0x1 SerialTask.o
                0x00800106                isRCEnabled
 .data.servo_h_positions
                0x00800107        0x4 ServoTask.o
                0x00800107                servo_h_positions
 *(.rodata)
 *(.rodata*)
 .rodata._ZTV14HardwareSerial
                0x0080010b       0x10 C:\AVR\Projects\MyRobot_000\MyRobot_000\ArduinoCore\Debug\libArduinoCore.a(HardwareSerial.o)
                0x0080010b                _ZTV14HardwareSerial
 .rodata.str1.1
                0x0080011b       0x11 C:\AVR\Projects\MyRobot_000\MyRobot_000\ArduinoCore\Debug\libArduinoCore.a(Print.o)
 *(.gnu.linkonce.d*)
                0x0080012c                . = ALIGN (0x2)
                0x0080012c                _edata = .
                0x0080012c                PROVIDE (__data_end, .)

.bss            0x0080012c      0x110
                0x0080012c                PROVIDE (__bss_start, .)
 *(.bss)
 *(.bss*)
 .bss.barrierdetect_Timer
                0x0080012c        0x4 Main.o
                0x0080012c                barrierdetect_Timer
 .bss.sonar_distance
                0x00800130        0x2 Main.o
                0x00800130                sonar_distance
 .bss.sonar_pingTimer
                0x00800132        0x4 Main.o
                0x00800132                sonar_pingTimer
 .bss.sonar     0x00800136       0x12 Main.o
                0x00800136                sonar
 .bss.motors_max_speed
                0x00800148        0x1 Motors.o
                0x00800148                motors_max_speed
 .bss.motor_left
                0x00800149        0x7 Motors.o
                0x00800149                motor_left
 .bss.motor_right
                0x00800150        0x7 Motors.o
                0x00800150                motor_right
 .bss.intFunc   0x00800157        0x2 NewPing.o
                0x00800157                intFunc
 .bss.lastCmd   0x00800159        0x1 SerialTask.o
                0x00800159                lastCmd
 .bss.ServoPhase
                0x0080015a        0x1 ServoTask.o
                0x0080015a                ServoPhase
 .bss.servo_isWaiting
                0x0080015b        0x1 ServoTask.o
                0x0080015b                servo_isWaiting
 .bss.servo_doRotate
                0x0080015c        0x1 ServoTask.o
                0x0080015c                servo_doRotate
 .bss.servo_h_rotationTimer
                0x0080015d        0x4 ServoTask.o
                0x0080015d                servo_h_rotationTimer
 .bss.servo_h_position
                0x00800161        0x1 ServoTask.o
                0x00800161                servo_h_position
 .bss.servo_h_distances
                0x00800162        0x4 ServoTask.o
                0x00800162                servo_h_distances
 .bss.servo_v   0x00800166        0x3 ServoTask.o
                0x00800166                servo_v
 .bss.servo_h   0x00800169        0x3 ServoTask.o
                0x00800169                servo_h
 .bss.ServoCount
                0x0080016c        0x1 src/libraries/Servo/src/avr/Servo.o
                0x0080016c                ServoCount
 .bss._ZL7Channel
                0x0080016d        0x1 src/libraries/Servo/src/avr/Servo.o
 .bss._ZL6servos
                0x0080016e       0x24 src/libraries/Servo/src/avr/Servo.o
 .bss.Serial    0x00800192       0x9d C:\AVR\Projects\MyRobot_000\MyRobot_000\ArduinoCore\Debug\libArduinoCore.a(HardwareSerial0.o)
                0x00800192                Serial
 .bss.timer0_fract
                0x0080022f        0x1 C:\AVR\Projects\MyRobot_000\MyRobot_000\ArduinoCore\Debug\libArduinoCore.a(wiring.o)
 .bss.timer0_millis
                0x00800230        0x4 C:\AVR\Projects\MyRobot_000\MyRobot_000\ArduinoCore\Debug\libArduinoCore.a(wiring.o)
                0x00800230                timer0_millis
 .bss.timer0_overflow_count
                0x00800234        0x4 C:\AVR\Projects\MyRobot_000\MyRobot_000\ArduinoCore\Debug\libArduinoCore.a(wiring.o)
                0x00800234                timer0_overflow_count
 *(COMMON)
 COMMON         0x00800238        0x4 c:/avr/atmel/studio/7.0/toolchain/avr8/avr8-gnu-toolchain/bin/../lib/gcc/avr/4.9.2/../../../../avr/lib/avr5\libc.a(malloc.o)
                0x00800238                __brkval
                0x0080023a                __flp
                0x0080023c                PROVIDE (__bss_end, .)
                0x00002a42                __data_load_start = LOADADDR (.data)
                0x00002a6e                __data_load_end = (__data_load_start + SIZEOF (.data))

.noinit         0x0080023c        0x0
                [!provide]                PROVIDE (__noinit_start, .)
 *(.noinit*)
                [!provide]                PROVIDE (__noinit_end, .)
                0x0080023c                _end = .
                0x0080023c                PROVIDE (__heap_start, .)

.eeprom         0x00810000        0x0
 *(.eeprom*)
                0x00810000                __eeprom_end = .

.fuse
 *(.fuse)
 *(.lfuse)
 *(.hfuse)
 *(.efuse)

.lock
 *(.lock*)

.signature
 *(.signature*)

.user_signatures
 *(.user_signatures*)

.stab
 *(.stab)

.stabstr
 *(.stabstr)

.stab.excl
 *(.stab.excl)

.stab.exclstr
 *(.stab.exclstr)

.stab.index
 *(.stab.index)

.stab.indexstr
 *(.stab.indexstr)

.comment        0x00000000       0x30
 *(.comment)
 .comment       0x00000000       0x30 Main.o
                                 0x31 (size before relaxing)
 .comment       0x00000030       0x31 Motor.o
 .comment       0x00000030       0x31 Motors.o
 .comment       0x00000030       0x31 NewPing.o
 .comment       0x00000030       0x31 SerialTask.o
 .comment       0x00000030       0x31 ServoTask.o
 .comment       0x00000030       0x31 src/libraries/Servo/src/avr/Servo.o
 .comment       0x00000030       0x31 C:\AVR\Projects\MyRobot_000\MyRobot_000\ArduinoCore\Debug\libArduinoCore.a(HardwareSerial.o)
 .comment       0x00000030       0x31 C:\AVR\Projects\MyRobot_000\MyRobot_000\ArduinoCore\Debug\libArduinoCore.a(HardwareSerial0.o)
 .comment       0x00000030       0x31 C:\AVR\Projects\MyRobot_000\MyRobot_000\ArduinoCore\Debug\libArduinoCore.a(main.o)
 .comment       0x00000030       0x31 C:\AVR\Projects\MyRobot_000\MyRobot_000\ArduinoCore\Debug\libArduinoCore.a(Print.o)
 .comment       0x00000030       0x31 C:\AVR\Projects\MyRobot_000\MyRobot_000\ArduinoCore\Debug\libArduinoCore.a(wiring.o)
 .comment       0x00000030       0x31 C:\AVR\Projects\MyRobot_000\MyRobot_000\ArduinoCore\Debug\libArduinoCore.a(wiring_analog.o)
 .comment       0x00000030       0x31 C:\AVR\Projects\MyRobot_000\MyRobot_000\ArduinoCore\Debug\libArduinoCore.a(wiring_digital.o)
 .comment       0x00000030       0x31 C:\AVR\Projects\MyRobot_000\MyRobot_000\ArduinoCore\Debug\libArduinoCore.a(WMath.o)
 .comment       0x00000030       0x31 C:\AVR\Projects\MyRobot_000\MyRobot_000\ArduinoCore\Debug\libArduinoCore.a(WString.o)
 .comment       0x00000030       0x31 C:\AVR\Projects\MyRobot_000\MyRobot_000\ArduinoCore\Debug\libArduinoCore.a(hooks.o)
 .comment       0x00000030       0x31 c:/avr/atmel/studio/7.0/toolchain/avr8/avr8-gnu-toolchain/bin/../lib/gcc/avr/4.9.2/../../../../avr/lib/avr5\libc.a(malloc.o)
 .comment       0x00000030       0x31 c:/avr/atmel/studio/7.0/toolchain/avr8/avr8-gnu-toolchain/bin/../lib/gcc/avr/4.9.2/../../../../avr/lib/avr5\libc.a(realloc.o)

.note.gnu.avr.deviceinfo
                0x00000000       0x40
 .note.gnu.avr.deviceinfo
                0x00000000       0x40 C:/AVR/Atmel/Studio/7.0/Packs/atmel/ATmega_DFP/1.1.130/gcc/dev/atmega328p/avr5/crtatmega328p.o

.note.gnu.build-id
 *(.note.gnu.build-id)

.debug
 *(.debug)

.line
 *(.line)

.debug_srcinfo
 *(.debug_srcinfo)

.debug_sfnames
 *(.debug_sfnames)

.debug_aranges  0x00000000      0x878
 *(.debug_aranges)
 .debug_aranges
                0x00000000       0x48 Main.o
 .debug_aranges
                0x00000048       0x78 Motor.o
 .debug_aranges
                0x000000c0       0xb0 Motors.o
 .debug_aranges
                0x00000170       0xa0 NewPing.o
 .debug_aranges
                0x00000210       0x30 SerialTask.o
 .debug_aranges
                0x00000240       0x38 ServoTask.o
 .debug_aranges
                0x00000278       0x68 src/libraries/Servo/src/avr/Servo.o
 .debug_aranges
                0x000002e0       0x68 C:\AVR\Projects\MyRobot_000\MyRobot_000\ArduinoCore\Debug\libArduinoCore.a(HardwareSerial.o)
 .debug_aranges
                0x00000348       0x38 C:\AVR\Projects\MyRobot_000\MyRobot_000\ArduinoCore\Debug\libArduinoCore.a(HardwareSerial0.o)
 .debug_aranges
                0x00000380       0x38 C:\AVR\Projects\MyRobot_000\MyRobot_000\ArduinoCore\Debug\libArduinoCore.a(main.o)
 .debug_aranges
                0x000003b8       0xf0 C:\AVR\Projects\MyRobot_000\MyRobot_000\ArduinoCore\Debug\libArduinoCore.a(Print.o)
 .debug_aranges
                0x000004a8       0x48 C:\AVR\Projects\MyRobot_000\MyRobot_000\ArduinoCore\Debug\libArduinoCore.a(wiring.o)
 .debug_aranges
                0x000004f0       0x30 C:\AVR\Projects\MyRobot_000\MyRobot_000\ArduinoCore\Debug\libArduinoCore.a(wiring_analog.o)
 .debug_aranges
                0x00000520       0x38 C:\AVR\Projects\MyRobot_000\MyRobot_000\ArduinoCore\Debug\libArduinoCore.a(wiring_digital.o)
 .debug_aranges
                0x00000558       0x48 C:\AVR\Projects\MyRobot_000\MyRobot_000\ArduinoCore\Debug\libArduinoCore.a(WMath.o)
 .debug_aranges
                0x000005a0      0x2b8 C:\AVR\Projects\MyRobot_000\MyRobot_000\ArduinoCore\Debug\libArduinoCore.a(WString.o)
 .debug_aranges
                0x00000858       0x20 C:\AVR\Projects\MyRobot_000\MyRobot_000\ArduinoCore\Debug\libArduinoCore.a(hooks.o)

.debug_pubnames
 *(.debug_pubnames)

.debug_info     0x00000000    0x14e3d
 *(.debug_info .gnu.linkonce.wi.*)
 .debug_info    0x00000000      0x5f4 C:/AVR/Atmel/Studio/7.0/Packs/atmel/ATmega_DFP/1.1.130/gcc/dev/atmega328p/avr5/crtatmega328p.o
 .debug_info    0x000005f4     0x1c8a Main.o
 .debug_info    0x0000227e      0x7c9 Motor.o
 .debug_info    0x00002a47     0x27a5 Motors.o
 .debug_info    0x000051ec      0xd17 NewPing.o
 .debug_info    0x00005f03     0x1620 SerialTask.o
 .debug_info    0x00007523     0x1872 ServoTask.o
 .debug_info    0x00008d95      0x8f9 src/libraries/Servo/src/avr/Servo.o
 .debug_info    0x0000968e     0x1e51 C:\AVR\Projects\MyRobot_000\MyRobot_000\ArduinoCore\Debug\libArduinoCore.a(HardwareSerial.o)
 .debug_info    0x0000b4df     0x1a4a C:\AVR\Projects\MyRobot_000\MyRobot_000\ArduinoCore\Debug\libArduinoCore.a(HardwareSerial0.o)
 .debug_info    0x0000cf29      0x231 C:\AVR\Projects\MyRobot_000\MyRobot_000\ArduinoCore\Debug\libArduinoCore.a(main.o)
 .debug_info    0x0000d15a     0x2a01 C:\AVR\Projects\MyRobot_000\MyRobot_000\ArduinoCore\Debug\libArduinoCore.a(Print.o)
 .debug_info    0x0000fb5b      0x2c8 C:\AVR\Projects\MyRobot_000\MyRobot_000\ArduinoCore\Debug\libArduinoCore.a(wiring.o)
 .debug_info    0x0000fe23      0x281 C:\AVR\Projects\MyRobot_000\MyRobot_000\ArduinoCore\Debug\libArduinoCore.a(wiring_analog.o)
 .debug_info    0x000100a4      0x5f9 C:\AVR\Projects\MyRobot_000\MyRobot_000\ArduinoCore\Debug\libArduinoCore.a(wiring_digital.o)
 .debug_info    0x0001069d      0x240 C:\AVR\Projects\MyRobot_000\MyRobot_000\ArduinoCore\Debug\libArduinoCore.a(WMath.o)
 .debug_info    0x000108dd     0x4522 C:\AVR\Projects\MyRobot_000\MyRobot_000\ArduinoCore\Debug\libArduinoCore.a(WString.o)
 .debug_info    0x00014dff       0x3e C:\AVR\Projects\MyRobot_000\MyRobot_000\ArduinoCore\Debug\libArduinoCore.a(hooks.o)

.debug_abbrev   0x00000000     0x3853
 *(.debug_abbrev)
 .debug_abbrev  0x00000000      0x5a2 C:/AVR/Atmel/Studio/7.0/Packs/atmel/ATmega_DFP/1.1.130/gcc/dev/atmega328p/avr5/crtatmega328p.o
 .debug_abbrev  0x000005a2      0x49b Main.o
 .debug_abbrev  0x00000a3d      0x263 Motor.o
 .debug_abbrev  0x00000ca0      0x463 Motors.o
 .debug_abbrev  0x00001103      0x3e7 NewPing.o
 .debug_abbrev  0x000014ea      0x3d1 SerialTask.o
 .debug_abbrev  0x000018bb      0x3bb ServoTask.o
 .debug_abbrev  0x00001c76      0x39c src/libraries/Servo/src/avr/Servo.o
 .debug_abbrev  0x00002012      0x478 C:\AVR\Projects\MyRobot_000\MyRobot_000\ArduinoCore\Debug\libArduinoCore.a(HardwareSerial.o)
 .debug_abbrev  0x0000248a      0x3b1 C:\AVR\Projects\MyRobot_000\MyRobot_000\ArduinoCore\Debug\libArduinoCore.a(HardwareSerial0.o)
 .debug_abbrev  0x0000283b      0x109 C:\AVR\Projects\MyRobot_000\MyRobot_000\ArduinoCore\Debug\libArduinoCore.a(main.o)
 .debug_abbrev  0x00002944      0x487 C:\AVR\Projects\MyRobot_000\MyRobot_000\ArduinoCore\Debug\libArduinoCore.a(Print.o)
 .debug_abbrev  0x00002dcb      0x145 C:\AVR\Projects\MyRobot_000\MyRobot_000\ArduinoCore\Debug\libArduinoCore.a(wiring.o)
 .debug_abbrev  0x00002f10      0x184 C:\AVR\Projects\MyRobot_000\MyRobot_000\ArduinoCore\Debug\libArduinoCore.a(wiring_analog.o)
 .debug_abbrev  0x00003094      0x15b C:\AVR\Projects\MyRobot_000\MyRobot_000\ArduinoCore\Debug\libArduinoCore.a(wiring_digital.o)
 .debug_abbrev  0x000031ef      0x14b C:\AVR\Projects\MyRobot_000\MyRobot_000\ArduinoCore\Debug\libArduinoCore.a(WMath.o)
 .debug_abbrev  0x0000333a      0x4ef C:\AVR\Projects\MyRobot_000\MyRobot_000\ArduinoCore\Debug\libArduinoCore.a(WString.o)
 .debug_abbrev  0x00003829       0x2a C:\AVR\Projects\MyRobot_000\MyRobot_000\ArduinoCore\Debug\libArduinoCore.a(hooks.o)

.debug_line     0x00000000     0x44b4
 *(.debug_line .debug_line.* .debug_line_end)
 .debug_line    0x00000000      0x133 C:/AVR/Atmel/Studio/7.0/Packs/atmel/ATmega_DFP/1.1.130/gcc/dev/atmega328p/avr5/crtatmega328p.o
 .debug_line    0x00000133      0x3b1 Main.o
 .debug_line    0x000004e4      0x2c4 Motor.o
 .debug_line    0x000007a8      0x5c0 Motors.o
 .debug_line    0x00000d68      0x482 NewPing.o
 .debug_line    0x000011ea      0x2fe SerialTask.o
 .debug_line    0x000014e8      0x30a ServoTask.o
 .debug_line    0x000017f2      0x394 src/libraries/Servo/src/avr/Servo.o
 .debug_line    0x00001b86      0x406 C:\AVR\Projects\MyRobot_000\MyRobot_000\ArduinoCore\Debug\libArduinoCore.a(HardwareSerial.o)
 .debug_line    0x00001f8c      0x237 C:\AVR\Projects\MyRobot_000\MyRobot_000\ArduinoCore\Debug\libArduinoCore.a(HardwareSerial0.o)
 .debug_line    0x000021c3      0x165 C:\AVR\Projects\MyRobot_000\MyRobot_000\ArduinoCore\Debug\libArduinoCore.a(main.o)
 .debug_line    0x00002328      0x624 C:\AVR\Projects\MyRobot_000\MyRobot_000\ArduinoCore\Debug\libArduinoCore.a(Print.o)
 .debug_line    0x0000294c      0x289 C:\AVR\Projects\MyRobot_000\MyRobot_000\ArduinoCore\Debug\libArduinoCore.a(wiring.o)
 .debug_line    0x00002bd5      0x1ff C:\AVR\Projects\MyRobot_000\MyRobot_000\ArduinoCore\Debug\libArduinoCore.a(wiring_analog.o)
 .debug_line    0x00002dd4      0x242 C:\AVR\Projects\MyRobot_000\MyRobot_000\ArduinoCore\Debug\libArduinoCore.a(wiring_digital.o)
 .debug_line    0x00003016      0x139 C:\AVR\Projects\MyRobot_000\MyRobot_000\ArduinoCore\Debug\libArduinoCore.a(WMath.o)
 .debug_line    0x0000314f     0x1324 C:\AVR\Projects\MyRobot_000\MyRobot_000\ArduinoCore\Debug\libArduinoCore.a(WString.o)
 .debug_line    0x00004473       0x41 C:\AVR\Projects\MyRobot_000\MyRobot_000\ArduinoCore\Debug\libArduinoCore.a(hooks.o)

.debug_frame    0x00000000     0x1b14
 *(.debug_frame)
 .debug_frame   0x00000000       0xb4 Main.o
 .debug_frame   0x000000b4       0xf0 Motor.o
 .debug_frame   0x000001a4      0x1fc Motors.o
 .debug_frame   0x000003a0      0x228 NewPing.o
 .debug_frame   0x000005c8       0x5c SerialTask.o
 .debug_frame   0x00000624       0x70 ServoTask.o
 .debug_frame   0x00000694      0x1b0 src/libraries/Servo/src/avr/Servo.o
 .debug_frame   0x00000844      0x110 C:\AVR\Projects\MyRobot_000\MyRobot_000\ArduinoCore\Debug\libArduinoCore.a(HardwareSerial.o)
 .debug_frame   0x00000954       0xc0 C:\AVR\Projects\MyRobot_000\MyRobot_000\ArduinoCore\Debug\libArduinoCore.a(HardwareSerial0.o)
 .debug_frame   0x00000a14       0x54 C:\AVR\Projects\MyRobot_000\MyRobot_000\ArduinoCore\Debug\libArduinoCore.a(main.o)
 .debug_frame   0x00000a68      0x39c C:\AVR\Projects\MyRobot_000\MyRobot_000\ArduinoCore\Debug\libArduinoCore.a(Print.o)
 .debug_frame   0x00000e04       0xc4 C:\AVR\Projects\MyRobot_000\MyRobot_000\ArduinoCore\Debug\libArduinoCore.a(wiring.o)
 .debug_frame   0x00000ec8       0x54 C:\AVR\Projects\MyRobot_000\MyRobot_000\ArduinoCore\Debug\libArduinoCore.a(wiring_analog.o)
 .debug_frame   0x00000f1c       0x7c C:\AVR\Projects\MyRobot_000\MyRobot_000\ArduinoCore\Debug\libArduinoCore.a(wiring_digital.o)
 .debug_frame   0x00000f98       0xf0 C:\AVR\Projects\MyRobot_000\MyRobot_000\ArduinoCore\Debug\libArduinoCore.a(WMath.o)
 .debug_frame   0x00001088      0xa68 C:\AVR\Projects\MyRobot_000\MyRobot_000\ArduinoCore\Debug\libArduinoCore.a(WString.o)
 .debug_frame   0x00001af0       0x24 C:\AVR\Projects\MyRobot_000\MyRobot_000\ArduinoCore\Debug\libArduinoCore.a(hooks.o)

.debug_str      0x00000000     0x2f13
 *(.debug_str)
 .debug_str     0x00000000      0x208 C:/AVR/Atmel/Studio/7.0/Packs/atmel/ATmega_DFP/1.1.130/gcc/dev/atmega328p/avr5/crtatmega328p.o
 .debug_str     0x00000208     0x12f5 Main.o
                               0x13ab (size before relaxing)
 .debug_str     0x000014fd      0x1f2 Motor.o
                                0x478 (size before relaxing)
 .debug_str     0x000016ef      0x36b Motors.o
                               0x122c (size before relaxing)
 .debug_str     0x00001a5a      0x139 NewPing.o
                                0x683 (size before relaxing)
 .debug_str     0x00001b93       0xec SerialTask.o
                                0xff2 (size before relaxing)
 .debug_str     0x00001c7f       0x91 ServoTask.o
                                0xf17 (size before relaxing)
 .debug_str     0x00001d10      0x11a src/libraries/Servo/src/avr/Servo.o
                                0x4b4 (size before relaxing)
 .debug_str     0x00001e2a      0x6fd C:\AVR\Projects\MyRobot_000\MyRobot_000\ArduinoCore\Debug\libArduinoCore.a(HardwareSerial.o)
                               0x1338 (size before relaxing)
 .debug_str     0x00002527       0x47 C:\AVR\Projects\MyRobot_000\MyRobot_000\ArduinoCore\Debug\libArduinoCore.a(HardwareSerial0.o)
                               0x1138 (size before relaxing)
 .debug_str     0x0000256e       0x43 C:\AVR\Projects\MyRobot_000\MyRobot_000\ArduinoCore\Debug\libArduinoCore.a(main.o)
                                0x2a3 (size before relaxing)
 .debug_str     0x000025b1      0x32f C:\AVR\Projects\MyRobot_000\MyRobot_000\ArduinoCore\Debug\libArduinoCore.a(Print.o)
                                0xf94 (size before relaxing)
 .debug_str     0x000028e0      0x139 C:\AVR\Projects\MyRobot_000\MyRobot_000\ArduinoCore\Debug\libArduinoCore.a(wiring.o)
                                0x22d (size before relaxing)
 .debug_str     0x00002a19       0x6b C:\AVR\Projects\MyRobot_000\MyRobot_000\ArduinoCore\Debug\libArduinoCore.a(wiring_analog.o)
                                0x231 (size before relaxing)
 .debug_str     0x00002a84       0x39 C:\AVR\Projects\MyRobot_000\MyRobot_000\ArduinoCore\Debug\libArduinoCore.a(wiring_digital.o)
                                0x292 (size before relaxing)
 .debug_str     0x00002abd       0xac C:\AVR\Projects\MyRobot_000\MyRobot_000\ArduinoCore\Debug\libArduinoCore.a(WMath.o)
                                0x230 (size before relaxing)
 .debug_str     0x00002b69      0x38e C:\AVR\Projects\MyRobot_000\MyRobot_000\ArduinoCore\Debug\libArduinoCore.a(WString.o)
                                0xf6d (size before relaxing)
 .debug_str     0x00002ef7       0x1c C:\AVR\Projects\MyRobot_000\MyRobot_000\ArduinoCore\Debug\libArduinoCore.a(hooks.o)
                                0x122 (size before relaxing)

.debug_loc      0x00000000     0x9443
 *(.debug_loc)
 .debug_loc     0x00000000      0x12f Main.o
 .debug_loc     0x0000012f      0x4fc Motor.o
 .debug_loc     0x0000062b      0x721 Motors.o
 .debug_loc     0x00000d4c      0xae9 NewPing.o
 .debug_loc     0x00001835       0xd6 SerialTask.o
 .debug_loc     0x0000190b       0xf2 ServoTask.o
 .debug_loc     0x000019fd      0x6e5 src/libraries/Servo/src/avr/Servo.o
 .debug_loc     0x000020e2      0x497 C:\AVR\Projects\MyRobot_000\MyRobot_000\ArduinoCore\Debug\libArduinoCore.a(HardwareSerial.o)
 .debug_loc     0x00002579      0x161 C:\AVR\Projects\MyRobot_000\MyRobot_000\ArduinoCore\Debug\libArduinoCore.a(HardwareSerial0.o)
 .debug_loc     0x000026da     0x1f0e C:\AVR\Projects\MyRobot_000\MyRobot_000\ArduinoCore\Debug\libArduinoCore.a(Print.o)
 .debug_loc     0x000045e8      0x269 C:\AVR\Projects\MyRobot_000\MyRobot_000\ArduinoCore\Debug\libArduinoCore.a(wiring.o)
 .debug_loc     0x00004851       0xfe C:\AVR\Projects\MyRobot_000\MyRobot_000\ArduinoCore\Debug\libArduinoCore.a(wiring_analog.o)
 .debug_loc     0x0000494f      0x5e3 C:\AVR\Projects\MyRobot_000\MyRobot_000\ArduinoCore\Debug\libArduinoCore.a(wiring_digital.o)
 .debug_loc     0x00004f32      0x3cd C:\AVR\Projects\MyRobot_000\MyRobot_000\ArduinoCore\Debug\libArduinoCore.a(WMath.o)
 .debug_loc     0x000052ff     0x4144 C:\AVR\Projects\MyRobot_000\MyRobot_000\ArduinoCore\Debug\libArduinoCore.a(WString.o)

.debug_macinfo
 *(.debug_macinfo)

.debug_weaknames
 *(.debug_weaknames)

.debug_funcnames
 *(.debug_funcnames)

.debug_typenames
 *(.debug_typenames)

.debug_varnames
 *(.debug_varnames)

.debug_pubtypes
 *(.debug_pubtypes)

.debug_ranges   0x00000000      0x8d0
 *(.debug_ranges)
 .debug_ranges  0x00000000       0x50 Main.o
 .debug_ranges  0x00000050       0x68 Motor.o
 .debug_ranges  0x000000b8       0xf8 Motors.o
 .debug_ranges  0x000001b0       0x90 NewPing.o
 .debug_ranges  0x00000240       0x38 SerialTask.o
 .debug_ranges  0x00000278       0x28 ServoTask.o
 .debug_ranges  0x000002a0       0x58 src/libraries/Servo/src/avr/Servo.o
 .debug_ranges  0x000002f8       0x70 C:\AVR\Projects\MyRobot_000\MyRobot_000\ArduinoCore\Debug\libArduinoCore.a(HardwareSerial.o)
 .debug_ranges  0x00000368       0x28 C:\AVR\Projects\MyRobot_000\MyRobot_000\ArduinoCore\Debug\libArduinoCore.a(HardwareSerial0.o)
 .debug_ranges  0x00000390       0x28 C:\AVR\Projects\MyRobot_000\MyRobot_000\ArduinoCore\Debug\libArduinoCore.a(main.o)
 .debug_ranges  0x000003b8      0x128 C:\AVR\Projects\MyRobot_000\MyRobot_000\ArduinoCore\Debug\libArduinoCore.a(Print.o)
 .debug_ranges  0x000004e0       0x38 C:\AVR\Projects\MyRobot_000\MyRobot_000\ArduinoCore\Debug\libArduinoCore.a(wiring.o)
 .debug_ranges  0x00000518       0x20 C:\AVR\Projects\MyRobot_000\MyRobot_000\ArduinoCore\Debug\libArduinoCore.a(wiring_analog.o)
 .debug_ranges  0x00000538       0x28 C:\AVR\Projects\MyRobot_000\MyRobot_000\ArduinoCore\Debug\libArduinoCore.a(wiring_digital.o)
 .debug_ranges  0x00000560       0x38 C:\AVR\Projects\MyRobot_000\MyRobot_000\ArduinoCore\Debug\libArduinoCore.a(WMath.o)
 .debug_ranges  0x00000598      0x328 C:\AVR\Projects\MyRobot_000\MyRobot_000\ArduinoCore\Debug\libArduinoCore.a(WString.o)
 .debug_ranges  0x000008c0       0x10 C:\AVR\Projects\MyRobot_000\MyRobot_000\ArduinoCore\Debug\libArduinoCore.a(hooks.o)

.debug_macro
 *(.debug_macro)
OUTPUT(MyRobot_000.elf elf32-avr)
LOAD linker stubs
