Archive member included to satisfy reference by file (symbol)

C:\AVR\MyProjects\MyRobot_000\MyRobot_000\ArduinoCore\Debug\libArduinoCore.a(HardwareSerial.o)
                              Main.o (_ZN14HardwareSerial9availableEv)
C:\AVR\MyProjects\MyRobot_000\MyRobot_000\ArduinoCore\Debug\libArduinoCore.a(HardwareSerial0.o)
                              Main.o (Serial)
C:\AVR\MyProjects\MyRobot_000\MyRobot_000\ArduinoCore\Debug\libArduinoCore.a(main.o)
                              C:/Program Files (x86)/Atmel/Studio/7.0/Packs/atmel/ATmega_DFP/1.1.130/gcc/dev/atmega328p/avr5/crtatmega328p.o (main)
C:\AVR\MyProjects\MyRobot_000\MyRobot_000\ArduinoCore\Debug\libArduinoCore.a(Print.o)
                              C:\AVR\MyProjects\MyRobot_000\MyRobot_000\ArduinoCore\Debug\libArduinoCore.a(HardwareSerial.o) (_ZN5Print5writeEPKhj)
C:\AVR\MyProjects\MyRobot_000\MyRobot_000\ArduinoCore\Debug\libArduinoCore.a(wiring.o)
                              Main.o (millis)
C:\AVR\MyProjects\MyRobot_000\MyRobot_000\ArduinoCore\Debug\libArduinoCore.a(wiring_analog.o)
                              Motor.o (analogWrite)
C:\AVR\MyProjects\MyRobot_000\MyRobot_000\ArduinoCore\Debug\libArduinoCore.a(wiring_digital.o)
                              Main.o (pinMode)
C:\AVR\MyProjects\MyRobot_000\MyRobot_000\ArduinoCore\Debug\libArduinoCore.a(WMath.o)
                              src/libraries/Servo/src/avr/Servo.o (_Z3maplllll)
C:\AVR\MyProjects\MyRobot_000\MyRobot_000\ArduinoCore\Debug\libArduinoCore.a(WString.o)
                              Main.o (_ZN6StringD2Ev)
C:\AVR\MyProjects\MyRobot_000\MyRobot_000\ArduinoCore\Debug\libArduinoCore.a(abi.o)
                              C:\AVR\MyProjects\MyRobot_000\MyRobot_000\ArduinoCore\Debug\libArduinoCore.a(Print.o) (__cxa_pure_virtual)
C:\AVR\MyProjects\MyRobot_000\MyRobot_000\ArduinoCore\Debug\libArduinoCore.a(hooks.o)
                              C:\AVR\MyProjects\MyRobot_000\MyRobot_000\ArduinoCore\Debug\libArduinoCore.a(wiring.o) (yield)
c:/program files (x86)/atmel/studio/7.0/toolchain/avr8/avr8-gnu-toolchain/bin/../lib/gcc/avr/5.4.0/../../../../avr/lib/avr5\libm.a(addsf3.o)
                              C:\AVR\MyProjects\MyRobot_000\MyRobot_000\ArduinoCore\Debug\libArduinoCore.a(Print.o) (__subsf3)
c:/program files (x86)/atmel/studio/7.0/toolchain/avr8/avr8-gnu-toolchain/bin/../lib/gcc/avr/5.4.0/../../../../avr/lib/avr5\libm.a(addsf3x.o)
                              c:/program files (x86)/atmel/studio/7.0/toolchain/avr8/avr8-gnu-toolchain/bin/../lib/gcc/avr/5.4.0/../../../../avr/lib/avr5\libm.a(addsf3.o) (__addsf3x)
c:/program files (x86)/atmel/studio/7.0/toolchain/avr8/avr8-gnu-toolchain/bin/../lib/gcc/avr/5.4.0/../../../../avr/lib/avr5\libm.a(cmpsf2.o)
                              C:\AVR\MyProjects\MyRobot_000\MyRobot_000\ArduinoCore\Debug\libArduinoCore.a(Print.o) (__ltsf2)
c:/program files (x86)/atmel/studio/7.0/toolchain/avr8/avr8-gnu-toolchain/bin/../lib/gcc/avr/5.4.0/../../../../avr/lib/avr5\libm.a(divsf3.o)
                              C:\AVR\MyProjects\MyRobot_000\MyRobot_000\ArduinoCore\Debug\libArduinoCore.a(Print.o) (__divsf3)
c:/program files (x86)/atmel/studio/7.0/toolchain/avr8/avr8-gnu-toolchain/bin/../lib/gcc/avr/5.4.0/../../../../avr/lib/avr5\libm.a(divsf3x.o)
                              c:/program files (x86)/atmel/studio/7.0/toolchain/avr8/avr8-gnu-toolchain/bin/../lib/gcc/avr/5.4.0/../../../../avr/lib/avr5\libm.a(divsf3.o) (__divsf3x)
c:/program files (x86)/atmel/studio/7.0/toolchain/avr8/avr8-gnu-toolchain/bin/../lib/gcc/avr/5.4.0/../../../../avr/lib/avr5\libm.a(fixunssfsi.o)
                              C:\AVR\MyProjects\MyRobot_000\MyRobot_000\ArduinoCore\Debug\libArduinoCore.a(Print.o) (__fixunssfsi)
c:/program files (x86)/atmel/studio/7.0/toolchain/avr8/avr8-gnu-toolchain/bin/../lib/gcc/avr/5.4.0/../../../../avr/lib/avr5\libm.a(floatsisf.o)
                              C:\AVR\MyProjects\MyRobot_000\MyRobot_000\ArduinoCore\Debug\libArduinoCore.a(Print.o) (__floatunsisf)
c:/program files (x86)/atmel/studio/7.0/toolchain/avr8/avr8-gnu-toolchain/bin/../lib/gcc/avr/5.4.0/../../../../avr/lib/avr5\libm.a(fp_cmp.o)
                              c:/program files (x86)/atmel/studio/7.0/toolchain/avr8/avr8-gnu-toolchain/bin/../lib/gcc/avr/5.4.0/../../../../avr/lib/avr5\libm.a(cmpsf2.o) (__fp_cmp)
c:/program files (x86)/atmel/studio/7.0/toolchain/avr8/avr8-gnu-toolchain/bin/../lib/gcc/avr/5.4.0/../../../../avr/lib/avr5\libm.a(fp_inf.o)
                              c:/program files (x86)/atmel/studio/7.0/toolchain/avr8/avr8-gnu-toolchain/bin/../lib/gcc/avr/5.4.0/../../../../avr/lib/avr5\libm.a(addsf3x.o) (__fp_inf)
c:/program files (x86)/atmel/studio/7.0/toolchain/avr8/avr8-gnu-toolchain/bin/../lib/gcc/avr/5.4.0/../../../../avr/lib/avr5\libm.a(fp_nan.o)
                              c:/program files (x86)/atmel/studio/7.0/toolchain/avr8/avr8-gnu-toolchain/bin/../lib/gcc/avr/5.4.0/../../../../avr/lib/avr5\libm.a(addsf3x.o) (__fp_nan)
[...]
Memory Configuration

Name             Origin             Length             Attributes
text             0x00000000         0x00020000         xr
data             0x00800060         0x0000ffa0         rw !x
eeprom           0x00810000         0x00010000         rw !x
fuse             0x00820000         0x00000003         rw !x
lock             0x00830000         0x00000400         rw !x
signature        0x00840000         0x00000400         rw !x
user_signatures  0x00850000         0x00000400         rw !x
*default*        0x00000000         0xffffffff

Linker script and memory map

Address of section .data set to 0x800100
LOAD C:/Program Files (x86)/Atmel/Studio/7.0/Packs/atmel/ATmega_DFP/1.1.130/gcc/dev/atmega328p/avr5/crtatmega328p.o
LOAD Main.o
LOAD Motor.o
LOAD Motors.o
LOAD NewPing.o
LOAD ServoTask.o
LOAD src/libraries/Servo/src/avr/Servo.o
START GROUP
LOAD c:/program files (x86)/atmel/studio/7.0/toolchain/avr8/avr8-gnu-toolchain/bin/../lib/gcc/avr/5.4.0/../../../../avr/lib/avr5\libm.a
LOAD C:\AVR\MyProjects\MyRobot_000\MyRobot_000\ArduinoCore\Debug\libArduinoCore.a
END GROUP
LOAD c:/program files (x86)/atmel/studio/7.0/toolchain/avr8/avr8-gnu-toolchain/bin/../lib/gcc/avr/5.4.0/avr5\libgcc.a
LOAD c:/program files (x86)/atmel/studio/7.0/toolchain/avr8/avr8-gnu-toolchain/bin/../lib/gcc/avr/5.4.0/../../../../avr/lib/avr5\libm.a
START GROUP
LOAD c:/program files (x86)/atmel/studio/7.0/toolchain/avr8/avr8-gnu-toolchain/bin/../lib/gcc/avr/5.4.0/avr5\libgcc.a
LOAD c:/program files (x86)/atmel/studio/7.0/toolchain/avr8/avr8-gnu-toolchain/bin/../lib/gcc/avr/5.4.0/../../../../avr/lib/avr5\libm.a
LOAD c:/program files (x86)/atmel/studio/7.0/toolchain/avr8/avr8-gnu-toolchain/bin/../lib/gcc/avr/5.4.0/../../../../avr/lib/avr5\libc.a
LOAD C:/Program Files (x86)/Atmel/Studio/7.0/Packs/atmel/ATmega_DFP/1.1.130/gcc/dev/atmega328p/avr5\libatmega328p.a
END GROUP
                0x00020000                __TEXT_REGION_LENGTH__ = DEFINED (__TEXT_REGION_LENGTH__)?__TEXT_REGION_LENGTH__:0x20000
                0x0000ffa0                __DATA_REGION_LENGTH__ = DEFINED (__DATA_REGION_LENGTH__)?__DATA_REGION_LENGTH__:0xffa0
                0x00010000                __EEPROM_REGION_LENGTH__ = DEFINED (__EEPROM_REGION_LENGTH__)?__EEPROM_REGION_LENGTH__:0x10000
                [0x00000003]                __FUSE_REGION_LENGTH__ = DEFINED (__FUSE_REGION_LENGTH__)?__FUSE_REGION_LENGTH__:0x400
                0x00000400                __LOCK_REGION_LENGTH__ = DEFINED (__LOCK_REGION_LENGTH__)?__LOCK_REGION_LENGTH__:0x400
                0x00000400                __SIGNATURE_REGION_LENGTH__ = DEFINED (__SIGNATURE_REGION_LENGTH__)?__SIGNATURE_REGION_LENGTH__:0x400
                0x00000400                __USER_SIGNATURE_REGION_LENGTH__ = DEFINED (__USER_SIGNATURE_REGION_LENGTH__)?__USER_SIGNATURE_REGION_LENGTH__:0x400

.hash
 *(.hash)

.dynsym
 *(.dynsym)

.dynstr
 *(.dynstr)

.gnu.version
 *(.gnu.version)

.gnu.version_d
 *(.gnu.version_d)

.gnu.version_r
 *(.gnu.version_r)

.rel.init
 *(.rel.init)

.rela.init
 *(.rela.init)

.rel.text
 *(.rel.text)
 *(.rel.text.*)
 *(.rel.gnu.linkonce.t*)

.rela.text
 *(.rela.text)
 *(.rela.text.*)
 *(.rela.gnu.linkonce.t*)

.rel.fini
 *(.rel.fini)

.rela.fini
 *(.rela.fini)

.rel.rodata
 *(.rel.rodata)
 *(.rel.rodata.*)
 *(.rel.gnu.linkonce.r*)

.rela.rodata
 *(.rela.rodata)
 *(.rela.rodata.*)
 *(.rela.gnu.linkonce.r*)

.rel.data
 *(.rel.data)
 *(.rel.data.*)
 *(.rel.gnu.linkonce.d*)

.rela.data
 *(.rela.data)
 *(.rela.data.*)
 *(.rela.gnu.linkonce.d*)

.rel.ctors
 *(.rel.ctors)

.rela.ctors
 *(.rela.ctors)

.rel.dtors
 *(.rel.dtors)

.rela.dtors
 *(.rela.dtors)

.rel.got
 *(.rel.got)

.rela.got
 *(.rela.got)

.rel.bss
 *(.rel.bss)

.rela.bss
 *(.rela.bss)

.rel.plt
 *(.rel.plt)

.rela.plt
 *(.rela.plt)

.text           0x00000000     0x2a38
 *(.vectors)
 .vectors       0x00000000       0x68 C:/Program Files (x86)/Atmel/Studio/7.0/Packs/atmel/ATmega_DFP/1.1.130/gcc/dev/atmega328p/avr5/crtatmega328p.o
                0x00000000                __vector_default
                0x00000000                __vectors
 *(.vectors)
 *(.progmem.gcc*)
                0x00000068                . = ALIGN (0x2)
                0x00000068                __trampolines_start = .
 *(.trampolines)
 .trampolines   0x00000068        0x0 linker stubs
 *(.trampolines*)
                0x00000068                __trampolines_end = .
 *libprintf_flt.a:*(.progmem.data)
 *libc.a:*(.progmem.data)
 *(.progmem*)
 .progmem.data._ZZ15sonar_echoCheckvE3__c_0
                0x00000068        0x3 Main.o
 .progmem.data._ZZ15sonar_echoCheckvE3__c
                0x0000006b       0x11 Main.o
 .progmem.data._ZZ5setupE3__c
                0x0000007c        0x6 Main.o
 .progmem.data._ZZ27motors_get_maxspeeds_stringvE3__c_0
                0x00000082        0x2 Motors.o
 .progmem.data._ZZ27motors_get_maxspeeds_stringvE3__c
                0x00000084        0xe Motors.o
 .progmem.data._ZZ28motors_get_realspeeds_stringvE3__c_0
                0x00000092        0x2 Motors.o
 .progmem.data._ZZ28motors_get_realspeeds_stringvE3__c
                0x00000094        0xe Motors.o
 .progmem.data._ZZ24motors_get_speeds_stringvE3__c_0
                0x000000a2        0x2 Motors.o
 .progmem.data._ZZ24motors_get_speeds_stringvE3__c
                0x000000a4        0xa Motors.o
 .progmem.data._ZZ17Task_ServoHandlervE3__c_1
                0x000000ae       0x14 ServoTask.o
 .progmem.data._ZZ17Task_ServoHandlervE3__c_0
                0x000000c2       0x13 ServoTask.o
 .progmem.data._ZZ17Task_ServoHandlervE3__c
                0x000000d5       0x2b ServoTask.o
 .progmem.data.digital_pin_to_timer_PGM
                0x00000100       0x14 C:\AVR\MyProjects\MyRobot_000\MyRobot_000\ArduinoCore\Debug\libArduinoCore.a(wiring_digital.o)
                0x00000100                digital_pin_to_timer_PGM
 .progmem.data.digital_pin_to_bit_mask_PGM
                0x00000114       0x14 C:\AVR\MyProjects\MyRobot_000\MyRobot_000\ArduinoCore\Debug\libArduinoCore.a(wiring_digital.o)
                0x00000114                digital_pin_to_bit_mask_PGM
 .progmem.data.digital_pin_to_port_PGM
                0x00000128       0x14 C:\AVR\MyProjects\MyRobot_000\MyRobot_000\ArduinoCore\Debug\libArduinoCore.a(wiring_digital.o)
                0x00000128                digital_pin_to_port_PGM
 .progmem.data.port_to_input_PGM
                0x0000013c        0xa C:\AVR\MyProjects\MyRobot_000\MyRobot_000\ArduinoCore\Debug\libArduinoCore.a(wiring_digital.o)
                0x0000013c                port_to_input_PGM
 .progmem.data.port_to_output_PGM
                0x00000146        0xa C:\AVR\MyProjects\MyRobot_000\MyRobot_000\ArduinoCore\Debug\libArduinoCore.a(wiring_digital.o)
                0x00000146                port_to_output_PGM
 .progmem.data.port_to_mode_PGM
                0x00000150        0xa C:\AVR\MyProjects\MyRobot_000\MyRobot_000\ArduinoCore\Debug\libArduinoCore.a(wiring_digital.o)
                0x00000150                port_to_mode_PGM
                0x0000015a                . = ALIGN (0x2)
 *(.jumptables)
 *(.jumptables*)
 *(.lowtext)
 *(.lowtext*)
                0x0000015a                __ctors_start = .
 *(.ctors)
 .ctors         0x0000015a        0x2 Main.o
 .ctors         0x0000015c        0x2 Motors.o
 .ctors         0x0000015e        0x2 ServoTask.o
 .ctors         0x00000160        0x2 C:\AVR\MyProjects\MyRobot_000\MyRobot_000\ArduinoCore\Debug\libArduinoCore.a(HardwareSerial0.o)
                0x00000162                __ctors_end = .
                0x00000162                __dtors_start = .
 *(.dtors)
                0x00000162                __dtors_end = .
 SORT(*)(.ctors)
 SORT(*)(.dtors)
 *(.init0)
 .init0         0x00000162        0x0 C:/Program Files (x86)/Atmel/Studio/7.0/Packs/atmel/ATmega_DFP/1.1.130/gcc/dev/atmega328p/avr5/crtatmega328p.o
                0x00000162                __init
 *(.init0)
 *(.init1)
 *(.init1)
 *(.init2)
 .init2         0x00000162        0xc C:/Program Files (x86)/Atmel/Studio/7.0/Packs/atmel/ATmega_DFP/1.1.130/gcc/dev/atmega328p/avr5/crtatmega328p.o
 *(.init2)
 *(.init3)
 *(.init3)
 *(.init4)
 .init4         0x0000016e       0x16 c:/program files (x86)/atmel/studio/7.0/toolchain/avr8/avr8-gnu-toolchain/bin/../lib/gcc/avr/5.4.0/avr5\libgcc.a(_copy_data.o)
                0x0000016e                __do_copy_data
 .init4         0x00000184       0x10 c:/program files (x86)/atmel/studio/7.0/toolchain/avr8/avr8-gnu-toolchain/bin/../lib/gcc/avr/5.4.0/avr5\libgcc.a(_clear_bss.o)
                0x00000184                __do_clear_bss
 *(.init4)
 *(.init5)
 *(.init5)
 *(.init6)
 .init6         0x00000194       0x16 c:/program files (x86)/atmel/studio/7.0/toolchain/avr8/avr8-gnu-toolchain/bin/../lib/gcc/avr/5.4.0/avr5\libgcc.a(_ctors.o)
                0x00000194                __do_global_ctors
 *(.init6)
 *(.init7)
 *(.init7)
 *(.init8)
 *(.init8)
 *(.init9)
 .init9         0x000001aa        0x8 C:/Program Files (x86)/Atmel/Studio/7.0/Packs/atmel/ATmega_DFP/1.1.130/gcc/dev/atmega328p/avr5/crtatmega328p.o
 *(.init9)
 *(.text)
 .text          0x000001b2        0x4 C:/Program Files (x86)/Atmel/Studio/7.0/Packs/atmel/ATmega_DFP/1.1.130/gcc/dev/atmega328p/avr5/crtatmega328p.o
                0x000001b2                __vector_22
                0x000001b2                __vector_1
                0x000001b2                __vector_24
                0x000001b2                __vector_12
                0x000001b2                __bad_interrupt
                0x000001b2                __vector_6
                0x000001b2                __vector_3
                0x000001b2                __vector_23
                0x000001b2                __vector_25
                0x000001b2                __vector_13
                0x000001b2                __vector_17
                0x000001b2                __vector_5
                0x000001b2                __vector_4
                0x000001b2                __vector_9
                0x000001b2                __vector_2
                0x000001b2                __vector_21
                0x000001b2                __vector_15
                0x000001b2                __vector_8
                0x000001b2                __vector_14
                0x000001b2                __vector_10
                0x000001b2                __vector_20
                0x000001b6                . = ALIGN (0x2)
 *(.text.*)
 .text._Z15sonar_echoCheckv
                0x000001b6       0xbe Main.o
                0x000001b6                _Z15sonar_echoCheckv
 .text.setup    0x00000274       0xa8 Main.o
                0x00000274                setup
 .text._Z21Task_BarrierDetectionv
                0x0000031c       0xd8 Main.o
                0x0000031c                _Z21Task_BarrierDetectionv
 .text._Z17Task_SonarHandlerv
                0x000003f4       0x6e Main.o
                0x000003f4                _Z17Task_SonarHandlerv
 .text._Z9SendInfosv
                0x00000462       0x7a Main.o
                0x00000462                _Z9SendInfosv
 .text.startup._GLOBAL__sub_I_lastCmd
                0x000004dc       0x10 Main.o
 .text._Z18Task_SerialHandlerv
                0x000004ec      0x104 Main.o
                0x000004ec                _Z18Task_SerialHandlerv
 .text.loop     0x000005f0       0x10 Main.o
                0x000005f0                loop
 .text._ZN5Motor9get_speedEv
                0x00000600        0x6 Motor.o
                0x00000600                _ZN5Motor9get_speedEv
 .text._ZN5Motor13get_max_speedEv
                0x00000606        0x6 Motor.o
                0x00000606                _ZN5Motor13get_max_speedEv
 .text._ZN5Motor13set_directionEb
                0x0000060c       0x14 Motor.o
                0x0000060c                _ZN5Motor13set_directionEb
 .text._ZN5Motor13get_directionEv
                0x00000620        0x6 Motor.o
                0x00000620                _ZN5Motor13get_directionEv
 .text._ZN5Motor14get_speed_corrEv
                0x00000626        0x6 Motor.o
                0x00000626                _ZN5Motor14get_speed_corrEv
 .text._ZN5Motor13get_realspeedEv
                0x0000062c       0x1a Motor.o
                0x0000062c                _ZN5Motor13get_realspeedEv
 .text._ZN5Motor9set_speedEh
                0x00000646       0x18 Motor.o
                0x00000646                _ZN5Motor9set_speedEh
 .text._ZN5MotorC2Ehh
                0x0000065e       0x42 Motor.o
                0x0000065e                _ZN5MotorC2Ehh
                0x0000065e                _ZN5MotorC1Ehh
 .text._ZN5Motor13set_max_speedEh
                0x000006a0       0x10 Motor.o
                0x000006a0                _ZN5Motor13set_max_speedEh
 .text._ZN5Motor14set_speed_corrEh
                0x000006b0       0x14 Motor.o
                0x000006b0                _ZN5Motor14set_speed_corrEh
 .text._ZN5Motor8speed_upEh
                0x000006c4       0x2c Motor.o
                0x000006c4                _ZN5Motor8speed_upEh
 .text._ZN5Motor10speed_downEh
                0x000006f0       0x24 Motor.o
                0x000006f0                _ZN5Motor10speed_downEh
 .text._Z15motors_speed_uphh
                0x00000714       0x4e Motors.o
                0x00000714                _Z15motors_speed_uphh
 .text._Z17motors_speed_downhh
                0x00000762       0x4e Motors.o
                0x00000762                _Z17motors_speed_downhh
 .text._Z16motors_get_speedv
                0x000007b0       0x22 Motors.o
                0x000007b0                _Z16motors_get_speedv
 .text._Z20motors_set_max_speedhb
                0x000007d2       0x20 Motors.o
                0x000007d2                _Z20motors_set_max_speedhb
 .text._Z20get_motors_max_speedv
                0x000007f2        0x6 Motors.o
                0x000007f2                _Z20get_motors_max_speedv
 .text._Z19motors_correctspeedi
                0x000007f8       0x8c Motors.o
                0x000007f8                _Z19motors_correctspeedi
 .text._Z17motors_go_forwardv
                0x00000884       0x46 Motors.o
                0x00000884                _Z17motors_go_forwardv
 .text._Z26motors_go_forward_and_leftv
                0x000008ca       0x52 Motors.o
                0x000008ca                _Z26motors_go_forward_and_leftv
 .text._Z27motors_go_forward_and_rightv
                0x0000091c       0x52 Motors.o
                0x0000091c                _Z27motors_go_forward_and_rightv
 .text._Z18motors_go_backwardv
                0x0000096e       0x46 Motors.o
                0x0000096e                _Z18motors_go_backwardv
 .text._Z27motors_go_backward_and_leftv
                0x000009b4       0x52 Motors.o
                0x000009b4                _Z27motors_go_backward_and_leftv
 .text._Z28motors_go_backward_and_rightv
                0x00000a06       0x52 Motors.o
                0x00000a06                _Z28motors_go_backward_and_rightv
 .text._Z14motors_go_leftv
                0x00000a58       0x52 Motors.o
                0x00000a58                _Z14motors_go_leftv
 .text._Z15motors_go_rightv
                0x00000aaa       0x52 Motors.o
                0x00000aaa                _Z15motors_go_rightv
 .text._Z24motors_get_speeds_stringv
                0x00000afc       0xa6 Motors.o
                0x00000afc                _Z24motors_get_speeds_stringv
 .text._Z28motors_get_realspeeds_stringv
                0x00000ba2       0xa6 Motors.o
                0x00000ba2                _Z28motors_get_realspeeds_stringv
 .text._Z27motors_get_maxspeeds_stringv
                0x00000c48       0xa6 Motors.o
                0x00000c48                _Z27motors_get_maxspeeds_stringv
 .text.startup._GLOBAL__sub_I_motor_right
                0x00000cee       0x18 Motors.o
 .text._ZN7NewPing12ping_triggerEv
                0x00000d06       0xe2 NewPing.o
                0x00000d06                _ZN7NewPing12ping_triggerEv
 .text._ZN7NewPing16set_max_distanceEj
                0x00000de8       0x24 NewPing.o
                0x00000de8                _ZN7NewPing16set_max_distanceEj
 .text._ZN7NewPingC2Ehhj
                0x00000e0c       0x84 NewPing.o
                0x00000e0c                _ZN7NewPingC1Ehhj
                0x00000e0c                _ZN7NewPingC2Ehhj
 .text._ZN7NewPing10timer_stopEv
                0x00000e90        0xc NewPing.o
                0x00000e90                _ZN7NewPing10timer_stopEv
 .text._ZN7NewPing11check_timerEv
                0x00000e9c       0xa2 NewPing.o
                0x00000e9c                _ZN7NewPing11check_timerEv
 .text._ZN7NewPing11timer_setupEv
                0x00000f3e       0x20 NewPing.o
                0x00000f3e                _ZN7NewPing11timer_setupEv
 .text._ZN7NewPing8timer_usEjPFvvE
                0x00000f5e       0x3e NewPing.o
                0x00000f5e                _ZN7NewPing8timer_usEjPFvvE
 .text._ZN7NewPing10ping_timerEPFvvEj
                0x00000f9c       0x3e NewPing.o
                0x00000f9c                _ZN7NewPing10ping_timerEPFvvEj
 .text.__vector_7
                0x00000fda       0x4e NewPing.o
                0x00000fda                __vector_7
 .text._Z19servo_positions_cntv
                0x00001028        0x4 ServoTask.o
                0x00001028                _Z19servo_positions_cntv
 .text._Z23servo_h_getnextpositionv
                0x0000102c       0x24 ServoTask.o
                0x0000102c                _Z23servo_h_getnextpositionv
 .text._Z17Task_ServoHandlerv
                0x00001050      0x204 ServoTask.o
                0x00001050                _Z17Task_ServoHandlerv
 .text.startup._GLOBAL__sub_I_servo_h
                0x00001254       0x10 ServoTask.o
 .text.__vector_11
                0x00001264      0x182 src/libraries/Servo/src/avr/Servo.o
                0x00001264                __vector_11
 .text._ZN5ServoC2Ev
                0x000013e6       0x38 src/libraries/Servo/src/avr/Servo.o
                0x000013e6                _ZN5ServoC1Ev
                0x000013e6                _ZN5ServoC2Ev
 .text._ZN5Servo6attachEiii
                0x0000141e      0x100 src/libraries/Servo/src/avr/Servo.o
                0x0000141e                _ZN5Servo6attachEiii
 .text._ZN5Servo6attachEi
                0x0000151e        0xc src/libraries/Servo/src/avr/Servo.o
                0x0000151e                _ZN5Servo6attachEi
 .text._ZN5Servo6detachEv
                0x0000152a       0x1c src/libraries/Servo/src/avr/Servo.o
                0x0000152a                _ZN5Servo6detachEv
 .text._ZN5Servo17writeMicrosecondsEi
                0x00001546       0x6c src/libraries/Servo/src/avr/Servo.o
                0x00001546                _ZN5Servo17writeMicrosecondsEi
 .text._ZN5Servo5writeEi
                0x000015b2       0xb8 src/libraries/Servo/src/avr/Servo.o
                0x000015b2                _ZN5Servo5writeEi
 .text._ZN14HardwareSerial9availableEv
                0x0000166a       0x18 C:\AVR\MyProjects\MyRobot_000\MyRobot_000\ArduinoCore\Debug\libArduinoCore.a(HardwareSerial.o)
                0x0000166a                _ZN14HardwareSerial9availableEv
 .text._ZN14HardwareSerial4peekEv
                0x00001682       0x1c C:\AVR\MyProjects\MyRobot_000\MyRobot_000\ArduinoCore\Debug\libArduinoCore.a(HardwareSerial.o)
                0x00001682                _ZN14HardwareSerial4peekEv
 .text._ZN14HardwareSerial4readEv
                0x0000169e       0x28 C:\AVR\MyProjects\MyRobot_000\MyRobot_000\ArduinoCore\Debug\libArduinoCore.a(HardwareSerial.o)
                0x0000169e                _ZN14HardwareSerial4readEv
 .text._Z14serialEventRunv
                0x000016c6       0x1c C:\AVR\MyProjects\MyRobot_000\MyRobot_000\ArduinoCore\Debug\libArduinoCore.a(HardwareSerial.o)
                0x000016c6                _Z14serialEventRunv
 .text._ZN14HardwareSerial17_tx_udr_empty_irqEv
                0x000016e2       0x42 C:\AVR\MyProjects\MyRobot_000\MyRobot_000\ArduinoCore\Debug\libArduinoCore.a(HardwareSerial.o)
                0x000016e2                _ZN14HardwareSerial17_tx_udr_empty_irqEv
 .text._ZN14HardwareSerial5writeEh
                0x00001724       0x8e C:\AVR\MyProjects\MyRobot_000\MyRobot_000\ArduinoCore\Debug\libArduinoCore.a(HardwareSerial.o)
                0x00001724                _ZN14HardwareSerial5writeEh
 .text._ZN14HardwareSerial5flushEv
                0x000017b2       0x44 C:\AVR\MyProjects\MyRobot_000\MyRobot_000\ArduinoCore\Debug\libArduinoCore.a(HardwareSerial.o)
                0x000017b2                _ZN14HardwareSerial5flushEv
 .text._ZN14HardwareSerial5beginEmh
                0x000017f6       0xca C:\AVR\MyProjects\MyRobot_000\MyRobot_000\ArduinoCore\Debug\libArduinoCore.a(HardwareSerial.o)
                0x000017f6                _ZN14HardwareSerial5beginEmh
 .text.__vector_18
                0x000018c0       0x64 C:\AVR\MyProjects\MyRobot_000\MyRobot_000\ArduinoCore\Debug\libArduinoCore.a(HardwareSerial0.o)
                0x000018c0                __vector_18
 .text.__vector_19
                0x00001924       0x4c C:\AVR\MyProjects\MyRobot_000\MyRobot_000\ArduinoCore\Debug\libArduinoCore.a(HardwareSerial0.o)
                0x00001924                __vector_19
 .text._Z17Serial0_availablev
                0x00001970       0x14 C:\AVR\MyProjects\MyRobot_000\MyRobot_000\ArduinoCore\Debug\libArduinoCore.a(HardwareSerial0.o)
                0x00001970                _Z17Serial0_availablev
 .text.startup._GLOBAL__sub_I___vector_18
                0x00001984       0x5a C:\AVR\MyProjects\MyRobot_000\MyRobot_000\ArduinoCore\Debug\libArduinoCore.a(HardwareSerial0.o)
 .text.initVariant
                0x000019de        0x2 C:\AVR\MyProjects\MyRobot_000\MyRobot_000\ArduinoCore\Debug\libArduinoCore.a(main.o)
                0x000019de                initVariant
 .text.startup.main
                0x000019e0       0x1e C:\AVR\MyProjects\MyRobot_000\MyRobot_000\ArduinoCore\Debug\libArduinoCore.a(main.o)
                0x000019e0                main
 .text._ZN5Print5writeEPKhj
                0x000019fe       0x54 C:\AVR\MyProjects\MyRobot_000\MyRobot_000\ArduinoCore\Debug\libArduinoCore.a(Print.o)
                0x000019fe                _ZN5Print5writeEPKhj
 .text._ZN5Print5writeEPKc
                0x00001a52       0x2a C:\AVR\MyProjects\MyRobot_000\MyRobot_000\ArduinoCore\Debug\libArduinoCore.a(Print.o)
                0x00001a52                _ZN5Print5writeEPKc
 .text._ZN5Print5printEPK19__FlashStringHelper
                0x00001a7c       0x48 C:\AVR\MyProjects\MyRobot_000\MyRobot_000\ArduinoCore\Debug\libArduinoCore.a(Print.o)
                0x00001a7c                _ZN5Print5printEPK19__FlashStringHelper
 .text._ZN5Print5printERK6String
                0x00001ac4       0x1c C:\AVR\MyProjects\MyRobot_000\MyRobot_000\ArduinoCore\Debug\libArduinoCore.a(Print.o)
                0x00001ac4                _ZN5Print5printERK6String
 .text._ZN5Print7printlnEv
                0x00001ae0        0x8 C:\AVR\MyProjects\MyRobot_000\MyRobot_000\ArduinoCore\Debug\libArduinoCore.a(Print.o)
                0x00001ae0                _ZN5Print7printlnEv
 .text._ZN5Print7printlnEPK19__FlashStringHelper
                0x00001ae8       0x24 C:\AVR\MyProjects\MyRobot_000\MyRobot_000\ArduinoCore\Debug\libArduinoCore.a(Print.o)
                0x00001ae8                _ZN5Print7printlnEPK19__FlashStringHelper
 .text._ZN5Print7printlnERK6String
                0x00001b0c       0x24 C:\AVR\MyProjects\MyRobot_000\MyRobot_000\ArduinoCore\Debug\libArduinoCore.a(Print.o)
                0x00001b0c                _ZN5Print7printlnERK6String
 .text.__vector_16
                0x00001b30       0x94 C:\AVR\MyProjects\MyRobot_000\MyRobot_000\ArduinoCore\Debug\libArduinoCore.a(wiring.o)
                0x00001b30                __vector_16
 .text.millis   0x00001bc4       0x18 C:\AVR\MyProjects\MyRobot_000\MyRobot_000\ArduinoCore\Debug\libArduinoCore.a(wiring.o)
                0x00001bc4                millis
 .text.micros   0x00001bdc       0x4a C:\AVR\MyProjects\MyRobot_000\MyRobot_000\ArduinoCore\Debug\libArduinoCore.a(wiring.o)
                0x00001bdc                micros
 .text.delay    0x00001c26       0x78 C:\AVR\MyProjects\MyRobot_000\MyRobot_000\ArduinoCore\Debug\libArduinoCore.a(wiring.o)
                0x00001c26                delay
 .text.delayMicroseconds
                0x00001c9e       0x16 C:\AVR\MyProjects\MyRobot_000\MyRobot_000\ArduinoCore\Debug\libArduinoCore.a(wiring.o)
                0x00001c9e                delayMicroseconds
 .text.init     0x00001cb4       0x76 C:\AVR\MyProjects\MyRobot_000\MyRobot_000\ArduinoCore\Debug\libArduinoCore.a(wiring.o)
                0x00001cb4                init
 .text.analogWrite
                0x00001d2a       0xbe C:\AVR\MyProjects\MyRobot_000\MyRobot_000\ArduinoCore\Debug\libArduinoCore.a(wiring_analog.o)
                0x00001d2a                analogWrite
 .text.turnOffPWM
                0x00001de8       0x52 C:\AVR\MyProjects\MyRobot_000\MyRobot_000\ArduinoCore\Debug\libArduinoCore.a(wiring_digital.o)
 .text.pinMode  0x00001e3a       0x78 C:\AVR\MyProjects\MyRobot_000\MyRobot_000\ArduinoCore\Debug\libArduinoCore.a(wiring_digital.o)
                0x00001e3a                pinMode
 .text.digitalWrite
                0x00001eb2       0x5e C:\AVR\MyProjects\MyRobot_000\MyRobot_000\ArduinoCore\Debug\libArduinoCore.a(wiring_digital.o)
                0x00001eb2                digitalWrite
 .text._Z3maplllll
                0x00001f10       0x82 C:\AVR\MyProjects\MyRobot_000\MyRobot_000\ArduinoCore\Debug\libArduinoCore.a(WMath.o)
                0x00001f10                _Z3maplllll
 .text._ZN6StringD2Ev
                0x00001f92        0xa C:\AVR\MyProjects\MyRobot_000\MyRobot_000\ArduinoCore\Debug\libArduinoCore.a(WString.o)
                0x00001f92                _ZN6StringD2Ev
                0x00001f92                _ZN6StringD1Ev
 .text._ZN6String10invalidateEv
                0x00001f9c       0x24 C:\AVR\MyProjects\MyRobot_000\MyRobot_000\ArduinoCore\Debug\libArduinoCore.a(WString.o)
                0x00001f9c                _ZN6String10invalidateEv
 .text._ZN6String12changeBufferEj
                0x00001fc0       0x34 C:\AVR\MyProjects\MyRobot_000\MyRobot_000\ArduinoCore\Debug\libArduinoCore.a(WString.o)
                0x00001fc0                _ZN6String12changeBufferEj
 .text._ZN6String7reserveEj
                0x00001ff4       0x38 C:\AVR\MyProjects\MyRobot_000\MyRobot_000\ArduinoCore\Debug\libArduinoCore.a(WString.o)
                0x00001ff4                _ZN6String7reserveEj
 .text._ZN6String4copyEPKcj
                0x0000202c       0x42 C:\AVR\MyProjects\MyRobot_000\MyRobot_000\ArduinoCore\Debug\libArduinoCore.a(WString.o)
                0x0000202c                _ZN6String4copyEPKcj
 .text._ZN6String4copyEPK19__FlashStringHelperj
                0x0000206e       0x42 C:\AVR\MyProjects\MyRobot_000\MyRobot_000\ArduinoCore\Debug\libArduinoCore.a(WString.o)
                0x0000206e                _ZN6String4copyEPK19__FlashStringHelperj
 .text._ZN6StringaSERKS_
                0x000020b0       0x2e C:\AVR\MyProjects\MyRobot_000\MyRobot_000\ArduinoCore\Debug\libArduinoCore.a(WString.o)
                0x000020b0                _ZN6StringaSERKS_
 .text._ZN6StringC2ERKS_
                0x000020de       0x12 C:\AVR\MyProjects\MyRobot_000\MyRobot_000\ArduinoCore\Debug\libArduinoCore.a(WString.o)
                0x000020de                _ZN6StringC2ERKS_
                0x000020de                _ZN6StringC1ERKS_
 .text._ZN6StringaSEPKc
                0x000020f0       0x2e C:\AVR\MyProjects\MyRobot_000\MyRobot_000\ArduinoCore\Debug\libArduinoCore.a(WString.o)
                0x000020f0                _ZN6StringaSEPKc
 .text._ZN6StringC2Ehh
                0x0000211e       0x5a C:\AVR\MyProjects\MyRobot_000\MyRobot_000\ArduinoCore\Debug\libArduinoCore.a(WString.o)
                0x0000211e                _ZN6StringC2Ehh
                0x0000211e                _ZN6StringC1Ehh
 .text._ZN6StringC2Eih
                0x00002178       0x58 C:\AVR\MyProjects\MyRobot_000\MyRobot_000\ArduinoCore\Debug\libArduinoCore.a(WString.o)
                0x00002178                _ZN6StringC2Eih
                0x00002178                _ZN6StringC1Eih
 .text._ZN6StringC2Emh
                0x000021d0       0x5a C:\AVR\MyProjects\MyRobot_000\MyRobot_000\ArduinoCore\Debug\libArduinoCore.a(WString.o)
                0x000021d0                _ZN6StringC1Emh
                0x000021d0                _ZN6StringC2Emh
 .text._ZN6StringaSEPK19__FlashStringHelper
                0x0000222a       0x34 C:\AVR\MyProjects\MyRobot_000\MyRobot_000\ArduinoCore\Debug\libArduinoCore.a(WString.o)
                0x0000222a                _ZN6StringaSEPK19__FlashStringHelper
 .text._ZN6StringC2EPK19__FlashStringHelper
                0x0000225e       0x12 C:\AVR\MyProjects\MyRobot_000\MyRobot_000\ArduinoCore\Debug\libArduinoCore.a(WString.o)
                0x0000225e                _ZN6StringC1EPK19__FlashStringHelper
                0x0000225e                _ZN6StringC2EPK19__FlashStringHelper
 .text._ZN6String6concatEPKcj
                0x00002270       0x5c C:\AVR\MyProjects\MyRobot_000\MyRobot_000\ArduinoCore\Debug\libArduinoCore.a(WString.o)
                0x00002270                _ZN6String6concatEPKcj
 .text._ZN6String6concatERKS_
                0x000022cc        0xe C:\AVR\MyProjects\MyRobot_000\MyRobot_000\ArduinoCore\Debug\libArduinoCore.a(WString.o)
                0x000022cc                _ZN6String6concatERKS_
 .text._ZN6String6concatEPK19__FlashStringHelper
                0x000022da       0x60 C:\AVR\MyProjects\MyRobot_000\MyRobot_000\ArduinoCore\Debug\libArduinoCore.a(WString.o)
                0x000022da                _ZN6String6concatEPK19__FlashStringHelper
 .text._ZplRK15StringSumHelperRK6String
                0x0000233a       0x26 C:\AVR\MyProjects\MyRobot_000\MyRobot_000\ArduinoCore\Debug\libArduinoCore.a(WString.o)
                0x0000233a                _ZplRK15StringSumHelperRK6String
 .text._ZplRK15StringSumHelperPK19__FlashStringHelper
                0x00002360       0x1c C:\AVR\MyProjects\MyRobot_000\MyRobot_000\ArduinoCore\Debug\libArduinoCore.a(WString.o)
                0x00002360                _ZplRK15StringSumHelperPK19__FlashStringHelper
 .text.__empty  0x0000237c        0x2 C:\AVR\MyProjects\MyRobot_000\MyRobot_000\ArduinoCore\Debug\libArduinoCore.a(hooks.o)
                0x0000237c                yield
 .text.libgcc.mul
                0x0000237e       0x20 c:/program files (x86)/atmel/studio/7.0/toolchain/avr8/avr8-gnu-toolchain/bin/../lib/gcc/avr/5.4.0/avr5\libgcc.a(_mulsi3.o)
                0x0000237e                __mulsi3
 .text.libgcc.div
                0x0000239e       0x18 c:/program files (x86)/atmel/studio/7.0/toolchain/avr8/avr8-gnu-toolchain/bin/../lib/gcc/avr/5.4.0/avr5\libgcc.a(_udivmodqi4.o)
                0x0000239e                __udivmodqi4
 .text.libgcc.div
                0x000023b6       0x28 c:/program files (x86)/atmel/studio/7.0/toolchain/avr8/avr8-gnu-toolchain/bin/../lib/gcc/avr/5.4.0/avr5\libgcc.a(_udivmodhi4.o)
                0x000023b6                __udivmodhi4
 .text.libgcc.div
                0x000023de       0x28 c:/program files (x86)/atmel/studio/7.0/toolchain/avr8/avr8-gnu-toolchain/bin/../lib/gcc/avr/5.4.0/avr5\libgcc.a(_divmodhi4.o)
                0x000023de                _div
                0x000023de                __divmodhi4
 .text.libgcc.div
                0x00002406       0x44 c:/program files (x86)/atmel/studio/7.0/toolchain/avr8/avr8-gnu-toolchain/bin/../lib/gcc/avr/5.4.0/avr5\libgcc.a(_udivmodsi4.o)
                0x00002406                __udivmodsi4
 .text.libgcc.div
                0x0000244a       0x2e c:/program files (x86)/atmel/studio/7.0/toolchain/avr8/avr8-gnu-toolchain/bin/../lib/gcc/avr/5.4.0/avr5\libgcc.a(_divmodsi4.o)
                0x0000244a                __divmodsi4
 .text.libgcc.div
                0x00002478       0x10 c:/program files (x86)/atmel/studio/7.0/toolchain/avr8/avr8-gnu-toolchain/bin/../lib/gcc/avr/5.4.0/avr5\libgcc.a(_negsi2.o)
                0x00002478                __negsi2
 .text.libgcc.mul
                0x00002488       0x16 c:/program files (x86)/atmel/studio/7.0/toolchain/avr8/avr8-gnu-toolchain/bin/../lib/gcc/avr/5.4.0/avr5\libgcc.a(_muluhisi3.o)
                0x00002488                __muluhisi3
 .text.libgcc   0x0000249e        0xc c:/program files (x86)/atmel/studio/7.0/toolchain/avr8/avr8-gnu-toolchain/bin/../lib/gcc/avr/5.4.0/avr5\libgcc.a(_tablejump2.o)
                0x0000249e                __tablejump2__
 .text.libgcc.mul
                0x000024aa       0x1e c:/program files (x86)/atmel/studio/7.0/toolchain/avr8/avr8-gnu-toolchain/bin/../lib/gcc/avr/5.4.0/avr5\libgcc.a(_umulhisi3.o)
                0x000024aa                __umulhisi3
 .text.avr-libc
                0x000024c8      0x242 c:/program files (x86)/atmel/studio/7.0/toolchain/avr8/avr8-gnu-toolchain/bin/../lib/gcc/avr/5.4.0/../../../../avr/lib/avr5\libc.a(malloc.o)
                0x000024c8                malloc
                0x000025f8                free
 .text.avr-libc
                0x0000270a      0x18c c:/program files (x86)/atmel/studio/7.0/toolchain/avr8/avr8-gnu-toolchain/bin/../lib/gcc/avr/5.4.0/../../../../avr/lib/avr5\libc.a(realloc.o)
                0x0000270a                realloc
 .text.avr-libc
                0x00002896        0xe c:/program files (x86)/atmel/studio/7.0/toolchain/avr8/avr8-gnu-toolchain/bin/../lib/gcc/avr/5.4.0/../../../../avr/lib/avr5\libc.a(strcpy_P.o)
                0x00002896                strcpy_P
 .text.avr-libc
                0x000028a4       0x12 c:/program files (x86)/atmel/studio/7.0/toolchain/avr8/avr8-gnu-toolchain/bin/../lib/gcc/avr/5.4.0/../../../../avr/lib/avr5\libc.a(strlen_P.o)
                0x000028a4                __strlen_P
 .text.avr-libc
                0x000028b6       0x12 c:/program files (x86)/atmel/studio/7.0/toolchain/avr8/avr8-gnu-toolchain/bin/../lib/gcc/avr/5.4.0/../../../../avr/lib/avr5\libc.a(memcpy.o)
                0x000028b6                memcpy
 .text.avr-libc
                0x000028c8        0xe c:/program files (x86)/atmel/studio/7.0/toolchain/avr8/avr8-gnu-toolchain/bin/../lib/gcc/avr/5.4.0/../../../../avr/lib/avr5\libc.a(strcpy.o)
                0x000028c8                strcpy
 .text.avr-libc
                0x000028d6       0x16 c:/program files (x86)/atmel/studio/7.0/toolchain/avr8/avr8-gnu-toolchain/bin/../lib/gcc/avr/5.4.0/../../../../avr/lib/avr5\libc.a(itoa.o)
                0x000028d6                __itoa
                0x000028d6                itoa
 .text.avr-libc
                0x000028ec       0x16 c:/program files (x86)/atmel/studio/7.0/toolchain/avr8/avr8-gnu-toolchain/bin/../lib/gcc/avr/5.4.0/../../../../avr/lib/avr5\libc.a(itoa_ncheck.o)
                0x000028ec                __itoa_ncheck
 .text.avr-libc
                0x00002902       0x16 c:/program files (x86)/atmel/studio/7.0/toolchain/avr8/avr8-gnu-toolchain/bin/../lib/gcc/avr/5.4.0/../../../../avr/lib/avr5\libc.a(ultoa.o)
                0x00002902                ultoa
                0x00002902                __ultoa
 .text.avr-libc
                0x00002918       0x44 c:/program files (x86)/atmel/studio/7.0/toolchain/avr8/avr8-gnu-toolchain/bin/../lib/gcc/avr/5.4.0/../../../../avr/lib/avr5\libc.a(ultoa_ncheck.o)
                0x00002918                __ultoa_ncheck
                0x0000291a                __ultoa_common
 .text.avr-libc
                0x0000295c       0x16 c:/program files (x86)/atmel/studio/7.0/toolchain/avr8/avr8-gnu-toolchain/bin/../lib/gcc/avr/5.4.0/../../../../avr/lib/avr5\libc.a(utoa.o)
                0x0000295c                __utoa
                0x0000295c                utoa
 .text.avr-libc
                0x00002972       0x34 c:/program files (x86)/atmel/studio/7.0/toolchain/avr8/avr8-gnu-toolchain/bin/../lib/gcc/avr/5.4.0/../../../../avr/lib/avr5\libc.a(utoa_ncheck.o)
                0x00002972                __utoa_ncheck
                0x00002974                __utoa_common
 .text.avr-libc
                0x000029a6       0x20 c:/program files (x86)/atmel/studio/7.0/toolchain/avr8/avr8-gnu-toolchain/bin/../lib/gcc/avr/5.4.0/../../../../avr/lib/avr5\libc.a(strrev.o)
                0x000029a6                strrev
 .text.libgcc.prologue
                0x000029c6       0x38 c:/program files (x86)/atmel/studio/7.0/toolchain/avr8/avr8-gnu-toolchain/bin/../lib/gcc/avr/5.4.0/avr5\libgcc.a(_prologue.o)
                0x000029c6                __prologue_saves__
 .text.libgcc.prologue
                0x000029fe       0x36 c:/program files (x86)/atmel/studio/7.0/toolchain/avr8/avr8-gnu-toolchain/bin/../lib/gcc/avr/5.4.0/avr5\libgcc.a(_epilogue.o)
                0x000029fe                __epilogue_restores__
                0x00002a34                . = ALIGN (0x2)
 *(.fini9)
 .fini9         0x00002a34        0x0 c:/program files (x86)/atmel/studio/7.0/toolchain/avr8/avr8-gnu-toolchain/bin/../lib/gcc/avr/5.4.0/avr5\libgcc.a(_exit.o)
                0x00002a34                _exit
                0x00002a34                exit
 *(.fini9)
 *(.fini8)
 *(.fini8)
 *(.fini7)
 *(.fini7)
 *(.fini6)
 *(.fini6)
 *(.fini5)
 *(.fini5)
 *(.fini4)
 *(.fini4)
 *(.fini3)
 *(.fini3)
 *(.fini2)
 *(.fini2)
 *(.fini1)
 *(.fini1)
 *(.fini0)
 .fini0         0x00002a34        0x4 c:/program files (x86)/atmel/studio/7.0/toolchain/avr8/avr8-gnu-toolchain/bin/../lib/gcc/avr/5.4.0/avr5\libgcc.a(_exit.o)
 *(.fini0)
                0x00002a38                _etext = .

.data           0x00800100       0x2c load address 0x00002a38
                0x00800100                PROVIDE (__data_start, .)
 *(.data)
 .data          0x00800100        0x6 c:/program files (x86)/atmel/studio/7.0/toolchain/avr8/avr8-gnu-toolchain/bin/../lib/gcc/avr/5.4.0/../../../../avr/lib/avr5\libc.a(malloc.o)
                0x00800100                __malloc_heap_end
                0x00800102                __malloc_heap_start
                0x00800104                __malloc_margin
 *(.data*)
 .data.isRCEnabled
                0x00800106        0x1 Main.o
                0x00800106                isRCEnabled
 .data.servo_h_positions
                0x00800107        0x4 ServoTask.o
                0x00800107                servo_h_positions
 *(.rodata)
 *(.rodata*)
 .rodata._ZTV14HardwareSerial
                0x0080010b       0x10 C:\AVR\MyProjects\MyRobot_000\MyRobot_000\ArduinoCore\Debug\libArduinoCore.a(HardwareSerial.o)
                0x0080010b                _ZTV14HardwareSerial
 .rodata.str1.1
                0x0080011b       0x11 C:\AVR\MyProjects\MyRobot_000\MyRobot_000\ArduinoCore\Debug\libArduinoCore.a(Print.o)
 *(.gnu.linkonce.d*)
                0x0080012c                . = ALIGN (0x2)
                0x0080012c                _edata = .
                0x0080012c                PROVIDE (__data_end, .)

.bss            0x0080012c      0x110
                0x0080012c                PROVIDE (__bss_start, .)
 *(.bss)
 *(.bss*)
 .bss.barrierdetect_Timer
                0x0080012c        0x4 Main.o
                0x0080012c                barrierdetect_Timer
 .bss.sonar_distance
                0x00800130        0x2 Main.o
                0x00800130                sonar_distance
 .bss.sonar_pingTimer
                0x00800132        0x4 Main.o
                0x00800132                sonar_pingTimer
 .bss.sonar     0x00800136       0x12 Main.o
                0x00800136                sonar
 .bss.lastCmd   0x00800148        0x1 Main.o
                0x00800148                lastCmd
 .bss.motors_max_speed
                0x00800149        0x1 Motors.o
                0x00800149                motors_max_speed
 .bss.motor_left
                0x0080014a        0x7 Motors.o
                0x0080014a                motor_left
 .bss.motor_right
                0x00800151        0x7 Motors.o
                0x00800151                motor_right
 .bss.intFunc   0x00800158        0x2 NewPing.o
                0x00800158                intFunc
 .bss.ServoPhase
                0x0080015a        0x1 ServoTask.o
                0x0080015a                ServoPhase
 .bss.servo_isWaiting
                0x0080015b        0x1 ServoTask.o
                0x0080015b                servo_isWaiting
 .bss.servo_doRotate
                0x0080015c        0x1 ServoTask.o
                0x0080015c                servo_doRotate
 .bss.servo_h_rotationTimer
                0x0080015d        0x4 ServoTask.o
                0x0080015d                servo_h_rotationTimer
 .bss.servo_h_position
                0x00800161        0x1 ServoTask.o
                0x00800161                servo_h_position
 .bss.servo_h_distances
                0x00800162        0x4 ServoTask.o
                0x00800162                servo_h_distances
 .bss.servo_v   0x00800166        0x3 ServoTask.o
                0x00800166                servo_v
 .bss.servo_h   0x00800169        0x3 ServoTask.o
                0x00800169                servo_h
 .bss.ServoCount
                0x0080016c        0x1 src/libraries/Servo/src/avr/Servo.o
                0x0080016c                ServoCount
 .bss._ZL7Channel
                0x0080016d        0x1 src/libraries/Servo/src/avr/Servo.o
 .bss._ZL6servos
                0x0080016e       0x24 src/libraries/Servo/src/avr/Servo.o
 .bss.Serial    0x00800192       0x9d C:\AVR\MyProjects\MyRobot_000\MyRobot_000\ArduinoCore\Debug\libArduinoCore.a(HardwareSerial0.o)
                0x00800192                Serial
 .bss.timer0_fract
                0x0080022f        0x1 C:\AVR\MyProjects\MyRobot_000\MyRobot_000\ArduinoCore\Debug\libArduinoCore.a(wiring.o)
 .bss.timer0_millis
                0x00800230        0x4 C:\AVR\MyProjects\MyRobot_000\MyRobot_000\ArduinoCore\Debug\libArduinoCore.a(wiring.o)
                0x00800230                timer0_millis
 .bss.timer0_overflow_count
                0x00800234        0x4 C:\AVR\MyProjects\MyRobot_000\MyRobot_000\ArduinoCore\Debug\libArduinoCore.a(wiring.o)
                0x00800234                timer0_overflow_count
 *(COMMON)
 COMMON         0x00800238        0x4 c:/program files (x86)/atmel/studio/7.0/toolchain/avr8/avr8-gnu-toolchain/bin/../lib/gcc/avr/5.4.0/../../../../avr/lib/avr5\libc.a(malloc.o)
                0x00800238                __brkval
                0x0080023a                __flp
                0x0080023c                PROVIDE (__bss_end, .)
                0x00002a38                __data_load_start = LOADADDR (.data)
                0x00002a64                __data_load_end = (__data_load_start + SIZEOF (.data))

.noinit         0x0080023c        0x0
                [!provide]                PROVIDE (__noinit_start, .)
 *(.noinit*)
                [!provide]                PROVIDE (__noinit_end, .)
                0x0080023c                _end = .
                0x0080023c                PROVIDE (__heap_start, .)

.eeprom         0x00810000        0x0
 *(.eeprom*)
                0x00810000                __eeprom_end = .

.fuse
 *(.fuse)
 *(.lfuse)
 *(.hfuse)
 *(.efuse)

.lock
 *(.lock*)

.signature
 *(.signature*)

.user_signatures
 *(.user_signatures*)

.stab
 *(.stab)

.stabstr
 *(.stabstr)

.stab.excl
 *(.stab.excl)

.stab.exclstr
 *(.stab.exclstr)

.stab.index
 *(.stab.index)

.stab.indexstr
 *(.stab.indexstr)

.comment        0x00000000       0x30
 *(.comment)
 .comment       0x00000000       0x30 Main.o
                                 0x31 (size before relaxing)
 .comment       0x00000030       0x31 Motor.o
 .comment       0x00000030       0x31 Motors.o
 .comment       0x00000030       0x31 NewPing.o
 .comment       0x00000030       0x31 ServoTask.o
 .comment       0x00000030       0x31 src/libraries/Servo/src/avr/Servo.o
 .comment       0x00000030       0x31 C:\AVR\MyProjects\MyRobot_000\MyRobot_000\ArduinoCore\Debug\libArduinoCore.a(HardwareSerial.o)
 .comment       0x00000030       0x31 C:\AVR\MyProjects\MyRobot_000\MyRobot_000\ArduinoCore\Debug\libArduinoCore.a(HardwareSerial0.o)
 .comment       0x00000030       0x31 C:\AVR\MyProjects\MyRobot_000\MyRobot_000\ArduinoCore\Debug\libArduinoCore.a(main.o)
 .comment       0x00000030       0x31 C:\AVR\MyProjects\MyRobot_000\MyRobot_000\ArduinoCore\Debug\libArduinoCore.a(Print.o)
 .comment       0x00000030       0x31 C:\AVR\MyProjects\MyRobot_000\MyRobot_000\ArduinoCore\Debug\libArduinoCore.a(wiring.o)
 .comment       0x00000030       0x31 C:\AVR\MyProjects\MyRobot_000\MyRobot_000\ArduinoCore\Debug\libArduinoCore.a(wiring_analog.o)
 .comment       0x00000030       0x31 C:\AVR\MyProjects\MyRobot_000\MyRobot_000\ArduinoCore\Debug\libArduinoCore.a(wiring_digital.o)
 .comment       0x00000030       0x31 C:\AVR\MyProjects\MyRobot_000\MyRobot_000\ArduinoCore\Debug\libArduinoCore.a(WMath.o)
 .comment       0x00000030       0x31 C:\AVR\MyProjects\MyRobot_000\MyRobot_000\ArduinoCore\Debug\libArduinoCore.a(WString.o)
 .comment       0x00000030       0x31 C:\AVR\MyProjects\MyRobot_000\MyRobot_000\ArduinoCore\Debug\libArduinoCore.a(hooks.o)
 .comment       0x00000030       0x31 c:/program files (x86)/atmel/studio/7.0/toolchain/avr8/avr8-gnu-toolchain/bin/../lib/gcc/avr/5.4.0/../../../../avr/lib/avr5\libc.a(malloc.o)
 .comment       0x00000030       0x31 c:/program files (x86)/atmel/studio/7.0/toolchain/avr8/avr8-gnu-toolchain/bin/../lib/gcc/avr/5.4.0/../../../../avr/lib/avr5\libc.a(realloc.o)

.note.gnu.avr.deviceinfo
                0x00000000       0x40
 .note.gnu.avr.deviceinfo
                0x00000000       0x40 C:/Program Files (x86)/Atmel/Studio/7.0/Packs/atmel/ATmega_DFP/1.1.130/gcc/dev/atmega328p/avr5/crtatmega328p.o

.note.gnu.build-id
 *(.note.gnu.build-id)

.debug
 *(.debug)

.line
 *(.line)

.debug_srcinfo
 *(.debug_srcinfo)

.debug_sfnames
 *(.debug_sfnames)

.debug_aranges  0x00000000      0x850
 *(.debug_aranges)
 .debug_aranges
                0x00000000       0x58 Main.o
 .debug_aranges
                0x00000058       0x78 Motor.o
 .debug_aranges
                0x000000d0       0xb0 Motors.o
 .debug_aranges
                0x00000180       0xa0 NewPing.o
 .debug_aranges
                0x00000220       0x38 ServoTask.o
 .debug_aranges
                0x00000258       0x68 src/libraries/Servo/src/avr/Servo.o
 .debug_aranges
                0x000002c0       0x68 C:\AVR\MyProjects\MyRobot_000\MyRobot_000\ArduinoCore\Debug\libArduinoCore.a(HardwareSerial.o)
 .debug_aranges
                0x00000328       0x38 C:\AVR\MyProjects\MyRobot_000\MyRobot_000\ArduinoCore\Debug\libArduinoCore.a(HardwareSerial0.o)
 .debug_aranges
                0x00000360       0x30 C:\AVR\MyProjects\MyRobot_000\MyRobot_000\ArduinoCore\Debug\libArduinoCore.a(main.o)
 .debug_aranges
                0x00000390       0xf0 C:\AVR\MyProjects\MyRobot_000\MyRobot_000\ArduinoCore\Debug\libArduinoCore.a(Print.o)
 .debug_aranges
                0x00000480       0x48 C:\AVR\MyProjects\MyRobot_000\MyRobot_000\ArduinoCore\Debug\libArduinoCore.a(wiring.o)
 .debug_aranges
                0x000004c8       0x30 C:\AVR\MyProjects\MyRobot_000\MyRobot_000\ArduinoCore\Debug\libArduinoCore.a(wiring_analog.o)
 .debug_aranges
                0x000004f8       0x38 C:\AVR\MyProjects\MyRobot_000\MyRobot_000\ArduinoCore\Debug\libArduinoCore.a(wiring_digital.o)
 .debug_aranges
                0x00000530       0x48 C:\AVR\MyProjects\MyRobot_000\MyRobot_000\ArduinoCore\Debug\libArduinoCore.a(WMath.o)
 .debug_aranges
                0x00000578      0x2b8 C:\AVR\MyProjects\MyRobot_000\MyRobot_000\ArduinoCore\Debug\libArduinoCore.a(WString.o)
 .debug_aranges
                0x00000830       0x20 C:\AVR\MyProjects\MyRobot_000\MyRobot_000\ArduinoCore\Debug\libArduinoCore.a(hooks.o)

.debug_pubnames
 *(.debug_pubnames)

.debug_info     0x00000000    0x13913
 *(.debug_info .gnu.linkonce.wi.*)
 .debug_info    0x00000000      0x5f4 C:/Program Files (x86)/Atmel/Studio/7.0/Packs/atmel/ATmega_DFP/1.1.130/gcc/dev/atmega328p/avr5/crtatmega328p.o
 .debug_info    0x000005f4     0x2070 Main.o
 .debug_info    0x00002664      0x7ad Motor.o
 .debug_info    0x00002e11     0x27aa Motors.o
 .debug_info    0x000055bb      0xcfa NewPing.o
 .debug_info    0x000062b5     0x18b3 ServoTask.o
 .debug_info    0x00007b68      0x8d6 src/libraries/Servo/src/avr/Servo.o
 .debug_info    0x0000843e     0x1ea5 C:\AVR\MyProjects\MyRobot_000\MyRobot_000\ArduinoCore\Debug\libArduinoCore.a(HardwareSerial.o)
 .debug_info    0x0000a2e3     0x1a99 C:\AVR\MyProjects\MyRobot_000\MyRobot_000\ArduinoCore\Debug\libArduinoCore.a(HardwareSerial0.o)
 .debug_info    0x0000bd7c      0x237 C:\AVR\MyProjects\MyRobot_000\MyRobot_000\ArduinoCore\Debug\libArduinoCore.a(main.o)
 .debug_info    0x0000bfb3     0x2884 C:\AVR\MyProjects\MyRobot_000\MyRobot_000\ArduinoCore\Debug\libArduinoCore.a(Print.o)
 .debug_info    0x0000e837      0x2cb C:\AVR\MyProjects\MyRobot_000\MyRobot_000\ArduinoCore\Debug\libArduinoCore.a(wiring.o)
 .debug_info    0x0000eb02      0x26d C:\AVR\MyProjects\MyRobot_000\MyRobot_000\ArduinoCore\Debug\libArduinoCore.a(wiring_analog.o)
 .debug_info    0x0000ed6f      0x5fe C:\AVR\MyProjects\MyRobot_000\MyRobot_000\ArduinoCore\Debug\libArduinoCore.a(wiring_digital.o)
 .debug_info    0x0000f36d      0x230 C:\AVR\MyProjects\MyRobot_000\MyRobot_000\ArduinoCore\Debug\libArduinoCore.a(WMath.o)
 .debug_info    0x0000f59d     0x4338 C:\AVR\MyProjects\MyRobot_000\MyRobot_000\ArduinoCore\Debug\libArduinoCore.a(WString.o)
 .debug_info    0x000138d5       0x3e C:\AVR\MyProjects\MyRobot_000\MyRobot_000\ArduinoCore\Debug\libArduinoCore.a(hooks.o)

.debug_abbrev   0x00000000     0x3312
 *(.debug_abbrev)
 .debug_abbrev  0x00000000      0x5a2 C:/Program Files (x86)/Atmel/Studio/7.0/Packs/atmel/ATmega_DFP/1.1.130/gcc/dev/atmega328p/avr5/crtatmega328p.o
 .debug_abbrev  0x000005a2      0x49c Main.o
 .debug_abbrev  0x00000a3e      0x23b Motor.o
 .debug_abbrev  0x00000c79      0x433 Motors.o
 .debug_abbrev  0x000010ac      0x3b7 NewPing.o
 .debug_abbrev  0x00001463      0x39c ServoTask.o
 .debug_abbrev  0x000017ff      0x386 src/libraries/Servo/src/avr/Servo.o
 .debug_abbrev  0x00001b85      0x432 C:\AVR\MyProjects\MyRobot_000\MyRobot_000\ArduinoCore\Debug\libArduinoCore.a(HardwareSerial.o)
 .debug_abbrev  0x00001fb7      0x3a2 C:\AVR\MyProjects\MyRobot_000\MyRobot_000\ArduinoCore\Debug\libArduinoCore.a(HardwareSerial0.o)
 .debug_abbrev  0x00002359      0x12d C:\AVR\MyProjects\MyRobot_000\MyRobot_000\ArduinoCore\Debug\libArduinoCore.a(main.o)
 .debug_abbrev  0x00002486      0x469 C:\AVR\MyProjects\MyRobot_000\MyRobot_000\ArduinoCore\Debug\libArduinoCore.a(Print.o)
 .debug_abbrev  0x000028ef      0x146 C:\AVR\MyProjects\MyRobot_000\MyRobot_000\ArduinoCore\Debug\libArduinoCore.a(wiring.o)
 .debug_abbrev  0x00002a35      0x16b C:\AVR\MyProjects\MyRobot_000\MyRobot_000\ArduinoCore\Debug\libArduinoCore.a(wiring_analog.o)
 .debug_abbrev  0x00002ba0      0x15b C:\AVR\MyProjects\MyRobot_000\MyRobot_000\ArduinoCore\Debug\libArduinoCore.a(wiring_digital.o)
 .debug_abbrev  0x00002cfb      0x12b C:\AVR\MyProjects\MyRobot_000\MyRobot_000\ArduinoCore\Debug\libArduinoCore.a(WMath.o)
 .debug_abbrev  0x00002e26      0x4c2 C:\AVR\MyProjects\MyRobot_000\MyRobot_000\ArduinoCore\Debug\libArduinoCore.a(WString.o)
 .debug_abbrev  0x000032e8       0x2a C:\AVR\MyProjects\MyRobot_000\MyRobot_000\ArduinoCore\Debug\libArduinoCore.a(hooks.o)

.debug_line     0x00000000     0x4405
 *(.debug_line .debug_line.* .debug_line_end)
 .debug_line    0x00000000      0x133 C:/Program Files (x86)/Atmel/Studio/7.0/Packs/atmel/ATmega_DFP/1.1.130/gcc/dev/atmega328p/avr5/crtatmega328p.o
 .debug_line    0x00000133      0x4f1 Main.o
 .debug_line    0x00000624      0x2d4 Motor.o
 .debug_line    0x000008f8      0x5d0 Motors.o
 .debug_line    0x00000ec8      0x48c NewPing.o
 .debug_line    0x00001354      0x32a ServoTask.o
 .debug_line    0x0000167e      0x3a4 src/libraries/Servo/src/avr/Servo.o
 .debug_line    0x00001a22      0x426 C:\AVR\MyProjects\MyRobot_000\MyRobot_000\ArduinoCore\Debug\libArduinoCore.a(HardwareSerial.o)
 .debug_line    0x00001e48      0x257 C:\AVR\MyProjects\MyRobot_000\MyRobot_000\ArduinoCore\Debug\libArduinoCore.a(HardwareSerial0.o)
 .debug_line    0x0000209f      0x165 C:\AVR\MyProjects\MyRobot_000\MyRobot_000\ArduinoCore\Debug\libArduinoCore.a(main.o)
 .debug_line    0x00002204      0x62e C:\AVR\MyProjects\MyRobot_000\MyRobot_000\ArduinoCore\Debug\libArduinoCore.a(Print.o)
 .debug_line    0x00002832      0x299 C:\AVR\MyProjects\MyRobot_000\MyRobot_000\ArduinoCore\Debug\libArduinoCore.a(wiring.o)
 .debug_line    0x00002acb      0x20f C:\AVR\MyProjects\MyRobot_000\MyRobot_000\ArduinoCore\Debug\libArduinoCore.a(wiring_analog.o)
 .debug_line    0x00002cda      0x252 C:\AVR\MyProjects\MyRobot_000\MyRobot_000\ArduinoCore\Debug\libArduinoCore.a(wiring_digital.o)
 .debug_line    0x00002f2c      0x143 C:\AVR\MyProjects\MyRobot_000\MyRobot_000\ArduinoCore\Debug\libArduinoCore.a(WMath.o)
 .debug_line    0x0000306f     0x1355 C:\AVR\MyProjects\MyRobot_000\MyRobot_000\ArduinoCore\Debug\libArduinoCore.a(WString.o)
 .debug_line    0x000043c4       0x41 C:\AVR\MyProjects\MyRobot_000\MyRobot_000\ArduinoCore\Debug\libArduinoCore.a(hooks.o)

.debug_frame    0x00000000     0x1af8
 *(.debug_frame)
 .debug_frame   0x00000000       0xec Main.o
 .debug_frame   0x000000ec       0xf0 Motor.o
 .debug_frame   0x000001dc      0x1fc Motors.o
 .debug_frame   0x000003d8      0x244 NewPing.o
 .debug_frame   0x0000061c       0x70 ServoTask.o
 .debug_frame   0x0000068c      0x1b0 src/libraries/Servo/src/avr/Servo.o
 .debug_frame   0x0000083c      0x110 C:\AVR\MyProjects\MyRobot_000\MyRobot_000\ArduinoCore\Debug\libArduinoCore.a(HardwareSerial.o)
 .debug_frame   0x0000094c       0xc0 C:\AVR\MyProjects\MyRobot_000\MyRobot_000\ArduinoCore\Debug\libArduinoCore.a(HardwareSerial0.o)
 .debug_frame   0x00000a0c       0x54 C:\AVR\MyProjects\MyRobot_000\MyRobot_000\ArduinoCore\Debug\libArduinoCore.a(main.o)
 .debug_frame   0x00000a60      0x38c C:\AVR\MyProjects\MyRobot_000\MyRobot_000\ArduinoCore\Debug\libArduinoCore.a(Print.o)
 .debug_frame   0x00000dec       0xc4 C:\AVR\MyProjects\MyRobot_000\MyRobot_000\ArduinoCore\Debug\libArduinoCore.a(wiring.o)
 .debug_frame   0x00000eb0       0x54 C:\AVR\MyProjects\MyRobot_000\MyRobot_000\ArduinoCore\Debug\libArduinoCore.a(wiring_analog.o)
 .debug_frame   0x00000f04       0x7c C:\AVR\MyProjects\MyRobot_000\MyRobot_000\ArduinoCore\Debug\libArduinoCore.a(wiring_digital.o)
 .debug_frame   0x00000f80       0xf4 C:\AVR\MyProjects\MyRobot_000\MyRobot_000\ArduinoCore\Debug\libArduinoCore.a(WMath.o)
 .debug_frame   0x00001074      0xa60 C:\AVR\MyProjects\MyRobot_000\MyRobot_000\ArduinoCore\Debug\libArduinoCore.a(WString.o)
 .debug_frame   0x00001ad4       0x24 C:\AVR\MyProjects\MyRobot_000\MyRobot_000\ArduinoCore\Debug\libArduinoCore.a(hooks.o)

.debug_str      0x00000000     0x322f
 *(.debug_str)
 .debug_str     0x00000000      0x208 C:/Program Files (x86)/Atmel/Studio/7.0/Packs/atmel/ATmega_DFP/1.1.130/gcc/dev/atmega328p/avr5/crtatmega328p.o
 .debug_str     0x00000208     0x188e Main.o
                               0x1950 (size before relaxing)
 .debug_str     0x00001a96      0x201 Motor.o
                                0x48b (size before relaxing)
 .debug_str     0x00001c97       0xf7 Motors.o
                               0x1483 (size before relaxing)
 .debug_str     0x00001d8e      0x139 NewPing.o
                                0x699 (size before relaxing)
 .debug_str     0x00001ec7       0x91 ServoTask.o
                               0x114d (size before relaxing)
 .debug_str     0x00001f58      0x11a src/libraries/Servo/src/avr/Servo.o
                                0x4c6 (size before relaxing)
 .debug_str     0x00002072      0x79e C:\AVR\MyProjects\MyRobot_000\MyRobot_000\ArduinoCore\Debug\libArduinoCore.a(HardwareSerial.o)
                               0x15e6 (size before relaxing)
 .debug_str     0x00002810       0x55 C:\AVR\MyProjects\MyRobot_000\MyRobot_000\ArduinoCore\Debug\libArduinoCore.a(HardwareSerial0.o)
                               0x13bf (size before relaxing)
 .debug_str     0x00002865       0x37 C:\AVR\MyProjects\MyRobot_000\MyRobot_000\ArduinoCore\Debug\libArduinoCore.a(main.o)
                                0x29b (size before relaxing)
 .debug_str     0x0000289c      0x35e C:\AVR\MyProjects\MyRobot_000\MyRobot_000\ArduinoCore\Debug\libArduinoCore.a(Print.o)
                               0x11e0 (size before relaxing)
 .debug_str     0x00002bfa      0x13b C:\AVR\MyProjects\MyRobot_000\MyRobot_000\ArduinoCore\Debug\libArduinoCore.a(wiring.o)
                                0x231 (size before relaxing)
 .debug_str     0x00002d35       0x6b C:\AVR\MyProjects\MyRobot_000\MyRobot_000\ArduinoCore\Debug\libArduinoCore.a(wiring_analog.o)
                                0x235 (size before relaxing)
 .debug_str     0x00002da0       0x39 C:\AVR\MyProjects\MyRobot_000\MyRobot_000\ArduinoCore\Debug\libArduinoCore.a(wiring_digital.o)
                                0x296 (size before relaxing)
 .debug_str     0x00002dd9       0xac C:\AVR\MyProjects\MyRobot_000\MyRobot_000\ArduinoCore\Debug\libArduinoCore.a(WMath.o)
                                0x234 (size before relaxing)
 .debug_str     0x00002e85      0x38e C:\AVR\MyProjects\MyRobot_000\MyRobot_000\ArduinoCore\Debug\libArduinoCore.a(WString.o)
                               0x117c (size before relaxing)
 .debug_str     0x00003213       0x1c C:\AVR\MyProjects\MyRobot_000\MyRobot_000\ArduinoCore\Debug\libArduinoCore.a(hooks.o)
                                0x126 (size before relaxing)

.debug_loc      0x00000000     0x9498
 *(.debug_loc)
 .debug_loc     0x00000000      0x21c Main.o
 .debug_loc     0x0000021c      0x4d8 Motor.o
 .debug_loc     0x000006f4      0x7a7 Motors.o
 .debug_loc     0x00000e9b      0xba0 NewPing.o
 .debug_loc     0x00001a3b       0xf2 ServoTask.o
 .debug_loc     0x00001b2d      0x75c src/libraries/Servo/src/avr/Servo.o
 .debug_loc     0x00002289      0x482 C:\AVR\MyProjects\MyRobot_000\MyRobot_000\ArduinoCore\Debug\libArduinoCore.a(HardwareSerial.o)
 .debug_loc     0x0000270b      0x18a C:\AVR\MyProjects\MyRobot_000\MyRobot_000\ArduinoCore\Debug\libArduinoCore.a(HardwareSerial0.o)
 .debug_loc     0x00002895     0x1c79 C:\AVR\MyProjects\MyRobot_000\MyRobot_000\ArduinoCore\Debug\libArduinoCore.a(Print.o)
 .debug_loc     0x0000450e      0x28d C:\AVR\MyProjects\MyRobot_000\MyRobot_000\ArduinoCore\Debug\libArduinoCore.a(wiring.o)
 .debug_loc     0x0000479b       0xfe C:\AVR\MyProjects\MyRobot_000\MyRobot_000\ArduinoCore\Debug\libArduinoCore.a(wiring_analog.o)
 .debug_loc     0x00004899      0x5fc C:\AVR\MyProjects\MyRobot_000\MyRobot_000\ArduinoCore\Debug\libArduinoCore.a(wiring_digital.o)
 .debug_loc     0x00004e95      0x3d6 C:\AVR\MyProjects\MyRobot_000\MyRobot_000\ArduinoCore\Debug\libArduinoCore.a(WMath.o)
 .debug_loc     0x0000526b     0x422d C:\AVR\MyProjects\MyRobot_000\MyRobot_000\ArduinoCore\Debug\libArduinoCore.a(WString.o)

.debug_macinfo
 *(.debug_macinfo)

.debug_weaknames
 *(.debug_weaknames)

.debug_funcnames
 *(.debug_funcnames)

.debug_typenames
 *(.debug_typenames)

.debug_varnames
 *(.debug_varnames)

.debug_pubtypes
 *(.debug_pubtypes)

.debug_ranges   0x00000000      0x818
 *(.debug_ranges)
 .debug_ranges  0x00000000       0x78 Main.o
 .debug_ranges  0x00000078       0x68 Motor.o
 .debug_ranges  0x000000e0       0xa0 Motors.o
 .debug_ranges  0x00000180       0x90 NewPing.o
 .debug_ranges  0x00000210       0x28 ServoTask.o
 .debug_ranges  0x00000238       0x70 src/libraries/Servo/src/avr/Servo.o
 .debug_ranges  0x000002a8       0x58 C:\AVR\MyProjects\MyRobot_000\MyRobot_000\ArduinoCore\Debug\libArduinoCore.a(HardwareSerial.o)
 .debug_ranges  0x00000300       0x28 C:\AVR\MyProjects\MyRobot_000\MyRobot_000\ArduinoCore\Debug\libArduinoCore.a(HardwareSerial0.o)
 .debug_ranges  0x00000328       0x20 C:\AVR\MyProjects\MyRobot_000\MyRobot_000\ArduinoCore\Debug\libArduinoCore.a(main.o)
 .debug_ranges  0x00000348      0x110 C:\AVR\MyProjects\MyRobot_000\MyRobot_000\ArduinoCore\Debug\libArduinoCore.a(Print.o)
 .debug_ranges  0x00000458       0x38 C:\AVR\MyProjects\MyRobot_000\MyRobot_000\ArduinoCore\Debug\libArduinoCore.a(wiring.o)
 .debug_ranges  0x00000490       0x20 C:\AVR\MyProjects\MyRobot_000\MyRobot_000\ArduinoCore\Debug\libArduinoCore.a(wiring_analog.o)
 .debug_ranges  0x000004b0       0x28 C:\AVR\MyProjects\MyRobot_000\MyRobot_000\ArduinoCore\Debug\libArduinoCore.a(wiring_digital.o)
 .debug_ranges  0x000004d8       0x38 C:\AVR\MyProjects\MyRobot_000\MyRobot_000\ArduinoCore\Debug\libArduinoCore.a(WMath.o)
 .debug_ranges  0x00000510      0x2f8 C:\AVR\MyProjects\MyRobot_000\MyRobot_000\ArduinoCore\Debug\libArduinoCore.a(WString.o)
 .debug_ranges  0x00000808       0x10 C:\AVR\MyProjects\MyRobot_000\MyRobot_000\ArduinoCore\Debug\libArduinoCore.a(hooks.o)

.debug_macro
 *(.debug_macro)
OUTPUT(MyRobot_000.elf elf32-avr)
LOAD linker stubs
